Archive member included to satisfy reference by file (symbol)

c:/program files (x86)/gnu tools arm embedded/6.2 2016q4/bin/../lib/gcc/arm-none-eabi/6.2.1/thumb/v7-m\libgcc.a(_arm_addsubdf3.o)
                              ./src/Fitting_method.o (__aeabi_dsub)
c:/program files (x86)/gnu tools arm embedded/6.2 2016q4/bin/../lib/gcc/arm-none-eabi/6.2.1/thumb/v7-m\libgcc.a(_arm_muldivdf3.o)
                              ./src/Fitting_method.o (__aeabi_dmul)
c:/program files (x86)/gnu tools arm embedded/6.2 2016q4/bin/../lib/gcc/arm-none-eabi/6.2.1/thumb/v7-m\libgcc.a(_arm_cmpdf2.o)
                              ./src/Fitting_method.o (__aeabi_dcmpeq)
c:/program files (x86)/gnu tools arm embedded/6.2 2016q4/bin/../lib/gcc/arm-none-eabi/6.2.1/thumb/v7-m\libgcc.a(_arm_fixunsdfsi.o)
                              ./src/WrRe_coe_from_flash.o (__aeabi_d2uiz)
c:/program files (x86)/gnu tools arm embedded/6.2 2016q4/bin/../lib/gcc/arm-none-eabi/6.2.1/../../../../arm-none-eabi/lib/thumb/v7-m\libg_nano.a(lib_a-errno.o)
                              ./system/src/newlib/_sbrk.o (__errno)
c:/program files (x86)/gnu tools arm embedded/6.2 2016q4/bin/../lib/gcc/arm-none-eabi/6.2.1/../../../../arm-none-eabi/lib/thumb/v7-m\libg_nano.a(lib_a-impure.o)
                              c:/program files (x86)/gnu tools arm embedded/6.2 2016q4/bin/../lib/gcc/arm-none-eabi/6.2.1/../../../../arm-none-eabi/lib/thumb/v7-m\libg_nano.a(lib_a-errno.o) (_impure_ptr)
c:/program files (x86)/gnu tools arm embedded/6.2 2016q4/bin/../lib/gcc/arm-none-eabi/6.2.1/../../../../arm-none-eabi/lib/thumb/v7-m\libg_nano.a(lib_a-memcpy-stub.o)
                              ./src/main.o (memcpy)
c:/program files (x86)/gnu tools arm embedded/6.2 2016q4/bin/../lib/gcc/arm-none-eabi/6.2.1/../../../../arm-none-eabi/lib/thumb/v7-m\libg_nano.a(lib_a-memset.o)
                              ./src/WrRe_coe_from_flash.o (memset)
c:/program files (x86)/gnu tools arm embedded/6.2 2016q4/bin/../lib/gcc/arm-none-eabi/6.2.1/../../../../arm-none-eabi/lib/thumb/v7-m\libg_nano.a(lib_a-strlen.o)
                              ./system/src/diag/Trace.o (strlen)
c:/program files (x86)/gnu tools arm embedded/6.2 2016q4/bin/../lib/gcc/arm-none-eabi/6.2.1/../../../../arm-none-eabi/lib/thumb/v7-m\libg_nano.a(lib_a-strncmp.o)
                              ./src/main.o (strncmp)
c:/program files (x86)/gnu tools arm embedded/6.2 2016q4/bin/../lib/gcc/arm-none-eabi/6.2.1/../../../../arm-none-eabi/lib/thumb/v7-m\libg_nano.a(lib_a-vsnprintf.o)
                              ./system/src/diag/Trace.o (vsnprintf)
c:/program files (x86)/gnu tools arm embedded/6.2 2016q4/bin/../lib/gcc/arm-none-eabi/6.2.1/../../../../arm-none-eabi/lib/thumb/v7-m\libg_nano.a(lib_a-nano-svfprintf.o)
                              c:/program files (x86)/gnu tools arm embedded/6.2 2016q4/bin/../lib/gcc/arm-none-eabi/6.2.1/../../../../arm-none-eabi/lib/thumb/v7-m\libg_nano.a(lib_a-vsnprintf.o) (_svfprintf_r)
c:/program files (x86)/gnu tools arm embedded/6.2 2016q4/bin/../lib/gcc/arm-none-eabi/6.2.1/../../../../arm-none-eabi/lib/thumb/v7-m\libg_nano.a(lib_a-nano-vfprintf_i.o)
                              c:/program files (x86)/gnu tools arm embedded/6.2 2016q4/bin/../lib/gcc/arm-none-eabi/6.2.1/../../../../arm-none-eabi/lib/thumb/v7-m\libg_nano.a(lib_a-nano-svfprintf.o) (_printf_i)
c:/program files (x86)/gnu tools arm embedded/6.2 2016q4/bin/../lib/gcc/arm-none-eabi/6.2.1/../../../../arm-none-eabi/lib/thumb/v7-m\libg_nano.a(lib_a-memchr-stub.o)
                              c:/program files (x86)/gnu tools arm embedded/6.2 2016q4/bin/../lib/gcc/arm-none-eabi/6.2.1/../../../../arm-none-eabi/lib/thumb/v7-m\libg_nano.a(lib_a-nano-svfprintf.o) (memchr)
c:/program files (x86)/gnu tools arm embedded/6.2 2016q4/bin/../lib/gcc/arm-none-eabi/6.2.1/../../../../arm-none-eabi/lib/thumb/v7-m\libg_nano.a(lib_a-memmove.o)
                              c:/program files (x86)/gnu tools arm embedded/6.2 2016q4/bin/../lib/gcc/arm-none-eabi/6.2.1/../../../../arm-none-eabi/lib/thumb/v7-m\libg_nano.a(lib_a-nano-svfprintf.o) (memmove)
c:/program files (x86)/gnu tools arm embedded/6.2 2016q4/bin/../lib/gcc/arm-none-eabi/6.2.1/../../../../arm-none-eabi/lib/thumb/v7-m\libg_nano.a(lib_a-nano-freer.o)
                              c:/program files (x86)/gnu tools arm embedded/6.2 2016q4/bin/../lib/gcc/arm-none-eabi/6.2.1/../../../../arm-none-eabi/lib/thumb/v7-m\libg_nano.a(lib_a-nano-svfprintf.o) (_free_r)
c:/program files (x86)/gnu tools arm embedded/6.2 2016q4/bin/../lib/gcc/arm-none-eabi/6.2.1/../../../../arm-none-eabi/lib/thumb/v7-m\libg_nano.a(lib_a-nano-mallocr.o)
                              c:/program files (x86)/gnu tools arm embedded/6.2 2016q4/bin/../lib/gcc/arm-none-eabi/6.2.1/../../../../arm-none-eabi/lib/thumb/v7-m\libg_nano.a(lib_a-nano-svfprintf.o) (_malloc_r)
[...]
Memory Configuration

Name             Origin             Length             Attributes
RAM              0x20000000         0x0000c000         xrw
CCMRAM           0x00000000         0x00000000         xrw
FLASH            0x08000000         0x00040000         xr
FLASHB1          0x00000000         0x00000000         xr
EXTMEMB0         0x00000000         0x00000000         xr
EXTMEMB1         0x00000000         0x00000000         xr
EXTMEMB2         0x00000000         0x00000000         xr
EXTMEMB3         0x00000000         0x00000000         xr
MEMORY_ARRAY     0x00000000         0x00000000         xrw
*default*        0x00000000         0xffffffff

Linker script and memory map

LOAD ./system/src/stm32f1-stdperiph/misc.o
LOAD ./system/src/stm32f1-stdperiph/stm32f10x_flash.o
LOAD ./system/src/stm32f1-stdperiph/stm32f10x_gpio.o
LOAD ./system/src/stm32f1-stdperiph/stm32f10x_i2c.o
LOAD ./system/src/stm32f1-stdperiph/stm32f10x_rcc.o
LOAD ./system/src/stm32f1-stdperiph/stm32f10x_tim.o
LOAD ./system/src/stm32f1-stdperiph/stm32f10x_usart.o
LOAD ./system/src/newlib/_cxx.o
LOAD ./system/src/newlib/_exit.o
LOAD ./system/src/newlib/_sbrk.o
LOAD ./system/src/newlib/_startup.o
LOAD ./system/src/newlib/_syscalls.o
LOAD ./system/src/newlib/assert.o
LOAD ./system/src/diag/Trace.o
LOAD ./system/src/diag/trace_impl.o
LOAD ./system/src/cortexm/_initialize_hardware.o
LOAD ./system/src/cortexm/_reset_hardware.o
LOAD ./system/src/cortexm/exception_handlers.o
LOAD ./system/src/cmsis/system_stm32f10x.o
LOAD ./system/src/cmsis/vectors_stm32f10x.o
LOAD ./src/Data_pool.o
LOAD ./src/Fitting_method.o
LOAD ./src/WrRe_coe_from_flash.o
LOAD ./src/_write.o
LOAD ./src/bsp_iic_2864.o
LOAD ./src/bsp_internal_flash.o
LOAD ./src/bsp_tim.o
LOAD ./src/bsp_usart.o
LOAD ./src/clib.o
LOAD ./src/fonts.o
LOAD ./src/iic_2864_gpio_simulate.o
LOAD ./src/iic_2864_operate.o
LOAD ./src/lcd_show_content.o
LOAD ./src/main.o
LOAD c:/program files (x86)/gnu tools arm embedded/6.2 2016q4/bin/../lib/gcc/arm-none-eabi/6.2.1/../../../../arm-none-eabi/lib/thumb/v7-m\libstdc++_nano.a
LOAD c:/program files (x86)/gnu tools arm embedded/6.2 2016q4/bin/../lib/gcc/arm-none-eabi/6.2.1/../../../../arm-none-eabi/lib/thumb/v7-m\libm.a
START GROUP
LOAD c:/program files (x86)/gnu tools arm embedded/6.2 2016q4/bin/../lib/gcc/arm-none-eabi/6.2.1/thumb/v7-m\libgcc.a
LOAD c:/program files (x86)/gnu tools arm embedded/6.2 2016q4/bin/../lib/gcc/arm-none-eabi/6.2.1/../../../../arm-none-eabi/lib/thumb/v7-m\libg_nano.a
LOAD c:/program files (x86)/gnu tools arm embedded/6.2 2016q4/bin/../lib/gcc/arm-none-eabi/6.2.1/../../../../arm-none-eabi/lib/thumb/v7-m\libc_nano.a
END GROUP
START GROUP
LOAD c:/program files (x86)/gnu tools arm embedded/6.2 2016q4/bin/../lib/gcc/arm-none-eabi/6.2.1/thumb/v7-m\libgcc.a
LOAD c:/program files (x86)/gnu tools arm embedded/6.2 2016q4/bin/../lib/gcc/arm-none-eabi/6.2.1/../../../../arm-none-eabi/lib/thumb/v7-m\libc_nano.a
END GROUP
                0x2000c000                __stack = (ORIGIN (RAM) + LENGTH (RAM))
                0x2000c000                _estack = __stack
                0x00000400                __Main_Stack_Size = 0x400
                [!provide]                PROVIDE (_Main_Stack_Size, __Main_Stack_Size)
                0x2000bc00                __Main_Stack_Limit = (__stack - __Main_Stack_Size)
                [!provide]                PROVIDE (_Main_Stack_Limit, __Main_Stack_Limit)
                0x00000100                _Minimum_Stack_Size = 0x100
                0x20000a24                PROVIDE (_Heap_Begin, _end_noinit)
                0x2000bc00                PROVIDE (_Heap_Limit, (__stack - __Main_Stack_Size))

.isr_vector     0x08000000      0x428
 FILL mask 0xff
                0x08000000                __vectors_start = ABSOLUTE (.)
                0x08000000                __vectors_start__ = ABSOLUTE (.)
 *(.isr_vector)
 .isr_vector    0x08000000      0x1e4 ./system/src/cmsis/vectors_stm32f10x.o
                0x08000000                __isr_vectors
 *(.cfmconfig)
 *(.after_vectors .after_vectors.*)
 .after_vectors
                0x080001e4      0x114 ./system/src/newlib/_startup.o
                0x080001e4                _start
 .after_vectors
                0x080002f8      0x12c ./system/src/cortexm/exception_handlers.o
                0x080002f8                Reset_Handler
                0x080002fe                NMI_Handler
                0x08000302                HardFault_Handler
                0x08000316                HardFault_Handler_C
                0x08000374                MemManage_Handler
                0x08000378                BusFault_Handler
                0x0800038c                BusFault_Handler_C
                0x080003c0                UsageFault_Handler
                0x080003d4                UsageFault_Handler_C
                0x08000408                SVC_Handler
                0x0800040c                DebugMon_Handler
                0x08000410                PendSV_Handler
                0x08000414                SysTick_Handler
 .after_vectors
                0x08000424        0x4 ./system/src/cmsis/vectors_stm32f10x.o
                0x08000424                EXTI2_IRQHandler
                0x08000424                TIM8_TRG_COM_IRQHandler
                0x08000424                TIM8_CC_IRQHandler
                0x08000424                TIM1_CC_IRQHandler
                0x08000424                TIM6_IRQHandler
                0x08000424                PVD_IRQHandler
                0x08000424                SDIO_IRQHandler
                0x08000424                CAN2_RX1_IRQHandler
                0x08000424                EXTI3_IRQHandler
                0x08000424                TIM8_TRG_COM_TIM14_IRQHandler
                0x08000424                TIM1_UP_TIM10_IRQHandler
                0x08000424                TIM8_UP_TIM13_IRQHandler
                0x08000424                EXTI0_IRQHandler
                0x08000424                I2C2_EV_IRQHandler
                0x08000424                CAN1_RX0_IRQHandler
                0x08000424                TIM1_UP_TIM16_IRQHandler
                0x08000424                CAN2_SCE_IRQHandler
                0x08000424                ADC1_2_IRQHandler
                0x08000424                SPI1_IRQHandler
                0x08000424                TAMPER_IRQHandler
                0x08000424                TIM6_DAC_IRQHandler
                0x08000424                TIM1_BRK_TIM9_IRQHandler
                0x08000424                CAN2_RX0_IRQHandler
                0x08000424                TIM8_UP_IRQHandler
                0x08000424                DMA2_Channel2_IRQHandler
                0x08000424                DMA1_Channel4_IRQHandler
                0x08000424                RTC_IRQHandler
                0x08000424                DMA1_Channel7_IRQHandler
                0x08000424                CAN1_RX1_IRQHandler
                0x08000424                UART5_IRQHandler
                0x08000424                ADC3_IRQHandler
                0x08000424                TIM4_IRQHandler
                0x08000424                DMA2_Channel1_IRQHandler
                0x08000424                I2C1_EV_IRQHandler
                0x08000424                DMA1_Channel6_IRQHandler
                0x08000424                DMA2_Channel4_IRQHandler
                0x08000424                TIM3_IRQHandler
                0x08000424                RCC_IRQHandler
                0x08000424                TIM8_BRK_TIM12_IRQHandler
                0x08000424                TIM1_TRG_COM_IRQHandler
                0x08000424                DMA1_Channel1_IRQHandler
                0x08000424                Default_Handler
                0x08000424                CEC_IRQHandler
                0x08000424                EXTI15_10_IRQHandler
                0x08000424                TIM14_IRQHandler
                0x08000424                TIM13_IRQHandler
                0x08000424                TIM12_IRQHandler
                0x08000424                TIM7_IRQHandler
                0x08000424                CAN2_TX_IRQHandler
                0x08000424                TIM5_IRQHandler
                0x08000424                EXTI9_5_IRQHandler
                0x08000424                ETH_WKUP_IRQHandler
                0x08000424                SPI2_IRQHandler
                0x08000424                CAN1_TX_IRQHandler
                0x08000424                DMA2_Channel5_IRQHandler
                0x08000424                DMA1_Channel5_IRQHandler
                0x08000424                EXTI4_IRQHandler
                0x08000424                USB_LP_CAN1_RX0_IRQHandler
                0x08000424                TIM1_TRG_COM_TIM17_IRQHandler
                0x08000424                USB_HP_CAN1_TX_IRQHandler
                0x08000424                DMA1_Channel3_IRQHandler
                0x08000424                FSMC_IRQHandler
                0x08000424                ETH_IRQHandler
                0x08000424                TIM1_UP_IRQHandler
                0x08000424                WWDG_IRQHandler
                0x08000424                OTG_FS_WKUP_IRQHandler
                0x08000424                TIM1_TRG_COM_TIM11_IRQHandler
                0x08000424                TIM1_BRK_IRQHandler
                0x08000424                EXTI1_IRQHandler
                0x08000424                RTCAlarm_IRQHandler
                0x08000424                DMA2_Channel4_5_IRQHandler
                0x08000424                I2C2_ER_IRQHandler
                0x08000424                DMA1_Channel2_IRQHandler
                0x08000424                TIM8_BRK_IRQHandler
                0x08000424                CAN1_SCE_IRQHandler
                0x08000424                FLASH_IRQHandler
                0x08000424                OTG_FS_IRQHandler
                0x08000424                SPI3_IRQHandler
                0x08000424                I2C1_ER_IRQHandler
                0x08000424                USBWakeUp_IRQHandler
                0x08000424                DMA2_Channel3_IRQHandler
                0x08000424                TIM1_BRK_TIM15_IRQHandler

.inits          0x08000428       0x28
                0x08000428                __data_regions_array_start = .
                0x08000428        0x4 LONG 0x800bcc0 LOADADDR (.data)
                0x0800042c        0x4 LONG 0x20000000 ADDR (.data)
                0x08000430        0x4 LONG 0x20000108 (ADDR (.data) + SIZEOF (.data))
                0x08000434        0x4 LONG 0x800bcc0 LOADADDR (.data_CCMRAM)
                0x08000438        0x4 LONG 0x0 ADDR (.data_CCMRAM)
                0x0800043c        0x4 LONG 0x0 (ADDR (.data_CCMRAM) + SIZEOF (.data_CCMRAM))
                0x08000440                __data_regions_array_end = .
                0x08000440                __bss_regions_array_start = .
                0x08000440        0x4 LONG 0x20000108 ADDR (.bss)
                0x08000444        0x4 LONG 0x20000a24 (ADDR (.bss) + SIZEOF (.bss))
                0x08000448        0x4 LONG 0x0 ADDR (.bss_CCMRAM)
                0x0800044c        0x4 LONG 0x0 (ADDR (.bss_CCMRAM) + SIZEOF (.bss_CCMRAM))
                0x08000450                __bss_regions_array_end = .
 *(.init)
 *(.fini)
                0x08000450                . = ALIGN (0x4)
                0x08000450                PROVIDE (__preinit_array_start, .)
 *(.preinit_array_sysinit .preinit_array_sysinit.*)
 *(.preinit_array_platform .preinit_array_platform.*)
 *(.preinit_array .preinit_array.*)
                0x08000450                PROVIDE (__preinit_array_end, .)
                0x08000450                . = ALIGN (0x4)
                0x08000450                PROVIDE (__init_array_start, .)
 *(SORT(.init_array.*))
 *(.init_array)
                0x08000450                PROVIDE (__init_array_end, .)
                0x08000450                . = ALIGN (0x4)
                0x08000450                PROVIDE (__fini_array_start, .)
 *(SORT(.fini_array.*))
 *(.fini_array)
                0x08000450                PROVIDE (__fini_array_end, .)

.flashtext
 *(.flashtext .flashtext.*)

.text           0x08000450     0xb86f
 *(.text .text.*)
 .text.NVIC_PriorityGroupConfig
                0x08000450       0x40 ./system/src/stm32f1-stdperiph/misc.o
                0x08000450                NVIC_PriorityGroupConfig
 .text.NVIC_Init
                0x08000490       0x9c ./system/src/stm32f1-stdperiph/misc.o
                0x08000490                NVIC_Init
 .text.FLASH_Unlock
                0x0800052c       0x18 ./system/src/stm32f1-stdperiph/stm32f10x_flash.o
                0x0800052c                FLASH_Unlock
 .text.FLASH_Lock
                0x08000544       0x10 ./system/src/stm32f1-stdperiph/stm32f10x_flash.o
                0x08000544                FLASH_Lock
 .text.FLASH_GetBank1Status
                0x08000554       0x34 ./system/src/stm32f1-stdperiph/stm32f10x_flash.o
                0x08000554                FLASH_GetBank1Status
 .text.FLASH_WaitForLastOperation
                0x08000588       0x1e ./system/src/stm32f1-stdperiph/stm32f10x_flash.o
                0x08000588                FLASH_WaitForLastOperation
 *fill*         0x080005a6        0x2 
 .text.FLASH_ErasePage
                0x080005a8       0x60 ./system/src/stm32f1-stdperiph/stm32f10x_flash.o
                0x080005a8                FLASH_ErasePage
 .text.FLASH_ProgramHalfWord
                0x08000608       0x58 ./system/src/stm32f1-stdperiph/stm32f10x_flash.o
                0x08000608                FLASH_ProgramHalfWord
 .text.GPIO_Init
                0x08000660      0x130 ./system/src/stm32f1-stdperiph/stm32f10x_gpio.o
                0x08000660                GPIO_Init
 .text.GPIO_ReadInputDataBit
                0x08000790       0xb8 ./system/src/stm32f1-stdperiph/stm32f10x_gpio.o
                0x08000790                GPIO_ReadInputDataBit
 .text.GPIO_SetBits
                0x08000848       0x60 ./system/src/stm32f1-stdperiph/stm32f10x_gpio.o
                0x08000848                GPIO_SetBits
 .text.GPIO_ResetBits
                0x080008a8       0x60 ./system/src/stm32f1-stdperiph/stm32f10x_gpio.o
                0x080008a8                GPIO_ResetBits
 .text.RCC_DeInit
                0x08000908       0x40 ./system/src/stm32f1-stdperiph/stm32f10x_rcc.o
                0x08000908                RCC_DeInit
 .text.RCC_HSEConfig
                0x08000948       0x5c ./system/src/stm32f1-stdperiph/stm32f10x_rcc.o
                0x08000948                RCC_HSEConfig
 .text.RCC_PLLConfig
                0x080009a4       0x98 ./system/src/stm32f1-stdperiph/stm32f10x_rcc.o
                0x080009a4                RCC_PLLConfig
 .text.RCC_PLLCmd
                0x08000a3c       0x20 ./system/src/stm32f1-stdperiph/stm32f10x_rcc.o
                0x08000a3c                RCC_PLLCmd
 .text.RCC_SYSCLKConfig
                0x08000a5c       0x2c ./system/src/stm32f1-stdperiph/stm32f10x_rcc.o
                0x08000a5c                RCC_SYSCLKConfig
 .text.RCC_GetSYSCLKSource
                0x08000a88       0x10 ./system/src/stm32f1-stdperiph/stm32f10x_rcc.o
                0x08000a88                RCC_GetSYSCLKSource
 .text.RCC_HCLKConfig
                0x08000a98       0x48 ./system/src/stm32f1-stdperiph/stm32f10x_rcc.o
                0x08000a98                RCC_HCLKConfig
 .text.RCC_PCLK1Config
                0x08000ae0       0x40 ./system/src/stm32f1-stdperiph/stm32f10x_rcc.o
                0x08000ae0                RCC_PCLK1Config
 .text.RCC_PCLK2Config
                0x08000b20       0x40 ./system/src/stm32f1-stdperiph/stm32f10x_rcc.o
                0x08000b20                RCC_PCLK2Config
 .text.RCC_GetClocksFreq
                0x08000b60       0xbc ./system/src/stm32f1-stdperiph/stm32f10x_rcc.o
                0x08000b60                RCC_GetClocksFreq
 .text.RCC_APB2PeriphClockCmd
                0x08000c1c       0x4c ./system/src/stm32f1-stdperiph/stm32f10x_rcc.o
                0x08000c1c                RCC_APB2PeriphClockCmd
 .text.RCC_APB1PeriphClockCmd
                0x08000c68       0x4c ./system/src/stm32f1-stdperiph/stm32f10x_rcc.o
                0x08000c68                RCC_APB1PeriphClockCmd
 .text.RCC_GetFlagStatus
                0x08000cb4       0x74 ./system/src/stm32f1-stdperiph/stm32f10x_rcc.o
                0x08000cb4                RCC_GetFlagStatus
 .text.RCC_WaitForHSEStartUp
                0x08000d28       0x34 ./system/src/stm32f1-stdperiph/stm32f10x_rcc.o
                0x08000d28                RCC_WaitForHSEStartUp
 .text.TIM_TimeBaseInit
                0x08000d5c      0x15c ./system/src/stm32f1-stdperiph/stm32f10x_tim.o
                0x08000d5c                TIM_TimeBaseInit
 .text.TIM_Cmd  0x08000eb8       0xc8 ./system/src/stm32f1-stdperiph/stm32f10x_tim.o
                0x08000eb8                TIM_Cmd
 .text.TIM_ITConfig
                0x08000f80       0xd8 ./system/src/stm32f1-stdperiph/stm32f10x_tim.o
                0x08000f80                TIM_ITConfig
 .text.TIM_ClearFlag
                0x08001058       0xb8 ./system/src/stm32f1-stdperiph/stm32f10x_tim.o
                0x08001058                TIM_ClearFlag
 .text.TIM_GetITStatus
                0x08001110       0xe0 ./system/src/stm32f1-stdperiph/stm32f10x_tim.o
                0x08001110                TIM_GetITStatus
 .text.TIM_ClearITPendingBit
                0x080011f0       0xb8 ./system/src/stm32f1-stdperiph/stm32f10x_tim.o
                0x080011f0                TIM_ClearITPendingBit
 .text.USART_Init
                0x080012a8      0x1b0 ./system/src/stm32f1-stdperiph/stm32f10x_usart.o
                0x080012a8                USART_Init
 .text.USART_Cmd
                0x08001458       0x68 ./system/src/stm32f1-stdperiph/stm32f10x_usart.o
                0x08001458                USART_Cmd
 .text.USART_ITConfig
                0x080014c0       0xf0 ./system/src/stm32f1-stdperiph/stm32f10x_usart.o
                0x080014c0                USART_ITConfig
 .text.USART_SendData
                0x080015b0       0x58 ./system/src/stm32f1-stdperiph/stm32f10x_usart.o
                0x080015b0                USART_SendData
 .text.USART_ReceiveData
                0x08001608       0x44 ./system/src/stm32f1-stdperiph/stm32f10x_usart.o
                0x08001608                USART_ReceiveData
 .text.USART_GetFlagStatus
                0x0800164c       0xac ./system/src/stm32f1-stdperiph/stm32f10x_usart.o
                0x0800164c                USART_GetFlagStatus
 .text.USART_GetITStatus
                0x080016f8      0x100 ./system/src/stm32f1-stdperiph/stm32f10x_usart.o
                0x080016f8                USART_GetITStatus
 .text.USART_ClearITPendingBit
                0x080017f8       0xa4 ./system/src/stm32f1-stdperiph/stm32f10x_usart.o
                0x080017f8                USART_ClearITPendingBit
 .text._exit    0x0800189c        0x2 ./system/src/newlib/_exit.o
                0x0800189c                _exit
 *fill*         0x0800189e        0x2 
 .text.abort    0x080018a0       0x14 ./system/src/newlib/_exit.o
                0x080018a0                abort
 .text._sbrk    0x080018b4       0x44 ./system/src/newlib/_sbrk.o
                0x080018b4                _sbrk
 .text.__initialize_args
                0x080018f8       0x10 ./system/src/newlib/_syscalls.o
                0x080018f8                __initialize_args
 .text.assert_failed
                0x08001908       0x14 ./system/src/newlib/assert.o
                0x08001908                assert_failed
 .text.trace_printf
                0x0800191c       0x30 ./system/src/diag/Trace.o
                0x0800191c                trace_printf
 .text.trace_puts
                0x0800194c       0x20 ./system/src/diag/Trace.o
                0x0800194c                trace_puts
 .text._trace_write_semihosting_debug
                0x0800196c       0x60 ./system/src/diag/trace_impl.o
 .text.trace_write
                0x080019cc        0x8 ./system/src/diag/trace_impl.o
                0x080019cc                trace_write
 .text.__initialize_hardware_early
                0x080019d4       0x18 ./system/src/cortexm/_initialize_hardware.o
                0x080019d4                __initialize_hardware_early
 .text.__initialize_hardware
                0x080019ec        0x8 ./system/src/cortexm/_initialize_hardware.o
                0x080019ec                __initialize_hardware
 .text.dumpExceptionStack
                0x080019f4       0xf4 ./system/src/cortexm/exception_handlers.o
                0x080019f4                dumpExceptionStack
 .text.isSemihosting
                0x08001ae8       0x20 ./system/src/cortexm/exception_handlers.o
                0x08001ae8                isSemihosting
 .text.SetSysClockTo72
                0x08001b08       0xc4 ./system/src/cmsis/system_stm32f10x.o
 .text.SetSysClock
                0x08001bcc        0x8 ./system/src/cmsis/system_stm32f10x.o
 .text.SystemInit
                0x08001bd4       0x50 ./system/src/cmsis/system_stm32f10x.o
                0x08001bd4                SystemInit
 .text.SystemCoreClockUpdate
                0x08001c24       0x94 ./system/src/cmsis/system_stm32f10x.o
                0x08001c24                SystemCoreClockUpdate
 .text.initDataPool
                0x08001cb8       0x2a ./src/Data_pool.o
                0x08001cb8                initDataPool
 .text.updateRing
                0x08001ce2        0xe ./src/Data_pool.o
                0x08001ce2                updateRing
 .text.write_one_data_to_datapool
                0x08001cf0       0x30 ./src/Data_pool.o
                0x08001cf0                write_one_data_to_datapool
 .text.read_one_data_to_datapool
                0x08001d20       0x36 ./src/Data_pool.o
                0x08001d20                read_one_data_to_datapool
 *fill*         0x08001d56        0x2 
 .text.Get_average_x_y
                0x08001d58       0x84 ./src/Fitting_method.o
                0x08001d58                Get_average_x_y
 .text.Get_gather_all
                0x08001ddc       0xd0 ./src/Fitting_method.o
                0x08001ddc                Get_gather_all
 .text.Get_coe_a_b_r
                0x08001eac      0x140 ./src/Fitting_method.o
                0x08001eac                Get_coe_a_b_r
 .text.Get_double_mantissa_len
                0x08001fec       0x6c ./src/WrRe_coe_from_flash.o
                0x08001fec                Get_double_mantissa_len
 .text.make_coe_to_data
                0x08002058      0x63c ./src/WrRe_coe_from_flash.o
                0x08002058                make_coe_to_data
 *fill*         0x08002694        0x4 
 .text.pars_coe_from_data
                0x08002698      0x438 ./src/WrRe_coe_from_flash.o
                0x08002698                pars_coe_from_data
 .text.pars_coe110_from_data
                0x08002ad0      0x438 ./src/WrRe_coe_from_flash.o
                0x08002ad0                pars_coe110_from_data
 .text.write_coe_from_flash
                0x08002f08       0x58 ./src/WrRe_coe_from_flash.o
                0x08002f08                write_coe_from_flash
 .text.read_coe_from_flash
                0x08002f60       0x68 ./src/WrRe_coe_from_flash.o
                0x08002f60                read_coe_from_flash
 .text.flash_read_one_data
                0x08002fc8        0x6 ./src/bsp_internal_flash.o
                0x08002fc8                flash_read_one_data
 .text.flash_read_more_data
                0x08002fce       0x22 ./src/bsp_internal_flash.o
                0x08002fce                flash_read_more_data
 .text.flash_write_more_data
                0x08002ff0       0x5c ./src/bsp_internal_flash.o
                0x08002ff0                flash_write_more_data
 .text.TIM2_Configuration
                0x0800304c       0x5a ./src/bsp_tim.o
                0x0800304c                TIM2_Configuration
 .text.TIM2_NVIC_Configuration
                0x080030a6       0x2c ./src/bsp_tim.o
                0x080030a6                TIM2_NVIC_Configuration
 .text.tim_init
                0x080030d2       0x14 ./src/bsp_tim.o
                0x080030d2                tim_init
 *fill*         0x080030e6        0x2 
 .text.key_scan
                0x080030e8       0x70 ./src/bsp_tim.o
                0x080030e8                key_scan
 .text.TIM2_IRQHandler
                0x08003158       0xb0 ./src/bsp_tim.o
                0x08003158                TIM2_IRQHandler
 .text.CSE7766_usart_gpio_init
                0x08003208       0x48 ./src/bsp_usart.o
                0x08003208                CSE7766_usart_gpio_init
 .text.AC6530_usart_gpio_init
                0x08003250       0x4c ./src/bsp_usart.o
                0x08003250                AC6530_usart_gpio_init
 .text.External_usart_gpio_init
                0x0800329c       0x4c ./src/bsp_usart.o
                0x0800329c                External_usart_gpio_init
 .text.CSE7766_usart_nvic_init
                0x080032e8       0x2e ./src/bsp_usart.o
                0x080032e8                CSE7766_usart_nvic_init
 *fill*         0x08003316        0x2 
 .text.CSE7766_usart_init
                0x08003318       0x60 ./src/bsp_usart.o
                0x08003318                CSE7766_usart_init
 .text.AC6530_usart_nvic_init
                0x08003378       0x30 ./src/bsp_usart.o
                0x08003378                AC6530_usart_nvic_init
 .text.AC6530_usart_init
                0x080033a8       0x5c ./src/bsp_usart.o
                0x080033a8                AC6530_usart_init
 .text.External_usart_nvic_init
                0x08003404       0x30 ./src/bsp_usart.o
                0x08003404                External_usart_nvic_init
 .text.External_usart_init
                0x08003434       0x5c ./src/bsp_usart.o
                0x08003434                External_usart_init
 .text.External_usart_write
                0x08003490       0x2c ./src/bsp_usart.o
                0x08003490                External_usart_write
 .text.Debug_usart_gpio_init
                0x080034bc       0x4c ./src/bsp_usart.o
                0x080034bc                Debug_usart_gpio_init
 .text.Debug_usart_init
                0x08003508       0x4c ./src/bsp_usart.o
                0x08003508                Debug_usart_init
 .text.Debug_usart_write
                0x08003554       0x30 ./src/bsp_usart.o
                0x08003554                Debug_usart_write
 .text.pool_recv_one_command
                0x08003584      0x118 ./src/bsp_usart.o
                0x08003584                pool_recv_one_command
 .text.USART1_IRQHandler
                0x0800369c       0x34 ./src/bsp_usart.o
                0x0800369c                USART1_IRQHandler
 .text.USART2_IRQHandler
                0x080036d0       0x34 ./src/bsp_usart.o
                0x080036d0                USART2_IRQHandler
 .text.USART3_IRQHandler
                0x08003704       0x34 ./src/bsp_usart.o
                0x08003704                USART3_IRQHandler
 .text.UART4_IRQHandler
                0x08003738       0x34 ./src/bsp_usart.o
                0x08003738                UART4_IRQHandler
 .text.str_len  0x0800376c       0x18 ./src/clib.o
                0x0800376c                str_len
 .text.str_cat  0x08003784       0x16 ./src/clib.o
                0x08003784                str_cat
 *fill*         0x0800379a        0x2 
 .text.flodou_to_string
                0x0800379c       0xa8 ./src/clib.o
                0x0800379c                flodou_to_string
 .text.hex_to_str
                0x08003844       0x24 ./src/clib.o
                0x08003844                hex_to_str
 .text.string_to_flodou
                0x08003868       0xf8 ./src/clib.o
                0x08003868                string_to_flodou
 .text.I2C_gpio_init
                0x08003960       0x34 ./src/iic_2864_gpio_simulate.o
                0x08003960                I2C_gpio_init
 .text.SDA_OUT  0x08003994       0x2c ./src/iic_2864_gpio_simulate.o
                0x08003994                SDA_OUT
 .text.SDA_IN   0x080039c0       0x2c ./src/iic_2864_gpio_simulate.o
                0x080039c0                SDA_IN
 .text.I2C_Start
                0x080039ec       0x34 ./src/iic_2864_gpio_simulate.o
                0x080039ec                I2C_Start
 .text.I2C_Stop
                0x08003a20       0x28 ./src/iic_2864_gpio_simulate.o
                0x08003a20                I2C_Stop
 .text.I2C_WaitAck
                0x08003a48       0x48 ./src/iic_2864_gpio_simulate.o
                0x08003a48                I2C_WaitAck
 .text.I2C_SendByte
                0x08003a90       0x68 ./src/iic_2864_gpio_simulate.o
                0x08003a90                I2C_SendByte
 .text.I2C_Send_one_command
                0x08003af8       0x6c ./src/iic_2864_gpio_simulate.o
                0x08003af8                I2C_Send_one_command
 .text.I2C_Send_more_data
                0x08003b64       0x7c ./src/iic_2864_gpio_simulate.o
                0x08003b64                I2C_Send_more_data
 .text.iic_2864_setxy
                0x08003be0       0x20 ./src/iic_2864_operate.o
                0x08003be0                iic_2864_setxy
 .text.iic_2864_updatescreen
                0x08003c00       0x28 ./src/iic_2864_operate.o
                0x08003c00                iic_2864_updatescreen
 .text.iic_2864_fill
                0x08003c28       0x1c ./src/iic_2864_operate.o
                0x08003c28                iic_2864_fill
 .text.iic_2864_clear_one
                0x08003c44       0x20 ./src/iic_2864_operate.o
                0x08003c44                iic_2864_clear_one
 .text.iic_2864_ssd1306_init
                0x08003c64       0xe0 ./src/iic_2864_operate.o
                0x08003c64                iic_2864_ssd1306_init
 .text.iic_goto_xy
                0x08003d44        0xc ./src/iic_2864_operate.o
                0x08003d44                iic_goto_xy
 .text.iic_2864_DrawPixel
                0x08003d50       0x54 ./src/iic_2864_operate.o
                0x08003d50                iic_2864_DrawPixel
 .text.iic_putc
                0x08003da4       0x98 ./src/iic_2864_operate.o
                0x08003da4                iic_putc
 .text.iic_2864_Puts
                0x08003e3c       0x3e ./src/iic_2864_operate.o
                0x08003e3c                iic_2864_Puts
 *fill*         0x08003e7a        0x2 
 .text.lcd_show_pvi_info
                0x08003e7c      0x11c ./src/lcd_show_content.o
                0x08003e7c                lcd_show_pvi_info
 .text.lcd_show_local_noadjust_info
                0x08003f98       0x3c ./src/lcd_show_content.o
                0x08003f98                lcd_show_local_noadjust_info
 .text.lcd_show_local_now_adjust_info
                0x08003fd4       0x70 ./src/lcd_show_content.o
                0x08003fd4                lcd_show_local_now_adjust_info
 .text.lcd_show_exter_now_adjust_info
                0x08004044       0x70 ./src/lcd_show_content.o
                0x08004044                lcd_show_exter_now_adjust_info
 .text.lcd_show_noad_info
                0x080040b4       0x4c ./src/lcd_show_content.o
                0x080040b4                lcd_show_noad_info
 .text.lcd_show_no_return_info
                0x08004100       0x3c ./src/lcd_show_content.o
                0x08004100                lcd_show_no_return_info
 .text.lcd_show_self_read7766_error_info
                0x0800413c       0x4c ./src/lcd_show_content.o
                0x0800413c                lcd_show_self_read7766_error_info
 .text.lcd_show_self_read6530_error_info
                0x08004188       0x4c ./src/lcd_show_content.o
                0x08004188                lcd_show_self_read6530_error_info
 .text.lcd_show_recvc76_err_info
                0x080041d4       0x4c ./src/lcd_show_content.o
                0x080041d4                lcd_show_recvc76_err_info
 .text.lcd_show_exter_read7766_error_info
                0x08004220       0x4c ./src/lcd_show_content.o
                0x08004220                lcd_show_exter_read7766_error_info
 .text.lcd_show_exter_readc76pvi_error_info
                0x0800426c       0x4c ./src/lcd_show_content.o
                0x0800426c                lcd_show_exter_readc76pvi_error_info
 .text.lcd_show_exter_c76pvi_data_error_info
                0x080042b8       0x4c ./src/lcd_show_content.o
                0x080042b8                lcd_show_exter_c76pvi_data_error_info
 *fill*         0x08004304        0x4 
 .text.lcd_show_coe_abr_info
                0x08004308      0x164 ./src/lcd_show_content.o
                0x08004308                lcd_show_coe_abr_info
 *fill*         0x0800446c        0x4 
 .text.lcd_show_coe_allab_info
                0x08004470      0x264 ./src/lcd_show_content.o
                0x08004470                lcd_show_coe_allab_info
 .text.lcd_change_percent_info
                0x080046d4       0x80 ./src/lcd_show_content.o
                0x080046d4                lcd_change_percent_info
 .text.system_clk_init
                0x08004754       0x60 ./src/main.o
                0x08004754                system_clk_init
 .text.more_relay_pin_init
                0x080047b4       0x20 ./src/main.o
                0x080047b4                more_relay_pin_init
 .text.load_relay_pin_init
                0x080047d4       0xb8 ./src/main.o
                0x080047d4                load_relay_pin_init
 .text.source_relay_pin_init
                0x0800488c       0x78 ./src/main.o
                0x0800488c                source_relay_pin_init
 .text.Check_data_is_error
                0x08004904       0x44 ./src/main.o
                0x08004904                Check_data_is_error
 .text.Get_6530_pvi
                0x08004948      0x234 ./src/main.o
                0x08004948                Get_6530_pvi
 .text.Get_origin_pvi
                0x08004b7c       0xf8 ./src/main.o
                0x08004b7c                Get_origin_pvi
 .text.Get_compute_pvi
                0x08004c74      0x1fc ./src/main.o
                0x08004c74                Get_compute_pvi
 .text.Debug_write_coe110_info
                0x08004e70      0x7c4 ./src/main.o
                0x08004e70                Debug_write_coe110_info
 .text.Debug_write_coe_info
                0x08005634      0x7c0 ./src/main.o
                0x08005634                Debug_write_coe_info
 .text.change_load_size
                0x08005df4      0x230 ./src/main.o
                0x08005df4                change_load_size
 .text.operate_ch_relay
                0x08006024       0x44 ./src/main.o
                0x08006024                operate_ch_relay
 .text.Check_c76_return_isok
                0x08006068       0x3e ./src/main.o
                0x08006068                Check_c76_return_isok
 *fill*         0x080060a6        0x2 
 .text.Get_computer_external_pvi
                0x080060a8      0x1ec ./src/main.o
                0x080060a8                Get_computer_external_pvi
 .text.Send_result_to_c76
                0x08006294      0xce0 ./src/main.o
                0x08006294                Send_result_to_c76
 *fill*         0x08006f74        0x4 
 .text.Go_self_adjust
                0x08006f78      0xd44 ./src/main.o
                0x08006f78                Go_self_adjust
 *fill*         0x08007cbc        0x4 
 .text.Go_external_adjust
                0x08007cc0     0x1120 ./src/main.o
                0x08007cc0                Go_external_adjust
 .text.Check_c76_fac
                0x08008de0       0x70 ./src/main.o
                0x08008de0                Check_c76_fac
 .text.relay_test
                0x08008e50       0xe0 ./src/main.o
                0x08008e50                relay_test
 .text.key_operate
                0x08008f30      0x10c ./src/main.o
                0x08008f30                key_operate
 .text.main     0x0800903c      0x32c ./src/main.o
                0x0800903c                main
 .text          0x08009368      0x370 c:/program files (x86)/gnu tools arm embedded/6.2 2016q4/bin/../lib/gcc/arm-none-eabi/6.2.1/thumb/v7-m\libgcc.a(_arm_addsubdf3.o)
                0x08009368                __aeabi_drsub
                0x08009370                __aeabi_dsub
                0x08009370                __subdf3
                0x08009374                __aeabi_dadd
                0x08009374                __adddf3
                0x080095ec                __floatunsidf
                0x080095ec                __aeabi_ui2d
                0x0800960c                __floatsidf
                0x0800960c                __aeabi_i2d
                0x08009630                __aeabi_f2d
                0x08009630                __extendsfdf2
                0x0800966c                __floatundidf
                0x0800966c                __aeabi_ul2d
                0x0800967c                __floatdidf
                0x0800967c                __aeabi_l2d
 .text          0x080096d8      0x424 c:/program files (x86)/gnu tools arm embedded/6.2 2016q4/bin/../lib/gcc/arm-none-eabi/6.2.1/thumb/v7-m\libgcc.a(_arm_muldivdf3.o)
                0x080096d8                __aeabi_dmul
                0x080096d8                __muldf3
                0x0800992c                __divdf3
                0x0800992c                __aeabi_ddiv
 .text          0x08009afc      0x110 c:/program files (x86)/gnu tools arm embedded/6.2 2016q4/bin/../lib/gcc/arm-none-eabi/6.2.1/thumb/v7-m\libgcc.a(_arm_cmpdf2.o)
                0x08009afc                __gtdf2
                0x08009afc                __gedf2
                0x08009b04                __ltdf2
                0x08009b04                __ledf2
                0x08009b0c                __nedf2
                0x08009b0c                __eqdf2
                0x08009b0c                __cmpdf2
                0x08009b88                __aeabi_cdrcmple
                0x08009b98                __aeabi_cdcmpeq
                0x08009b98                __aeabi_cdcmple
                0x08009ba8                __aeabi_dcmpeq
                0x08009bbc                __aeabi_dcmplt
                0x08009bd0                __aeabi_dcmple
                0x08009be4                __aeabi_dcmpge
                0x08009bf8                __aeabi_dcmpgt
 .text          0x08009c0c       0x40 c:/program files (x86)/gnu tools arm embedded/6.2 2016q4/bin/../lib/gcc/arm-none-eabi/6.2.1/thumb/v7-m\libgcc.a(_arm_fixunsdfsi.o)
                0x08009c0c                __aeabi_d2uiz
                0x08009c0c                __fixunsdfsi
 .text.__errno  0x08009c4c        0xc c:/program files (x86)/gnu tools arm embedded/6.2 2016q4/bin/../lib/gcc/arm-none-eabi/6.2.1/../../../../arm-none-eabi/lib/thumb/v7-m\libg_nano.a(lib_a-errno.o)
                0x08009c4c                __errno
 .text.memcpy   0x08009c58       0x16 c:/program files (x86)/gnu tools arm embedded/6.2 2016q4/bin/../lib/gcc/arm-none-eabi/6.2.1/../../../../arm-none-eabi/lib/thumb/v7-m\libg_nano.a(lib_a-memcpy-stub.o)
                0x08009c58                memcpy
 .text.memset   0x08009c6e       0x10 c:/program files (x86)/gnu tools arm embedded/6.2 2016q4/bin/../lib/gcc/arm-none-eabi/6.2.1/../../../../arm-none-eabi/lib/thumb/v7-m\libg_nano.a(lib_a-memset.o)
                0x08009c6e                memset
 .text          0x08009c7e       0x10 c:/program files (x86)/gnu tools arm embedded/6.2 2016q4/bin/../lib/gcc/arm-none-eabi/6.2.1/../../../../arm-none-eabi/lib/thumb/v7-m\libg_nano.a(lib_a-strlen.o)
                0x08009c7e                strlen
 .text.strncmp  0x08009c8e       0x24 c:/program files (x86)/gnu tools arm embedded/6.2 2016q4/bin/../lib/gcc/arm-none-eabi/6.2.1/../../../../arm-none-eabi/lib/thumb/v7-m\libg_nano.a(lib_a-strncmp.o)
                0x08009c8e                strncmp
 .text._vsnprintf_r
                0x08009cb2       0x58 c:/program files (x86)/gnu tools arm embedded/6.2 2016q4/bin/../lib/gcc/arm-none-eabi/6.2.1/../../../../arm-none-eabi/lib/thumb/v7-m\libg_nano.a(lib_a-vsnprintf.o)
                0x08009cb2                _vsniprintf_r
                0x08009cb2                _vsnprintf_r
 *fill*         0x08009d0a        0x2 
 .text.vsnprintf
                0x08009d0c       0x1c c:/program files (x86)/gnu tools arm embedded/6.2 2016q4/bin/../lib/gcc/arm-none-eabi/6.2.1/../../../../arm-none-eabi/lib/thumb/v7-m\libg_nano.a(lib_a-vsnprintf.o)
                0x08009d0c                vsniprintf
                0x08009d0c                vsnprintf
 .text.__ssputs_r
                0x08009d28       0xb6 c:/program files (x86)/gnu tools arm embedded/6.2 2016q4/bin/../lib/gcc/arm-none-eabi/6.2.1/../../../../arm-none-eabi/lib/thumb/v7-m\libg_nano.a(lib_a-nano-svfprintf.o)
                0x08009d28                __ssputs_r
 *fill*         0x08009dde        0x2 
 .text._svfprintf_r
                0x08009de0      0x1e8 c:/program files (x86)/gnu tools arm embedded/6.2 2016q4/bin/../lib/gcc/arm-none-eabi/6.2.1/../../../../arm-none-eabi/lib/thumb/v7-m\libg_nano.a(lib_a-nano-svfprintf.o)
                0x08009de0                _svfiprintf_r
                0x08009de0                _svfprintf_r
 .text._printf_common
                0x08009fc8       0xee c:/program files (x86)/gnu tools arm embedded/6.2 2016q4/bin/../lib/gcc/arm-none-eabi/6.2.1/../../../../arm-none-eabi/lib/thumb/v7-m\libg_nano.a(lib_a-nano-vfprintf_i.o)
                0x08009fc8                _printf_common
 *fill*         0x0800a0b6        0x2 
 .text._printf_i
                0x0800a0b8      0x240 c:/program files (x86)/gnu tools arm embedded/6.2 2016q4/bin/../lib/gcc/arm-none-eabi/6.2.1/../../../../arm-none-eabi/lib/thumb/v7-m\libg_nano.a(lib_a-nano-vfprintf_i.o)
                0x0800a0b8                _printf_i
 .text.memchr   0x0800a2f8       0x1c c:/program files (x86)/gnu tools arm embedded/6.2 2016q4/bin/../lib/gcc/arm-none-eabi/6.2.1/../../../../arm-none-eabi/lib/thumb/v7-m\libg_nano.a(lib_a-memchr-stub.o)
                0x0800a2f8                memchr
 .text.memmove  0x0800a314       0x34 c:/program files (x86)/gnu tools arm embedded/6.2 2016q4/bin/../lib/gcc/arm-none-eabi/6.2.1/../../../../arm-none-eabi/lib/thumb/v7-m\libg_nano.a(lib_a-memmove.o)
                0x0800a314                memmove
 .text._free_r  0x0800a348       0x98 c:/program files (x86)/gnu tools arm embedded/6.2 2016q4/bin/../lib/gcc/arm-none-eabi/6.2.1/../../../../arm-none-eabi/lib/thumb/v7-m\libg_nano.a(lib_a-nano-freer.o)
                0x0800a348                _free_r
 .text._malloc_r
                0x0800a3e0       0xbc c:/program files (x86)/gnu tools arm embedded/6.2 2016q4/bin/../lib/gcc/arm-none-eabi/6.2.1/../../../../arm-none-eabi/lib/thumb/v7-m\libg_nano.a(lib_a-nano-mallocr.o)
                0x0800a3e0                _malloc_r
 .text._realloc_r
                0x0800a49c       0x4c c:/program files (x86)/gnu tools arm embedded/6.2 2016q4/bin/../lib/gcc/arm-none-eabi/6.2.1/../../../../arm-none-eabi/lib/thumb/v7-m\libg_nano.a(lib_a-nano-reallocr.o)
                0x0800a49c                _realloc_r
 .text._sbrk_r  0x0800a4e8       0x20 c:/program files (x86)/gnu tools arm embedded/6.2 2016q4/bin/../lib/gcc/arm-none-eabi/6.2.1/../../../../arm-none-eabi/lib/thumb/v7-m\libg_nano.a(lib_a-sbrkr.o)
                0x0800a4e8                _sbrk_r
 .text.__malloc_lock
                0x0800a508        0x2 c:/program files (x86)/gnu tools arm embedded/6.2 2016q4/bin/../lib/gcc/arm-none-eabi/6.2.1/../../../../arm-none-eabi/lib/thumb/v7-m\libg_nano.a(lib_a-mlock.o)
                0x0800a508                __malloc_lock
 .text.__malloc_unlock
                0x0800a50a        0x2 c:/program files (x86)/gnu tools arm embedded/6.2 2016q4/bin/../lib/gcc/arm-none-eabi/6.2.1/../../../../arm-none-eabi/lib/thumb/v7-m\libg_nano.a(lib_a-mlock.o)
                0x0800a50a                __malloc_unlock
 .text._malloc_usable_size_r
                0x0800a50c       0x12 c:/program files (x86)/gnu tools arm embedded/6.2 2016q4/bin/../lib/gcc/arm-none-eabi/6.2.1/../../../../arm-none-eabi/lib/thumb/v7-m\libg_nano.a(lib_a-nano-msizer.o)
                0x0800a50c                _malloc_usable_size_r
 *(.rodata .rodata.* .constdata .constdata.*)
 *fill*         0x0800a51e        0x2 
 .rodata.NVIC_PriorityGroupConfig.str1.4
                0x0800a520       0x27 ./system/src/stm32f1-stdperiph/misc.o
 *fill*         0x0800a547        0x1 
 .rodata.FLASH_SetLatency.str1.4
                0x0800a548       0x32 ./system/src/stm32f1-stdperiph/stm32f10x_flash.o
 *fill*         0x0800a57a        0x2 
 .rodata.GPIO_DeInit.str1.4
                0x0800a57c       0x31 ./system/src/stm32f1-stdperiph/stm32f10x_gpio.o
 *fill*         0x0800a5ad        0x3 
 .rodata.RCC_HSEConfig.str1.4
                0x0800a5b0       0x30 ./system/src/stm32f1-stdperiph/stm32f10x_rcc.o
 .rodata.TIM_DeInit.str1.4
                0x0800a5e0       0x30 ./system/src/stm32f1-stdperiph/stm32f10x_tim.o
 .rodata.USART_DeInit.str1.4
                0x0800a610       0x32 ./system/src/stm32f1-stdperiph/stm32f10x_usart.o
 *fill*         0x0800a642        0x2 
 .rodata.abort.str1.4
                0x0800a644       0x14 ./system/src/newlib/_exit.o
 .rodata.assert_failed.str1.4
                0x0800a658       0x2b ./system/src/newlib/assert.o
 .rodata.trace_puts.str1.4
                0x0800a683       0x2b ./system/src/diag/Trace.o
                                  0x2 (size before relaxing)
 *fill*         0x0800a683        0x1 
 .rodata.dumpExceptionStack.str1.4
                0x0800a684      0x11a ./system/src/cortexm/exception_handlers.o
 *fill*         0x0800a79e        0x2 
 .rodata.str1.4
                0x0800a7a0       0x2a ./system/src/cortexm/exception_handlers.o
 *fill*         0x0800a7ca        0x2 
 .rodata.write_coe_from_flash.str1.4
                0x0800a7cc       0x11 ./src/WrRe_coe_from_flash.o
 *fill*         0x0800a7dd        0x3 
 .rodata.Font11x18
                0x0800a7e0      0xd5c ./src/fonts.o
                0x0800a7e0                Font11x18
 .rodata.I2C_Send_one_command.str1.4
                0x0800b53c       0x31 ./src/iic_2864_gpio_simulate.o
 *fill*         0x0800b56d        0x3 
 .rodata.I2C_Send_one_data.str1.4
                0x0800b570       0x34 ./src/iic_2864_gpio_simulate.o
 .rodata.iic_2864_ssd1306_init.str1.4
                0x0800b5a4       0x1f ./src/iic_2864_operate.o
 *fill*         0x0800b5c3        0x1 
 .rodata.lcd_change_percent_info.str1.4
                0x0800b5c4        0x4 ./src/lcd_show_content.o
 .rodata.lcd_show_coe_abr_info.str1.4
                0x0800b5c8       0x19 ./src/lcd_show_content.o
 *fill*         0x0800b5e1        0x3 
 .rodata.lcd_show_coe_allab_info.str1.4
                0x0800b5e4        0xf ./src/lcd_show_content.o
 *fill*         0x0800b5f3        0x1 
 .rodata.lcd_show_err_code_info.str1.4
                0x0800b5f4       0x20 ./src/lcd_show_content.o
 .rodata.lcd_show_exter_c76pvi_data_error_info.str1.4
                0x0800b614        0xa ./src/lcd_show_content.o
 *fill*         0x0800b61e        0x2 
 .rodata.lcd_show_exter_now_adjust_info.str1.4
                0x0800b620        0x7 ./src/lcd_show_content.o
 *fill*         0x0800b627        0x1 
 .rodata.lcd_show_exter_readc76pvi_error_info.str1.4
                0x0800b628       0x18 ./src/lcd_show_content.o
 .rodata.lcd_show_local_noadjust_info.str1.4
                0x0800b640       0x12 ./src/lcd_show_content.o
 *fill*         0x0800b652        0x2 
 .rodata.lcd_show_local_now_adjust_info.str1.4
                0x0800b654       0x22 ./src/lcd_show_content.o
 *fill*         0x0800b676        0x2 
 .rodata.lcd_show_no_return_info.str1.4
                0x0800b678        0xc ./src/lcd_show_content.o
 .rodata.lcd_show_noad_info.str1.4
                0x0800b684       0x22 ./src/lcd_show_content.o
 *fill*         0x0800b6a6        0x2 
 .rodata.lcd_show_pvi_info.str1.4
                0x0800b6a8       0x12 ./src/lcd_show_content.o
                                 0x16 (size before relaxing)
 *fill*         0x0800b6ba        0x2 
 .rodata.lcd_show_recvc76_err_info.str1.4
                0x0800b6bc       0x16 ./src/lcd_show_content.o
 *fill*         0x0800b6d2        0x2 
 .rodata.lcd_show_self_read6530_error_info.str1.4
                0x0800b6d4        0xb ./src/lcd_show_content.o
 *fill*         0x0800b6df        0x1 
 .rodata.lcd_show_self_read7766_error_info.str1.4
                0x0800b6e0       0x1f ./src/lcd_show_content.o
 *fill*         0x0800b6ff        0x1 
 .rodata        0x0800b700      0x138 ./src/main.o
 .rodata.Check_c76_fac.str1.4
                0x0800b838       0x2c ./src/main.o
 .rodata.Debug_write_coe110_info.str1.4
                0x0800b864       0xa9 ./src/main.o
                                 0xad (size before relaxing)
 *fill*         0x0800b90d        0x3 
 .rodata.Debug_write_coe_info.str1.4
                0x0800b910       0x5d ./src/main.o
 *fill*         0x0800b96d        0x3 
 .rodata.Get_6530_pvi.str1.4
                0x0800b970       0x2d ./src/main.o
                                 0x31 (size before relaxing)
 *fill*         0x0800b99d        0x3 
 .rodata.Get_computer_external_pvi.str1.4
                0x0800b9a0       0xa0 ./src/main.o
 .rodata.Go_external_adjust.str1.4
                0x0800ba40       0xa6 ./src/main.o
 *fill*         0x0800bae6        0x2 
 .rodata.Go_self_adjust.str1.4
                0x0800bae8       0x3d ./src/main.o
 *fill*         0x0800bb25        0x3 
 .rodata.Send_result_to_c76.str1.4
                0x0800bb28        0x2 ./src/main.o
 *fill*         0x0800bb2a        0x2 
 .rodata.key_operate.str1.4
                0x0800bb2c        0x6 ./src/main.o
 *fill*         0x0800bb32        0x2 
 .rodata.main.str1.4
                0x0800bb34      0x158 ./src/main.o
                                0x156 (size before relaxing)
 .rodata._svfprintf_r.str1.1
                0x0800bc8c       0x11 c:/program files (x86)/gnu tools arm embedded/6.2 2016q4/bin/../lib/gcc/arm-none-eabi/6.2.1/../../../../arm-none-eabi/lib/thumb/v7-m\libg_nano.a(lib_a-nano-svfprintf.o)
 .rodata._printf_i.str1.1
                0x0800bc9d       0x22 c:/program files (x86)/gnu tools arm embedded/6.2 2016q4/bin/../lib/gcc/arm-none-eabi/6.2.1/../../../../arm-none-eabi/lib/thumb/v7-m\libg_nano.a(lib_a-nano-vfprintf_i.o)
 *(vtable)
 *(.eh_frame*)
 *(.glue_7)
 .glue_7        0x0800bcbf        0x0 linker stubs
 *(.glue_7t)
 .glue_7t       0x0800bcbf        0x0 linker stubs

.vfp11_veneer   0x0800bcc0        0x0
 .vfp11_veneer  0x0800bcc0        0x0 linker stubs

.v4_bx          0x0800bcc0        0x0
 .v4_bx         0x0800bcc0        0x0 linker stubs

.iplt           0x0800bcc0        0x0
 .iplt          0x0800bcc0        0x0 ./system/src/stm32f1-stdperiph/misc.o

.rel.dyn        0x0800bcc0        0x0
 .rel.iplt      0x0800bcc0        0x0 ./system/src/stm32f1-stdperiph/misc.o

.ARM.extab
 *(.ARM.extab* .gnu.linkonce.armextab.*)
                0x0800bcc0                . = ALIGN (0x4)
                0x0800bcc0                __exidx_start = .

.ARM.exidx
 *(.ARM.exidx* .gnu.linkonce.armexidx.*)
                0x0800bcc0                __exidx_end = .
                0x0800bcc0                . = ALIGN (0x4)
                0x0800bcc0                _etext = .
                0x0800bcc0                __etext = .

.data_CCMRAM    0x00000000        0x0 load address 0x0800bcc0
 FILL mask 0xff
 *(.data.CCMRAM .data.CCMRAM.*)
                0x00000000                . = ALIGN (0x4)
                0x0800bcc0                _sidata = LOADADDR (.data)

.data           0x20000000      0x108 load address 0x0800bcc0
 FILL mask 0xff
                0x20000000                _sdata = .
                0x20000000                __data_start__ = .
 *(.data_begin .data_begin.*)
 .data_begin    0x20000000        0x4 ./system/src/newlib/_startup.o
 *(.data .data.*)
 .data.ADCPrescTable
                0x20000004        0x4 ./system/src/stm32f1-stdperiph/stm32f10x_rcc.o
 .data.APBAHBPrescTable
                0x20000008       0x10 ./system/src/stm32f1-stdperiph/stm32f10x_rcc.o
 .data.argv.4243
                0x20000018        0x8 ./system/src/newlib/_syscalls.o
 .data.AHBPrescTable
                0x20000020       0x10 ./system/src/cmsis/system_stm32f10x.o
                0x20000020                AHBPrescTable
 .data.SystemCoreClock
                0x20000030        0x4 ./system/src/cmsis/system_stm32f10x.o
                0x20000030                SystemCoreClock
 .data.Font_11x18
                0x20000034        0x8 ./src/fonts.o
                0x20000034                Font_11x18
 .data.ch_io    0x2000003c       0x40 ./src/main.o
                0x2000003c                ch_io
 .data.ch_pin   0x2000007c       0x20 ./src/main.o
                0x2000007c                ch_pin
 .data.key_backup
                0x2000009c        0x1 ./src/main.o
                0x2000009c                key_backup
 .data.key_status
                0x2000009d        0x1 ./src/main.o
                0x2000009d                key_status
 .data.relay_sta
                0x2000009e        0x1 ./src/main.o
                0x2000009e                relay_sta
 *fill*         0x2000009f        0x1 ff
 .data._impure_ptr
                0x200000a0        0x4 c:/program files (x86)/gnu tools arm embedded/6.2 2016q4/bin/../lib/gcc/arm-none-eabi/6.2.1/../../../../arm-none-eabi/lib/thumb/v7-m\libg_nano.a(lib_a-impure.o)
                0x200000a0                _impure_ptr
 .data.impure_data
                0x200000a4       0x60 c:/program files (x86)/gnu tools arm embedded/6.2 2016q4/bin/../lib/gcc/arm-none-eabi/6.2.1/../../../../arm-none-eabi/lib/thumb/v7-m\libg_nano.a(lib_a-impure.o)
 *(.data_end .data_end.*)
 .data_end      0x20000104        0x4 ./system/src/newlib/_startup.o
                0x20000108                . = ALIGN (0x4)
                0x20000108                _edata = .
                0x20000108                __data_end__ = .

.igot.plt       0x20000108        0x0 load address 0x0800bdc8
 .igot.plt      0x20000108        0x0 ./system/src/stm32f1-stdperiph/misc.o

.bss_CCMRAM     0x00000000        0x0
 *(.bss.CCMRAM .bss.CCMRAM.*)

.bss            0x20000108      0x91c
                0x20000108                __bss_start__ = .
                0x20000108                _sbss = .
 *(.bss_begin .bss_begin.*)
 .bss_begin     0x20000108        0x4 ./system/src/newlib/_startup.o
 *(.bss .bss.*)
 .bss.current_heap_end.3927
                0x2000010c        0x4 ./system/src/newlib/_sbrk.o
 .bss.name.4242
                0x20000110        0x1 ./system/src/newlib/_syscalls.o
 *fill*         0x20000111        0x3 
 .bss.buf.5132  0x20000114       0x80 ./system/src/diag/Trace.o
 *fill*         0x20000194        0x4 
 .bss.average_x
                0x20000198        0x8 ./src/Fitting_method.o
                0x20000198                average_x
 .bss.average_y
                0x200001a0        0x8 ./src/Fitting_method.o
                0x200001a0                average_y
 .bss.coe_a     0x200001a8        0x8 ./src/Fitting_method.o
                0x200001a8                coe_a
 .bss.coe_b     0x200001b0        0x8 ./src/Fitting_method.o
                0x200001b0                coe_b
 .bss.coe_r     0x200001b8        0x8 ./src/Fitting_method.o
                0x200001b8                coe_r
 .bss.gather_x  0x200001c0        0x8 ./src/Fitting_method.o
                0x200001c0                gather_x
 .bss.gather_x2
                0x200001c8        0x8 ./src/Fitting_method.o
                0x200001c8                gather_x2
 .bss.gather_x_2
                0x200001d0        0x8 ./src/Fitting_method.o
                0x200001d0                gather_x_2
 .bss.gather_xy
                0x200001d8        0x8 ./src/Fitting_method.o
                0x200001d8                gather_xy
 .bss.gather_y  0x200001e0        0x8 ./src/Fitting_method.o
                0x200001e0                gather_y
 .bss.gather_y2
                0x200001e8        0x8 ./src/Fitting_method.o
                0x200001e8                gather_y2
 .bss.count_ms.6357
                0x200001f0        0x4 ./src/bsp_tim.o
 .bss.external_wait_time
                0x200001f4        0x4 ./src/bsp_tim.o
                0x200001f4                external_wait_time
 .bss.pool_wait_time
                0x200001f8        0x4 ./src/bsp_tim.o
                0x200001f8                pool_wait_time
 .bss.recv_timeout
                0x200001fc        0x4 ./src/bsp_tim.o
                0x200001fc                recv_timeout
 .bss.recv_timeout_end
                0x20000200        0x4 ./src/bsp_tim.o
                0x20000200                recv_timeout_end
 .bss.recv_timeout_start
                0x20000204        0x4 ./src/bsp_tim.o
                0x20000204                recv_timeout_start
 .bss.count_time_flag
                0x20000208        0x4 ./src/bsp_usart.o
                0x20000208                count_time_flag
 .bss.SSD1306_Buffer
                0x2000020c      0x400 ./src/iic_2864_operate.o
 .bss.old_sta.7168
                0x2000060c        0x1 ./src/iic_2864_operate.o
 *fill*         0x2000060d        0x3 
 .bss.ss2864    0x20000610        0x6 ./src/iic_2864_operate.o
 *fill*         0x20000616        0x2 
 .bss.down_time
                0x20000618        0x4 ./src/main.o
                0x20000618                down_time
 *fill*         0x2000061c        0x4 
 .bss.external_adjust_comv
                0x20000620        0x8 ./src/main.o
                0x20000620                external_adjust_comv
 .bss.external_wait_flag
                0x20000628        0x4 ./src/main.o
                0x20000628                external_wait_flag
 .bss.i.8900    0x2000062c        0x1 ./src/main.o
 .bss.operate_mode
                0x2000062d        0x1 ./src/main.o
                0x2000062d                operate_mode
 .bss.self_ad_ok_flag
                0x2000062e        0x1 ./src/main.o
                0x2000062e                self_ad_ok_flag
 *fill*         0x2000062f        0x1 
 .bss.self_adjust_coea_i
                0x20000630        0x8 ./src/main.o
                0x20000630                self_adjust_coea_i
 .bss.self_adjust_coea_i_110
                0x20000638        0x8 ./src/main.o
                0x20000638                self_adjust_coea_i_110
 .bss.self_adjust_coea_il
                0x20000640        0x8 ./src/main.o
                0x20000640                self_adjust_coea_il
 .bss.self_adjust_coea_il_110
                0x20000648        0x8 ./src/main.o
                0x20000648                self_adjust_coea_il_110
 .bss.self_adjust_coea_ph
                0x20000650        0x8 ./src/main.o
                0x20000650                self_adjust_coea_ph
 .bss.self_adjust_coea_ph_110
                0x20000658        0x8 ./src/main.o
                0x20000658                self_adjust_coea_ph_110
 .bss.self_adjust_coea_pl
                0x20000660        0x8 ./src/main.o
                0x20000660                self_adjust_coea_pl
 .bss.self_adjust_coea_pl_110
                0x20000668        0x8 ./src/main.o
                0x20000668                self_adjust_coea_pl_110
 .bss.self_adjust_coeb_i
                0x20000670        0x8 ./src/main.o
                0x20000670                self_adjust_coeb_i
 .bss.self_adjust_coeb_i_110
                0x20000678        0x8 ./src/main.o
                0x20000678                self_adjust_coeb_i_110
 .bss.self_adjust_coeb_il
                0x20000680        0x8 ./src/main.o
                0x20000680                self_adjust_coeb_il
 .bss.self_adjust_coeb_il_110
                0x20000688        0x8 ./src/main.o
                0x20000688                self_adjust_coeb_il_110
 .bss.self_adjust_coeb_ph
                0x20000690        0x8 ./src/main.o
                0x20000690                self_adjust_coeb_ph
 .bss.self_adjust_coeb_ph_110
                0x20000698        0x8 ./src/main.o
                0x20000698                self_adjust_coeb_ph_110
 .bss.self_adjust_coeb_pl
                0x200006a0        0x8 ./src/main.o
                0x200006a0                self_adjust_coeb_pl
 .bss.self_adjust_coeb_pl_110
                0x200006a8        0x8 ./src/main.o
                0x200006a8                self_adjust_coeb_pl_110
 .bss.self_adjust_coer_i
                0x200006b0        0x8 ./src/main.o
                0x200006b0                self_adjust_coer_i
 .bss.self_adjust_coer_i_110
                0x200006b8        0x8 ./src/main.o
                0x200006b8                self_adjust_coer_i_110
 .bss.self_adjust_coer_il
                0x200006c0        0x8 ./src/main.o
                0x200006c0                self_adjust_coer_il
 .bss.self_adjust_coer_il_110
                0x200006c8        0x8 ./src/main.o
                0x200006c8                self_adjust_coer_il_110
 .bss.self_adjust_coer_ph
                0x200006d0        0x8 ./src/main.o
                0x200006d0                self_adjust_coer_ph
 .bss.self_adjust_coer_ph_110
                0x200006d8        0x8 ./src/main.o
                0x200006d8                self_adjust_coer_ph_110
 .bss.self_adjust_coer_pl
                0x200006e0        0x8 ./src/main.o
                0x200006e0                self_adjust_coer_pl
 .bss.self_adjust_coer_pl_110
                0x200006e8        0x8 ./src/main.o
                0x200006e8                self_adjust_coer_pl_110
 .bss.self_adjust_comv
                0x200006f0        0x8 ./src/main.o
                0x200006f0                self_adjust_comv
 .bss.self_adjust_comv_110
                0x200006f8        0x8 ./src/main.o
                0x200006f8                self_adjust_comv_110
 .bss.up_time   0x20000700        0x4 ./src/main.o
                0x20000700                up_time
 .bss.__malloc_free_list
                0x20000704        0x4 c:/program files (x86)/gnu tools arm embedded/6.2 2016q4/bin/../lib/gcc/arm-none-eabi/6.2.1/../../../../arm-none-eabi/lib/thumb/v7-m\libg_nano.a(lib_a-nano-mallocr.o)
                0x20000704                __malloc_free_list
 .bss.__malloc_sbrk_start
                0x20000708        0x4 c:/program files (x86)/gnu tools arm embedded/6.2 2016q4/bin/../lib/gcc/arm-none-eabi/6.2.1/../../../../arm-none-eabi/lib/thumb/v7-m\libg_nano.a(lib_a-nano-mallocr.o)
                0x20000708                __malloc_sbrk_start
 *(COMMON)
 COMMON         0x2000070c        0x4 ./system/src/newlib/_syscalls.o
                0x2000070c                errno
 COMMON         0x20000710      0x30c ./src/Data_pool.o
                0x20000710                cse7766rx
                0x20000814                externalrx
                0x20000918                ac6530rx
 COMMON         0x20000a1c        0x1 ./src/main.o
                0x20000a1c                HSEStartUpStatus
 *(.bss_end .bss_end.*)
 *fill*         0x20000a1d        0x3 
 .bss_end       0x20000a20        0x4 ./system/src/newlib/_startup.o
                0x20000a24                . = ALIGN (0x4)
                0x20000a24                __bss_end__ = .
                0x20000a24                _ebss = .

.noinit_CCMRAM
 *(.noinit.CCMRAM .noinit.CCMRAM.*)

.noinit         0x20000a24        0x0
                0x20000a24                _noinit = .
 *(.noinit .noinit.*)
                0x20000a24                . = ALIGN (0x4)
                0x20000a24                _end_noinit = .
                [!provide]                PROVIDE (end, _end_noinit)
                [!provide]                PROVIDE (_end, _end_noinit)
                [!provide]                PROVIDE (__end, _end_noinit)
                [!provide]                PROVIDE (__end__, _end_noinit)

._check_stack   0x20000a24      0x100
                0x20000b24                . = (. + _Minimum_Stack_Size)
 *fill*         0x20000a24      0x100 

.b1text
 *(.b1text)
 *(.b1rodata)
 *(.b1rodata.*)

.eb0text
 *(.eb0text)
 *(.eb0rodata)
 *(.eb0rodata.*)

.eb1text
 *(.eb1text)
 *(.eb1rodata)
 *(.eb1rodata.*)

.eb2text
 *(.eb2text)
 *(.eb2rodata)
 *(.eb2rodata.*)

.eb3text
 *(.eb3text)
 *(.eb3rodata)
 *(.eb3rodata.*)

.stab
 *(.stab)

.stabstr
 *(.stabstr)

.stab.excl
 *(.stab.excl)

.stab.exclstr
 *(.stab.exclstr)

.stab.index
 *(.stab.index)

.stab.indexstr
 *(.stab.indexstr)

.comment        0x00000000       0x6e
 *(.comment)
 .comment       0x00000000       0x6e ./system/src/stm32f1-stdperiph/misc.o
                                 0x6f (size before relaxing)
 .comment       0x0000006e       0x6f ./system/src/stm32f1-stdperiph/stm32f10x_flash.o
 .comment       0x0000006e       0x6f ./system/src/stm32f1-stdperiph/stm32f10x_gpio.o
 .comment       0x0000006e       0x6f ./system/src/stm32f1-stdperiph/stm32f10x_rcc.o
 .comment       0x0000006e       0x6f ./system/src/stm32f1-stdperiph/stm32f10x_tim.o
 .comment       0x0000006e       0x6f ./system/src/stm32f1-stdperiph/stm32f10x_usart.o
 .comment       0x0000006e       0x6f ./system/src/newlib/_exit.o
 .comment       0x0000006e       0x6f ./system/src/newlib/_sbrk.o
 .comment       0x0000006e       0x6f ./system/src/newlib/_startup.o
 .comment       0x0000006e       0x6f ./system/src/newlib/_syscalls.o
 .comment       0x0000006e       0x6f ./system/src/newlib/assert.o
 .comment       0x0000006e       0x6f ./system/src/diag/Trace.o
 .comment       0x0000006e       0x6f ./system/src/diag/trace_impl.o
 .comment       0x0000006e       0x6f ./system/src/cortexm/_initialize_hardware.o
 .comment       0x0000006e       0x6f ./system/src/cortexm/exception_handlers.o
 .comment       0x0000006e       0x6f ./system/src/cmsis/system_stm32f10x.o
 .comment       0x0000006e       0x6f ./system/src/cmsis/vectors_stm32f10x.o
 .comment       0x0000006e       0x6f ./src/Data_pool.o
 .comment       0x0000006e       0x6f ./src/Fitting_method.o
 .comment       0x0000006e       0x6f ./src/WrRe_coe_from_flash.o
 .comment       0x0000006e       0x6f ./src/bsp_internal_flash.o
 .comment       0x0000006e       0x6f ./src/bsp_tim.o
 .comment       0x0000006e       0x6f ./src/bsp_usart.o
 .comment       0x0000006e       0x6f ./src/clib.o
 .comment       0x0000006e       0x6f ./src/fonts.o
 .comment       0x0000006e       0x6f ./src/iic_2864_gpio_simulate.o
 .comment       0x0000006e       0x6f ./src/iic_2864_operate.o
 .comment       0x0000006e       0x6f ./src/lcd_show_content.o
 .comment       0x0000006e       0x6f ./src/main.o

.ARM.attributes
                0x00000000       0x31
 .ARM.attributes
                0x00000000       0x33 ./system/src/stm32f1-stdperiph/misc.o
 .ARM.attributes
                0x00000033       0x33 ./system/src/stm32f1-stdperiph/stm32f10x_flash.o
 .ARM.attributes
                0x00000066       0x33 ./system/src/stm32f1-stdperiph/stm32f10x_gpio.o
 .ARM.attributes
                0x00000099       0x33 ./system/src/stm32f1-stdperiph/stm32f10x_rcc.o
 .ARM.attributes
                0x000000cc       0x33 ./system/src/stm32f1-stdperiph/stm32f10x_tim.o
 .ARM.attributes
                0x000000ff       0x33 ./system/src/stm32f1-stdperiph/stm32f10x_usart.o
 .ARM.attributes
                0x00000132       0x33 ./system/src/newlib/_exit.o
 .ARM.attributes
                0x00000165       0x33 ./system/src/newlib/_sbrk.o
 .ARM.attributes
                0x00000198       0x33 ./system/src/newlib/_startup.o
 .ARM.attributes
                0x000001cb       0x33 ./system/src/newlib/_syscalls.o
 .ARM.attributes
                0x000001fe       0x33 ./system/src/newlib/assert.o
 .ARM.attributes
                0x00000231       0x33 ./system/src/diag/Trace.o
 .ARM.attributes
                0x00000264       0x33 ./system/src/diag/trace_impl.o
 .ARM.attributes
                0x00000297       0x33 ./system/src/cortexm/_initialize_hardware.o
 .ARM.attributes
                0x000002ca       0x33 ./system/src/cortexm/exception_handlers.o
 .ARM.attributes
                0x000002fd       0x33 ./system/src/cmsis/system_stm32f10x.o
 .ARM.attributes
                0x00000330       0x33 ./system/src/cmsis/vectors_stm32f10x.o
 .ARM.attributes
                0x00000363       0x33 ./src/Data_pool.o
 .ARM.attributes
                0x00000396       0x33 ./src/Fitting_method.o
 .ARM.attributes
                0x000003c9       0x33 ./src/WrRe_coe_from_flash.o
 .ARM.attributes
                0x000003fc       0x33 ./src/bsp_internal_flash.o
 .ARM.attributes
                0x0000042f       0x33 ./src/bsp_tim.o
 .ARM.attributes
                0x00000462       0x33 ./src/bsp_usart.o
 .ARM.attributes
                0x00000495       0x33 ./src/clib.o
 .ARM.attributes
                0x000004c8       0x33 ./src/fonts.o
 .ARM.attributes
                0x000004fb       0x33 ./src/iic_2864_gpio_simulate.o
 .ARM.attributes
                0x0000052e       0x33 ./src/iic_2864_operate.o
 .ARM.attributes
                0x00000561       0x33 ./src/lcd_show_content.o
 .ARM.attributes
                0x00000594       0x33 ./src/main.o
 .ARM.attributes
                0x000005c7       0x1d c:/program files (x86)/gnu tools arm embedded/6.2 2016q4/bin/../lib/gcc/arm-none-eabi/6.2.1/thumb/v7-m\libgcc.a(_arm_addsubdf3.o)
 .ARM.attributes
                0x000005e4       0x1d c:/program files (x86)/gnu tools arm embedded/6.2 2016q4/bin/../lib/gcc/arm-none-eabi/6.2.1/thumb/v7-m\libgcc.a(_arm_muldivdf3.o)
 .ARM.attributes
                0x00000601       0x1d c:/program files (x86)/gnu tools arm embedded/6.2 2016q4/bin/../lib/gcc/arm-none-eabi/6.2.1/thumb/v7-m\libgcc.a(_arm_cmpdf2.o)
 .ARM.attributes
                0x0000061e       0x1d c:/program files (x86)/gnu tools arm embedded/6.2 2016q4/bin/../lib/gcc/arm-none-eabi/6.2.1/thumb/v7-m\libgcc.a(_arm_fixunsdfsi.o)
 .ARM.attributes
                0x0000063b       0x2d c:/program files (x86)/gnu tools arm embedded/6.2 2016q4/bin/../lib/gcc/arm-none-eabi/6.2.1/../../../../arm-none-eabi/lib/thumb/v7-m\libg_nano.a(lib_a-errno.o)
 .ARM.attributes
                0x00000668       0x2d c:/program files (x86)/gnu tools arm embedded/6.2 2016q4/bin/../lib/gcc/arm-none-eabi/6.2.1/../../../../arm-none-eabi/lib/thumb/v7-m\libg_nano.a(lib_a-impure.o)
 .ARM.attributes
                0x00000695       0x2d c:/program files (x86)/gnu tools arm embedded/6.2 2016q4/bin/../lib/gcc/arm-none-eabi/6.2.1/../../../../arm-none-eabi/lib/thumb/v7-m\libg_nano.a(lib_a-memcpy-stub.o)
 .ARM.attributes
                0x000006c2       0x2d c:/program files (x86)/gnu tools arm embedded/6.2 2016q4/bin/../lib/gcc/arm-none-eabi/6.2.1/../../../../arm-none-eabi/lib/thumb/v7-m\libg_nano.a(lib_a-memset.o)
 .ARM.attributes
                0x000006ef       0x17 c:/program files (x86)/gnu tools arm embedded/6.2 2016q4/bin/../lib/gcc/arm-none-eabi/6.2.1/../../../../arm-none-eabi/lib/thumb/v7-m\libg_nano.a(lib_a-strlen.o)
 .ARM.attributes
                0x00000706       0x2d c:/program files (x86)/gnu tools arm embedded/6.2 2016q4/bin/../lib/gcc/arm-none-eabi/6.2.1/../../../../arm-none-eabi/lib/thumb/v7-m\libg_nano.a(lib_a-strncmp.o)
 .ARM.attributes
                0x00000733       0x2d c:/program files (x86)/gnu tools arm embedded/6.2 2016q4/bin/../lib/gcc/arm-none-eabi/6.2.1/../../../../arm-none-eabi/lib/thumb/v7-m\libg_nano.a(lib_a-vsnprintf.o)
 .ARM.attributes
                0x00000760       0x2d c:/program files (x86)/gnu tools arm embedded/6.2 2016q4/bin/../lib/gcc/arm-none-eabi/6.2.1/../../../../arm-none-eabi/lib/thumb/v7-m\libg_nano.a(lib_a-nano-svfprintf.o)
 .ARM.attributes
                0x0000078d       0x2d c:/program files (x86)/gnu tools arm embedded/6.2 2016q4/bin/../lib/gcc/arm-none-eabi/6.2.1/../../../../arm-none-eabi/lib/thumb/v7-m\libg_nano.a(lib_a-nano-vfprintf_i.o)
 .ARM.attributes
                0x000007ba       0x2d c:/program files (x86)/gnu tools arm embedded/6.2 2016q4/bin/../lib/gcc/arm-none-eabi/6.2.1/../../../../arm-none-eabi/lib/thumb/v7-m\libg_nano.a(lib_a-memchr-stub.o)
 .ARM.attributes
                0x000007e7       0x2d c:/program files (x86)/gnu tools arm embedded/6.2 2016q4/bin/../lib/gcc/arm-none-eabi/6.2.1/../../../../arm-none-eabi/lib/thumb/v7-m\libg_nano.a(lib_a-memmove.o)
 .ARM.attributes
                0x00000814       0x2d c:/program files (x86)/gnu tools arm embedded/6.2 2016q4/bin/../lib/gcc/arm-none-eabi/6.2.1/../../../../arm-none-eabi/lib/thumb/v7-m\libg_nano.a(lib_a-nano-freer.o)
 .ARM.attributes
                0x00000841       0x2d c:/program files (x86)/gnu tools arm embedded/6.2 2016q4/bin/../lib/gcc/arm-none-eabi/6.2.1/../../../../arm-none-eabi/lib/thumb/v7-m\libg_nano.a(lib_a-nano-mallocr.o)
 .ARM.attributes
                0x0000086e       0x2d c:/program files (x86)/gnu tools arm embedded/6.2 2016q4/bin/../lib/gcc/arm-none-eabi/6.2.1/../../../../arm-none-eabi/lib/thumb/v7-m\libg_nano.a(lib_a-nano-reallocr.o)
 .ARM.attributes
                0x0000089b       0x2d c:/program files (x86)/gnu tools arm embedded/6.2 2016q4/bin/../lib/gcc/arm-none-eabi/6.2.1/../../../../arm-none-eabi/lib/thumb/v7-m\libg_nano.a(lib_a-sbrkr.o)
 .ARM.attributes
                0x000008c8       0x2d c:/program files (x86)/gnu tools arm embedded/6.2 2016q4/bin/../lib/gcc/arm-none-eabi/6.2.1/../../../../arm-none-eabi/lib/thumb/v7-m\libg_nano.a(lib_a-mlock.o)
 .ARM.attributes
                0x000008f5       0x2d c:/program files (x86)/gnu tools arm embedded/6.2 2016q4/bin/../lib/gcc/arm-none-eabi/6.2.1/../../../../arm-none-eabi/lib/thumb/v7-m\libg_nano.a(lib_a-nano-msizer.o)

.debug
 *(.debug)

.line
 *(.line)

.debug_srcinfo
 *(.debug_srcinfo)

.debug_sfnames
 *(.debug_sfnames)

.debug_aranges  0x00000000      0xe30
 *(.debug_aranges)
 .debug_aranges
                0x00000000       0x40 ./system/src/stm32f1-stdperiph/misc.o
 .debug_aranges
                0x00000040       0xf8 ./system/src/stm32f1-stdperiph/stm32f10x_flash.o
 .debug_aranges
                0x00000138       0xa8 ./system/src/stm32f1-stdperiph/stm32f10x_gpio.o
 .debug_aranges
                0x000001e0      0x118 ./system/src/stm32f1-stdperiph/stm32f10x_rcc.o
 .debug_aranges
                0x000002f8      0x2f0 ./system/src/stm32f1-stdperiph/stm32f10x_tim.o
 .debug_aranges
                0x000005e8      0x100 ./system/src/stm32f1-stdperiph/stm32f10x_usart.o
 .debug_aranges
                0x000006e8       0x28 ./system/src/newlib/_exit.o
 .debug_aranges
                0x00000710       0x20 ./system/src/newlib/_sbrk.o
 .debug_aranges
                0x00000730       0x40 ./system/src/newlib/_startup.o
 .debug_aranges
                0x00000770       0x30 ./system/src/newlib/_syscalls.o
 .debug_aranges
                0x000007a0       0x28 ./system/src/newlib/assert.o
 .debug_aranges
                0x000007c8       0x38 ./system/src/diag/Trace.o
 .debug_aranges
                0x00000800       0x30 ./system/src/diag/trace_impl.o
 .debug_aranges
                0x00000830       0x28 ./system/src/cortexm/_initialize_hardware.o
 .debug_aranges
                0x00000858       0x90 ./system/src/cortexm/exception_handlers.o
 .debug_aranges
                0x000008e8       0x38 ./system/src/cmsis/system_stm32f10x.o
 .debug_aranges
                0x00000920       0x20 ./system/src/cmsis/vectors_stm32f10x.o
 .debug_aranges
                0x00000940       0x48 ./src/Data_pool.o
 .debug_aranges
                0x00000988       0x38 ./src/Fitting_method.o
 .debug_aranges
                0x000009c0       0x48 ./src/WrRe_coe_from_flash.o
 .debug_aranges
                0x00000a08       0x38 ./src/bsp_internal_flash.o
 .debug_aranges
                0x00000a40       0x50 ./src/bsp_tim.o
 .debug_aranges
                0x00000a90       0xc8 ./src/bsp_usart.o
 .debug_aranges
                0x00000b58       0x88 ./src/clib.o
 .debug_aranges
                0x00000be0       0x20 ./src/fonts.o
 .debug_aranges
                0x00000c00       0x70 ./src/iic_2864_gpio_simulate.o
 .debug_aranges
                0x00000c70       0x68 ./src/iic_2864_operate.o
 .debug_aranges
                0x00000cd8       0x98 ./src/lcd_show_content.o
 .debug_aranges
                0x00000d70       0xc0 ./src/main.o

.debug_pubnames
 *(.debug_pubnames)

.debug_info     0x00000000    0x1bd19
 *(.debug_info .gnu.linkonce.wi.*)
 .debug_info    0x00000000      0x63a ./system/src/stm32f1-stdperiph/misc.o
 .debug_info    0x0000063a      0xbca ./system/src/stm32f1-stdperiph/stm32f10x_flash.o
 .debug_info    0x00001204      0xbd6 ./system/src/stm32f1-stdperiph/stm32f10x_gpio.o
 .debug_info    0x00001dda      0xc7b ./system/src/stm32f1-stdperiph/stm32f10x_rcc.o
 .debug_info    0x00002a55     0x3931 ./system/src/stm32f1-stdperiph/stm32f10x_tim.o
 .debug_info    0x00006386     0x128b ./system/src/stm32f1-stdperiph/stm32f10x_usart.o
 .debug_info    0x00007611      0x952 ./system/src/newlib/_exit.o
 .debug_info    0x00007f63      0x93e ./system/src/newlib/_sbrk.o
 .debug_info    0x000088a1      0x434 ./system/src/newlib/_startup.o
 .debug_info    0x00008cd5      0xa15 ./system/src/newlib/_syscalls.o
 .debug_info    0x000096ea      0x9fb ./system/src/newlib/assert.o
 .debug_info    0x0000a0e5      0xb26 ./system/src/diag/Trace.o
 .debug_info    0x0000ac0b      0x36c ./system/src/diag/trace_impl.o
 .debug_info    0x0000af77      0x2bc ./system/src/cortexm/_initialize_hardware.o
 .debug_info    0x0000b233     0x113b ./system/src/cortexm/exception_handlers.o
 .debug_info    0x0000c36e      0x49a ./system/src/cmsis/system_stm32f10x.o
 .debug_info    0x0000c808       0xd1 ./system/src/cmsis/vectors_stm32f10x.o
 .debug_info    0x0000c8d9      0x354 ./src/Data_pool.o
 .debug_info    0x0000cc2d      0x378 ./src/Fitting_method.o
 .debug_info    0x0000cfa5      0x78e ./src/WrRe_coe_from_flash.o
 .debug_info    0x0000d733      0x27f ./src/bsp_internal_flash.o
 .debug_info    0x0000d9b2      0xc18 ./src/bsp_tim.o
 .debug_info    0x0000e5ca     0x135f ./src/bsp_usart.o
 .debug_info    0x0000f929      0x56f ./src/clib.o
 .debug_info    0x0000fe98      0xa7e ./src/fonts.o
 .debug_info    0x00010916      0x9ce ./src/iic_2864_gpio_simulate.o
 .debug_info    0x000112e4     0x10ec ./src/iic_2864_operate.o
 .debug_info    0x000123d0     0x1f94 ./src/lcd_show_content.o
 .debug_info    0x00014364     0x79b5 ./src/main.o

.debug_abbrev   0x00000000     0x3916
 *(.debug_abbrev)
 .debug_abbrev  0x00000000      0x192 ./system/src/stm32f1-stdperiph/misc.o
 .debug_abbrev  0x00000192      0x1c9 ./system/src/stm32f1-stdperiph/stm32f10x_flash.o
 .debug_abbrev  0x0000035b      0x205 ./system/src/stm32f1-stdperiph/stm32f10x_gpio.o
 .debug_abbrev  0x00000560      0x209 ./system/src/stm32f1-stdperiph/stm32f10x_rcc.o
 .debug_abbrev  0x00000769      0x1e9 ./system/src/stm32f1-stdperiph/stm32f10x_tim.o
 .debug_abbrev  0x00000952      0x1de ./system/src/stm32f1-stdperiph/stm32f10x_usart.o
 .debug_abbrev  0x00000b30      0x1f3 ./system/src/newlib/_exit.o
 .debug_abbrev  0x00000d23      0x1fc ./system/src/newlib/_sbrk.o
 .debug_abbrev  0x00000f1f      0x1c4 ./system/src/newlib/_startup.o
 .debug_abbrev  0x000010e3      0x234 ./system/src/newlib/_syscalls.o
 .debug_abbrev  0x00001317      0x1f3 ./system/src/newlib/assert.o
 .debug_abbrev  0x0000150a      0x276 ./system/src/diag/Trace.o
 .debug_abbrev  0x00001780      0x1d3 ./system/src/diag/trace_impl.o
 .debug_abbrev  0x00001953       0xea ./system/src/cortexm/_initialize_hardware.o
 .debug_abbrev  0x00001a3d      0x329 ./system/src/cortexm/exception_handlers.o
 .debug_abbrev  0x00001d66      0x175 ./system/src/cmsis/system_stm32f10x.o
 .debug_abbrev  0x00001edb       0x9d ./system/src/cmsis/vectors_stm32f10x.o
 .debug_abbrev  0x00001f78      0x150 ./src/Data_pool.o
 .debug_abbrev  0x000020c8      0x12b ./src/Fitting_method.o
 .debug_abbrev  0x000021f3      0x1fa ./src/WrRe_coe_from_flash.o
 .debug_abbrev  0x000023ed      0x12d ./src/bsp_internal_flash.o
 .debug_abbrev  0x0000251a      0x1e7 ./src/bsp_tim.o
 .debug_abbrev  0x00002701      0x2ae ./src/bsp_usart.o
 .debug_abbrev  0x000029af      0x18a ./src/clib.o
 .debug_abbrev  0x00002b39      0x222 ./src/fonts.o
 .debug_abbrev  0x00002d5b      0x23b ./src/iic_2864_gpio_simulate.o
 .debug_abbrev  0x00002f96      0x2bb ./src/iic_2864_operate.o
 .debug_abbrev  0x00003251      0x28e ./src/lcd_show_content.o
 .debug_abbrev  0x000034df      0x437 ./src/main.o

.debug_line     0x00000000     0xbf7d
 *(.debug_line)
 .debug_line    0x00000000      0x40d ./system/src/stm32f1-stdperiph/misc.o
 .debug_line    0x0000040d      0x6f6 ./system/src/stm32f1-stdperiph/stm32f10x_flash.o
 .debug_line    0x00000b03      0x8ee ./system/src/stm32f1-stdperiph/stm32f10x_gpio.o
 .debug_line    0x000013f1      0x84c ./system/src/stm32f1-stdperiph/stm32f10x_rcc.o
 .debug_line    0x00001c3d     0x2585 ./system/src/stm32f1-stdperiph/stm32f10x_tim.o
 .debug_line    0x000041c2      0xae8 ./system/src/stm32f1-stdperiph/stm32f10x_usart.o
 .debug_line    0x00004caa      0x34f ./system/src/newlib/_exit.o
 .debug_line    0x00004ff9      0x304 ./system/src/newlib/_sbrk.o
 .debug_line    0x000052fd      0x3be ./system/src/newlib/_startup.o
 .debug_line    0x000056bb      0x41c ./system/src/newlib/_syscalls.o
 .debug_line    0x00005ad7      0x38a ./system/src/newlib/assert.o
 .debug_line    0x00005e61      0x3bb ./system/src/diag/Trace.o
 .debug_line    0x0000621c      0x635 ./system/src/diag/trace_impl.o
 .debug_line    0x00006851      0x373 ./system/src/cortexm/_initialize_hardware.o
 .debug_line    0x00006bc4      0x6ec ./system/src/cortexm/exception_handlers.o
 .debug_line    0x000072b0      0x3e7 ./system/src/cmsis/system_stm32f10x.o
 .debug_line    0x00007697      0x103 ./system/src/cmsis/vectors_stm32f10x.o
 .debug_line    0x0000779a      0x3df ./src/Data_pool.o
 .debug_line    0x00007b79      0x40c ./src/Fitting_method.o
 .debug_line    0x00007f85      0x588 ./src/WrRe_coe_from_flash.o
 .debug_line    0x0000850d      0x3c6 ./src/bsp_internal_flash.o
 .debug_line    0x000088d3      0x40f ./src/bsp_tim.o
 .debug_line    0x00008ce2      0x5f4 ./src/bsp_usart.o
 .debug_line    0x000092d6      0x33e ./src/clib.o
 .debug_line    0x00009614      0x507 ./src/fonts.o
 .debug_line    0x00009b1b      0x4ae ./src/iic_2864_gpio_simulate.o
 .debug_line    0x00009fc9      0x6d3 ./src/iic_2864_operate.o
 .debug_line    0x0000a69c      0x767 ./src/lcd_show_content.o
 .debug_line    0x0000ae03     0x117a ./src/main.o

.debug_frame    0x00000000     0x2e14
 *(.debug_frame)
 .debug_frame   0x00000000       0x90 ./system/src/stm32f1-stdperiph/misc.o
 .debug_frame   0x00000090      0x288 ./system/src/stm32f1-stdperiph/stm32f10x_flash.o
 .debug_frame   0x00000318      0x1e8 ./system/src/stm32f1-stdperiph/stm32f10x_gpio.o
 .debug_frame   0x00000500      0x320 ./system/src/stm32f1-stdperiph/stm32f10x_rcc.o
 .debug_frame   0x00000820      0x9fc ./system/src/stm32f1-stdperiph/stm32f10x_tim.o
 .debug_frame   0x0000121c      0x320 ./system/src/stm32f1-stdperiph/stm32f10x_usart.o
 .debug_frame   0x0000153c       0x38 ./system/src/newlib/_exit.o
 .debug_frame   0x00001574       0x28 ./system/src/newlib/_sbrk.o
 .debug_frame   0x0000159c       0x7c ./system/src/newlib/_startup.o
 .debug_frame   0x00001618       0x50 ./system/src/newlib/_syscalls.o
 .debug_frame   0x00001668       0x40 ./system/src/newlib/assert.o
 .debug_frame   0x000016a8       0x94 ./system/src/diag/Trace.o
 .debug_frame   0x0000173c       0x64 ./system/src/diag/trace_impl.o
 .debug_frame   0x000017a0       0x40 ./system/src/cortexm/_initialize_hardware.o
 .debug_frame   0x000017e0      0x158 ./system/src/cortexm/exception_handlers.o
 .debug_frame   0x00001938       0x6c ./system/src/cmsis/system_stm32f10x.o
 .debug_frame   0x000019a4       0x20 ./system/src/cmsis/vectors_stm32f10x.o
 .debug_frame   0x000019c4       0xac ./src/Data_pool.o
 .debug_frame   0x00001a70       0xbc ./src/Fitting_method.o
 .debug_frame   0x00001b2c       0xd8 ./src/WrRe_coe_from_flash.o
 .debug_frame   0x00001c04       0x78 ./src/bsp_internal_flash.o
 .debug_frame   0x00001c7c       0xc4 ./src/bsp_tim.o
 .debug_frame   0x00001d40      0x298 ./src/bsp_usart.o
 .debug_frame   0x00001fd8      0x194 ./src/clib.o
 .debug_frame   0x0000216c       0x2c ./src/fonts.o
 .debug_frame   0x00002198      0x128 ./src/iic_2864_gpio_simulate.o
 .debug_frame   0x000022c0       0xf8 ./src/iic_2864_operate.o
 .debug_frame   0x000023b8      0x238 ./src/lcd_show_content.o
 .debug_frame   0x000025f0      0x308 ./src/main.o
 .debug_frame   0x000028f8       0xac c:/program files (x86)/gnu tools arm embedded/6.2 2016q4/bin/../lib/gcc/arm-none-eabi/6.2.1/thumb/v7-m\libgcc.a(_arm_addsubdf3.o)
 .debug_frame   0x000029a4       0x50 c:/program files (x86)/gnu tools arm embedded/6.2 2016q4/bin/../lib/gcc/arm-none-eabi/6.2.1/thumb/v7-m\libgcc.a(_arm_muldivdf3.o)
 .debug_frame   0x000029f4       0xc4 c:/program files (x86)/gnu tools arm embedded/6.2 2016q4/bin/../lib/gcc/arm-none-eabi/6.2.1/thumb/v7-m\libgcc.a(_arm_cmpdf2.o)
 .debug_frame   0x00002ab8       0x24 c:/program files (x86)/gnu tools arm embedded/6.2 2016q4/bin/../lib/gcc/arm-none-eabi/6.2.1/thumb/v7-m\libgcc.a(_arm_fixunsdfsi.o)
 .debug_frame   0x00002adc       0x20 c:/program files (x86)/gnu tools arm embedded/6.2 2016q4/bin/../lib/gcc/arm-none-eabi/6.2.1/../../../../arm-none-eabi/lib/thumb/v7-m\libg_nano.a(lib_a-errno.o)
 .debug_frame   0x00002afc       0x28 c:/program files (x86)/gnu tools arm embedded/6.2 2016q4/bin/../lib/gcc/arm-none-eabi/6.2.1/../../../../arm-none-eabi/lib/thumb/v7-m\libg_nano.a(lib_a-memcpy-stub.o)
 .debug_frame   0x00002b24       0x20 c:/program files (x86)/gnu tools arm embedded/6.2 2016q4/bin/../lib/gcc/arm-none-eabi/6.2.1/../../../../arm-none-eabi/lib/thumb/v7-m\libg_nano.a(lib_a-memset.o)
 .debug_frame   0x00002b44       0x28 c:/program files (x86)/gnu tools arm embedded/6.2 2016q4/bin/../lib/gcc/arm-none-eabi/6.2.1/../../../../arm-none-eabi/lib/thumb/v7-m\libg_nano.a(lib_a-strncmp.o)
 .debug_frame   0x00002b6c       0x4c c:/program files (x86)/gnu tools arm embedded/6.2 2016q4/bin/../lib/gcc/arm-none-eabi/6.2.1/../../../../arm-none-eabi/lib/thumb/v7-m\libg_nano.a(lib_a-vsnprintf.o)
 .debug_frame   0x00002bb8       0x90 c:/program files (x86)/gnu tools arm embedded/6.2 2016q4/bin/../lib/gcc/arm-none-eabi/6.2.1/../../../../arm-none-eabi/lib/thumb/v7-m\libg_nano.a(lib_a-nano-svfprintf.o)
 .debug_frame   0x00002c48       0x60 c:/program files (x86)/gnu tools arm embedded/6.2 2016q4/bin/../lib/gcc/arm-none-eabi/6.2.1/../../../../arm-none-eabi/lib/thumb/v7-m\libg_nano.a(lib_a-nano-vfprintf_i.o)
 .debug_frame   0x00002ca8       0x28 c:/program files (x86)/gnu tools arm embedded/6.2 2016q4/bin/../lib/gcc/arm-none-eabi/6.2.1/../../../../arm-none-eabi/lib/thumb/v7-m\libg_nano.a(lib_a-memchr-stub.o)
 .debug_frame   0x00002cd0       0x28 c:/program files (x86)/gnu tools arm embedded/6.2 2016q4/bin/../lib/gcc/arm-none-eabi/6.2.1/../../../../arm-none-eabi/lib/thumb/v7-m\libg_nano.a(lib_a-memmove.o)
 .debug_frame   0x00002cf8       0x38 c:/program files (x86)/gnu tools arm embedded/6.2 2016q4/bin/../lib/gcc/arm-none-eabi/6.2.1/../../../../arm-none-eabi/lib/thumb/v7-m\libg_nano.a(lib_a-nano-freer.o)
 .debug_frame   0x00002d30       0x2c c:/program files (x86)/gnu tools arm embedded/6.2 2016q4/bin/../lib/gcc/arm-none-eabi/6.2.1/../../../../arm-none-eabi/lib/thumb/v7-m\libg_nano.a(lib_a-nano-mallocr.o)
 .debug_frame   0x00002d5c       0x3c c:/program files (x86)/gnu tools arm embedded/6.2 2016q4/bin/../lib/gcc/arm-none-eabi/6.2.1/../../../../arm-none-eabi/lib/thumb/v7-m\libg_nano.a(lib_a-nano-reallocr.o)
 .debug_frame   0x00002d98       0x2c c:/program files (x86)/gnu tools arm embedded/6.2 2016q4/bin/../lib/gcc/arm-none-eabi/6.2.1/../../../../arm-none-eabi/lib/thumb/v7-m\libg_nano.a(lib_a-sbrkr.o)
 .debug_frame   0x00002dc4       0x30 c:/program files (x86)/gnu tools arm embedded/6.2 2016q4/bin/../lib/gcc/arm-none-eabi/6.2.1/../../../../arm-none-eabi/lib/thumb/v7-m\libg_nano.a(lib_a-mlock.o)
 .debug_frame   0x00002df4       0x20 c:/program files (x86)/gnu tools arm embedded/6.2 2016q4/bin/../lib/gcc/arm-none-eabi/6.2.1/../../../../arm-none-eabi/lib/thumb/v7-m\libg_nano.a(lib_a-nano-msizer.o)

.debug_str      0x00000000    0x5a64d
 *(.debug_str)
 .debug_str     0x00000000    0x4e4f0 ./system/src/stm32f1-stdperiph/misc.o
                              0x4e674 (size before relaxing)
 .debug_str     0x0004e4f0      0x89e ./system/src/stm32f1-stdperiph/stm32f10x_flash.o
                              0x4ec9f (size before relaxing)
 .debug_str     0x0004ed8e      0x638 ./system/src/stm32f1-stdperiph/stm32f10x_gpio.o
                              0x4ea2a (size before relaxing)
 .debug_str     0x0004f3c6      0xb4a ./system/src/stm32f1-stdperiph/stm32f10x_rcc.o
                              0x4efc1 (size before relaxing)
 .debug_str     0x0004ff10      0xc1d ./system/src/stm32f1-stdperiph/stm32f10x_tim.o
                              0x4f10d (size before relaxing)
 .debug_str     0x00050b2d      0x7f8 ./system/src/stm32f1-stdperiph/stm32f10x_usart.o
                              0x4ed2b (size before relaxing)
 .debug_str     0x00051325     0x4c4b ./system/src/newlib/_exit.o
                               0x73b7 (size before relaxing)
 .debug_str     0x00055f70      0x4f5 ./system/src/newlib/_sbrk.o
                               0x6782 (size before relaxing)
 .debug_str     0x00056465      0x260 ./system/src/newlib/_startup.o
                               0x5f41 (size before relaxing)
 .debug_str     0x000566c5      0xe2c ./system/src/newlib/_syscalls.o
                               0x75fe (size before relaxing)
 .debug_str     0x000574f1       0xd0 ./system/src/newlib/assert.o
                               0x7ebc (size before relaxing)
 .debug_str     0x000575c1      0x883 ./system/src/diag/Trace.o
                               0x7b9d (size before relaxing)
 .debug_str     0x00057e44      0x37b ./system/src/diag/trace_impl.o
                              0x523bc (size before relaxing)
 .debug_str     0x000581bf       0x5e ./system/src/cortexm/_initialize_hardware.o
                              0x4e4dc (size before relaxing)
 .debug_str     0x0005821d      0x19d ./system/src/cortexm/exception_handlers.o
                              0x53554 (size before relaxing)
 .debug_str     0x000583ba       0x72 ./system/src/cmsis/system_stm32f10x.o
                              0x4e576 (size before relaxing)
 .debug_str     0x0005842c       0x57 ./system/src/cmsis/vectors_stm32f10x.o
                               0x30f8 (size before relaxing)
 .debug_str     0x00058483      0x149 ./src/Data_pool.o
                              0x4e569 (size before relaxing)
 .debug_str     0x000585cc      0x192 ./src/Fitting_method.o
                              0x4e52f (size before relaxing)
 .debug_str     0x0005875e      0x7bf ./src/WrRe_coe_from_flash.o
                              0x4eca5 (size before relaxing)
 .debug_str     0x00058f1d       0xa1 ./src/bsp_internal_flash.o
                              0x4e55d (size before relaxing)
 .debug_str     0x00058fbe      0x4ed ./src/bsp_tim.o
                              0x4f237 (size before relaxing)
 .debug_str     0x000594ab      0x211 ./src/bsp_usart.o
                              0x4f489 (size before relaxing)
 .debug_str     0x000596bc      0x134 ./src/clib.o
                               0x3205 (size before relaxing)
 .debug_str     0x000597f0       0xa8 ./src/fonts.o
                              0x515f6 (size before relaxing)
 .debug_str     0x00059898      0x211 ./src/iic_2864_gpio_simulate.o
                              0x4e7ff (size before relaxing)
 .debug_str     0x00059aa9      0x2a5 ./src/iic_2864_operate.o
                              0x51c72 (size before relaxing)
 .debug_str     0x00059d4e      0x34c ./src/lcd_show_content.o
                              0x5234a (size before relaxing)
 .debug_str     0x0005a09a      0x5b3 ./src/main.o
                              0x55043 (size before relaxing)

.debug_loc      0x00000000     0xa703
 *(.debug_loc)
 .debug_loc     0x00000000      0x16a ./system/src/stm32f1-stdperiph/misc.o
 .debug_loc     0x0000016a      0x8f0 ./system/src/stm32f1-stdperiph/stm32f10x_flash.o
 .debug_loc     0x00000a5a      0x8ae ./system/src/stm32f1-stdperiph/stm32f10x_gpio.o
 .debug_loc     0x00001308      0x9cf ./system/src/stm32f1-stdperiph/stm32f10x_rcc.o
 .debug_loc     0x00001cd7     0x2635 ./system/src/stm32f1-stdperiph/stm32f10x_tim.o
 .debug_loc     0x0000430c      0xc98 ./system/src/stm32f1-stdperiph/stm32f10x_usart.o
 .debug_loc     0x00004fa4       0x85 ./system/src/newlib/_sbrk.o
 .debug_loc     0x00005029      0x19e ./system/src/newlib/_startup.o
 .debug_loc     0x000051c7       0x63 ./system/src/newlib/_syscalls.o
 .debug_loc     0x0000522a      0x134 ./system/src/newlib/assert.o
 .debug_loc     0x0000535e       0xf6 ./system/src/diag/Trace.o
 .debug_loc     0x00005454      0x121 ./system/src/diag/trace_impl.o
 .debug_loc     0x00005575      0x291 ./system/src/cortexm/exception_handlers.o
 .debug_loc     0x00005806       0xdf ./system/src/cmsis/system_stm32f10x.o
 .debug_loc     0x000058e5      0x282 ./src/Data_pool.o
 .debug_loc     0x00005b67      0x4fb ./src/Fitting_method.o