Archive member included to satisfy reference by file (symbol)

c:/program files (x86)/gnu tools arm embedded/6.2 2016q4/bin/../lib/gcc/arm-none-eabi/6.2.1/thumb/v7-m\libgcc.a(_arm_addsubdf3.o)
                              ./src/Fitting_method.o (__aeabi_dsub)
c:/program files (x86)/gnu tools arm embedded/6.2 2016q4/bin/../lib/gcc/arm-none-eabi/6.2.1/thumb/v7-m\libgcc.a(_arm_muldivdf3.o)
                              ./src/Fitting_method.o (__aeabi_dmul)
c:/program files (x86)/gnu tools arm embedded/6.2 2016q4/bin/../lib/gcc/arm-none-eabi/6.2.1/thumb/v7-m\libgcc.a(_arm_cmpdf2.o)
                              ./src/Fitting_method.o (__aeabi_dcmpeq)
c:/program files (x86)/gnu tools arm embedded/6.2 2016q4/bin/../lib/gcc/arm-none-eabi/6.2.1/thumb/v7-m\libgcc.a(_arm_fixdfsi.o)
                              ./src/main.o (__aeabi_d2iz)
c:/program files (x86)/gnu tools arm embedded/6.2 2016q4/bin/../lib/gcc/arm-none-eabi/6.2.1/thumb/v7-m\libgcc.a(_arm_fixunsdfsi.o)
                              ./src/WrRe_coe_from_flash.o (__aeabi_d2uiz)
c:/program files (x86)/gnu tools arm embedded/6.2 2016q4/bin/../lib/gcc/arm-none-eabi/6.2.1/../../../../arm-none-eabi/lib/thumb/v7-m\libg_nano.a(lib_a-errno.o)
                              ./system/src/newlib/_sbrk.o (__errno)
c:/program files (x86)/gnu tools arm embedded/6.2 2016q4/bin/../lib/gcc/arm-none-eabi/6.2.1/../../../../arm-none-eabi/lib/thumb/v7-m\libg_nano.a(lib_a-impure.o)
                              c:/program files (x86)/gnu tools arm embedded/6.2 2016q4/bin/../lib/gcc/arm-none-eabi/6.2.1/../../../../arm-none-eabi/lib/thumb/v7-m\libg_nano.a(lib_a-errno.o) (_impure_ptr)
c:/program files (x86)/gnu tools arm embedded/6.2 2016q4/bin/../lib/gcc/arm-none-eabi/6.2.1/../../../../arm-none-eabi/lib/thumb/v7-m\libg_nano.a(lib_a-memcpy-stub.o)
                              ./src/main.o (memcpy)
c:/program files (x86)/gnu tools arm embedded/6.2 2016q4/bin/../lib/gcc/arm-none-eabi/6.2.1/../../../../arm-none-eabi/lib/thumb/v7-m\libg_nano.a(lib_a-memset.o)
                              ./src/WrRe_coe_from_flash.o (memset)
c:/program files (x86)/gnu tools arm embedded/6.2 2016q4/bin/../lib/gcc/arm-none-eabi/6.2.1/../../../../arm-none-eabi/lib/thumb/v7-m\libg_nano.a(lib_a-strlen.o)
                              ./system/src/diag/Trace.o (strlen)
c:/program files (x86)/gnu tools arm embedded/6.2 2016q4/bin/../lib/gcc/arm-none-eabi/6.2.1/../../../../arm-none-eabi/lib/thumb/v7-m\libg_nano.a(lib_a-strncmp.o)
                              ./src/main.o (strncmp)
c:/program files (x86)/gnu tools arm embedded/6.2 2016q4/bin/../lib/gcc/arm-none-eabi/6.2.1/../../../../arm-none-eabi/lib/thumb/v7-m\libg_nano.a(lib_a-vsnprintf.o)
                              ./system/src/diag/Trace.o (vsnprintf)
c:/program files (x86)/gnu tools arm embedded/6.2 2016q4/bin/../lib/gcc/arm-none-eabi/6.2.1/../../../../arm-none-eabi/lib/thumb/v7-m\libg_nano.a(lib_a-nano-svfprintf.o)
                              c:/program files (x86)/gnu tools arm embedded/6.2 2016q4/bin/../lib/gcc/arm-none-eabi/6.2.1/../../../../arm-none-eabi/lib/thumb/v7-m\libg_nano.a(lib_a-vsnprintf.o) (_svfprintf_r)
c:/program files (x86)/gnu tools arm embedded/6.2 2016q4/bin/../lib/gcc/arm-none-eabi/6.2.1/../../../../arm-none-eabi/lib/thumb/v7-m\libg_nano.a(lib_a-nano-vfprintf_i.o)
                              c:/program files (x86)/gnu tools arm embedded/6.2 2016q4/bin/../lib/gcc/arm-none-eabi/6.2.1/../../../../arm-none-eabi/lib/thumb/v7-m\libg_nano.a(lib_a-nano-svfprintf.o) (_printf_i)
c:/program files (x86)/gnu tools arm embedded/6.2 2016q4/bin/../lib/gcc/arm-none-eabi/6.2.1/../../../../arm-none-eabi/lib/thumb/v7-m\libg_nano.a(lib_a-memchr-stub.o)
                              c:/program files (x86)/gnu tools arm embedded/6.2 2016q4/bin/../lib/gcc/arm-none-eabi/6.2.1/../../../../arm-none-eabi/lib/thumb/v7-m\libg_nano.a(lib_a-nano-svfprintf.o) (memchr)
c:/program files (x86)/gnu tools arm embedded/6.2 2016q4/bin/../lib/gcc/arm-none-eabi/6.2.1/../../../../arm-none-eabi/lib/thumb/v7-m\libg_nano.a(lib_a-memmove.o)
                              c:/program files (x86)/gnu tools arm embedded/6.2 2016q4/bin/../lib/gcc/arm-none-eabi/6.2.1/../../../../arm-none-eabi/lib/thumb/v7-m\libg_nano.a(lib_a-nano-svfprintf.o) (memmove)
c:/program files (x86)/gnu tools arm embedded/6.2 2016q4/bin/../lib/gcc/arm-none-eabi/6.2.1/../../../../arm-none-eabi/lib/thumb/v7-m\libg_nano.a(lib_a-nano-freer.o)
                              c:/program files (x86)/gnu tools arm embedded/6.2 2016q4/bin/../lib/gcc/arm-none-eabi/6.2.1/../../../../arm-none-eabi/lib/thumb/v7-m\libg_nano.a(lib_a-nano-svfprintf.o) (_free_r)
c:/program files (x86)/gnu tools arm embedded/6.2 2016q4/bin/../lib/gcc/arm-none-eabi/6.2.1/../../../../arm-none-eabi/lib/thumb/v7-m\libg_nano.a(lib_a-nano-mallocr.o)
[...]
Memory Configuration

Name             Origin             Length             Attributes
RAM              0x20000000         0x0000c000         xrw
CCMRAM           0x00000000         0x00000000         xrw
FLASH            0x08000000         0x00040000         xr
FLASHB1          0x00000000         0x00000000         xr
EXTMEMB0         0x00000000         0x00000000         xr
EXTMEMB1         0x00000000         0x00000000         xr
EXTMEMB2         0x00000000         0x00000000         xr
EXTMEMB3         0x00000000         0x00000000         xr
MEMORY_ARRAY     0x00000000         0x00000000         xrw
*default*        0x00000000         0xffffffff

Linker script and memory map

LOAD ./system/src/stm32f1-stdperiph/misc.o
LOAD ./system/src/stm32f1-stdperiph/stm32f10x_flash.o
LOAD ./system/src/stm32f1-stdperiph/stm32f10x_gpio.o
LOAD ./system/src/stm32f1-stdperiph/stm32f10x_i2c.o
LOAD ./system/src/stm32f1-stdperiph/stm32f10x_rcc.o
LOAD ./system/src/stm32f1-stdperiph/stm32f10x_tim.o
LOAD ./system/src/stm32f1-stdperiph/stm32f10x_usart.o
LOAD ./system/src/newlib/_cxx.o
LOAD ./system/src/newlib/_exit.o
LOAD ./system/src/newlib/_sbrk.o
LOAD ./system/src/newlib/_startup.o
LOAD ./system/src/newlib/_syscalls.o
LOAD ./system/src/newlib/assert.o
LOAD ./system/src/diag/Trace.o
LOAD ./system/src/diag/trace_impl.o
LOAD ./system/src/cortexm/_initialize_hardware.o
LOAD ./system/src/cortexm/_reset_hardware.o
LOAD ./system/src/cortexm/exception_handlers.o
LOAD ./system/src/cmsis/system_stm32f10x.o
LOAD ./system/src/cmsis/vectors_stm32f10x.o
LOAD ./src/Data_pool.o
LOAD ./src/Fitting_method.o
LOAD ./src/WrRe_coe_from_flash.o
LOAD ./src/_write.o
LOAD ./src/bsp_iic_2864.o
LOAD ./src/bsp_internal_flash.o
LOAD ./src/bsp_tim.o
LOAD ./src/bsp_usart.o
LOAD ./src/clib.o
LOAD ./src/fonts.o
LOAD ./src/iic_2864_gpio_simulate.o
LOAD ./src/iic_2864_operate.o
LOAD ./src/lcd_show_content.o
LOAD ./src/main.o
LOAD c:/program files (x86)/gnu tools arm embedded/6.2 2016q4/bin/../lib/gcc/arm-none-eabi/6.2.1/../../../../arm-none-eabi/lib/thumb/v7-m\libstdc++_nano.a
LOAD c:/program files (x86)/gnu tools arm embedded/6.2 2016q4/bin/../lib/gcc/arm-none-eabi/6.2.1/../../../../arm-none-eabi/lib/thumb/v7-m\libm.a
START GROUP
LOAD c:/program files (x86)/gnu tools arm embedded/6.2 2016q4/bin/../lib/gcc/arm-none-eabi/6.2.1/thumb/v7-m\libgcc.a
LOAD c:/program files (x86)/gnu tools arm embedded/6.2 2016q4/bin/../lib/gcc/arm-none-eabi/6.2.1/../../../../arm-none-eabi/lib/thumb/v7-m\libg_nano.a
LOAD c:/program files (x86)/gnu tools arm embedded/6.2 2016q4/bin/../lib/gcc/arm-none-eabi/6.2.1/../../../../arm-none-eabi/lib/thumb/v7-m\libc_nano.a
END GROUP
START GROUP
LOAD c:/program files (x86)/gnu tools arm embedded/6.2 2016q4/bin/../lib/gcc/arm-none-eabi/6.2.1/thumb/v7-m\libgcc.a
LOAD c:/program files (x86)/gnu tools arm embedded/6.2 2016q4/bin/../lib/gcc/arm-none-eabi/6.2.1/../../../../arm-none-eabi/lib/thumb/v7-m\libc_nano.a
END GROUP
                0x2000c000                __stack = (ORIGIN (RAM) + LENGTH (RAM))
                0x2000c000                _estack = __stack
                0x00000400                __Main_Stack_Size = 0x400
                [!provide]                PROVIDE (_Main_Stack_Size, __Main_Stack_Size)
                0x2000bc00                __Main_Stack_Limit = (__stack - __Main_Stack_Size)
                [!provide]                PROVIDE (_Main_Stack_Limit, __Main_Stack_Limit)
                0x00000100                _Minimum_Stack_Size = 0x100
                0x200007ac                PROVIDE (_Heap_Begin, _end_noinit)
                0x2000bc00                PROVIDE (_Heap_Limit, (__stack - __Main_Stack_Size))

.isr_vector     0x08000000      0x428
 FILL mask 0xff
                0x08000000                __vectors_start = ABSOLUTE (.)
                0x08000000                __vectors_start__ = ABSOLUTE (.)
 *(.isr_vector)
 .isr_vector    0x08000000      0x1e4 ./system/src/cmsis/vectors_stm32f10x.o
                0x08000000                __isr_vectors
 *(.cfmconfig)
 *(.after_vectors .after_vectors.*)
 .after_vectors
                0x080001e4      0x114 ./system/src/newlib/_startup.o
                0x080001e4                _start
 .after_vectors
                0x080002f8      0x12c ./system/src/cortexm/exception_handlers.o
                0x080002f8                Reset_Handler
                0x080002fe                NMI_Handler
                0x08000302                HardFault_Handler
                0x08000316                HardFault_Handler_C
                0x08000374                MemManage_Handler
                0x08000378                BusFault_Handler
                0x0800038c                BusFault_Handler_C
                0x080003c0                UsageFault_Handler
                0x080003d4                UsageFault_Handler_C
                0x08000408                SVC_Handler
                0x0800040c                DebugMon_Handler
                0x08000410                PendSV_Handler
                0x08000414                SysTick_Handler
 .after_vectors
                0x08000424        0x4 ./system/src/cmsis/vectors_stm32f10x.o
                0x08000424                EXTI2_IRQHandler
                0x08000424                TIM8_TRG_COM_IRQHandler
                0x08000424                TIM8_CC_IRQHandler
                0x08000424                TIM1_CC_IRQHandler
                0x08000424                TIM6_IRQHandler
                0x08000424                PVD_IRQHandler
                0x08000424                SDIO_IRQHandler
                0x08000424                CAN2_RX1_IRQHandler
                0x08000424                EXTI3_IRQHandler
                0x08000424                TIM8_TRG_COM_TIM14_IRQHandler
                0x08000424                TIM1_UP_TIM10_IRQHandler
                0x08000424                TIM8_UP_TIM13_IRQHandler
                0x08000424                EXTI0_IRQHandler
                0x08000424                I2C2_EV_IRQHandler
                0x08000424                CAN1_RX0_IRQHandler
                0x08000424                TIM1_UP_TIM16_IRQHandler
                0x08000424                CAN2_SCE_IRQHandler
                0x08000424                ADC1_2_IRQHandler
                0x08000424                SPI1_IRQHandler
                0x08000424                TAMPER_IRQHandler
                0x08000424                TIM6_DAC_IRQHandler
                0x08000424                TIM1_BRK_TIM9_IRQHandler
                0x08000424                CAN2_RX0_IRQHandler
                0x08000424                TIM8_UP_IRQHandler
                0x08000424                DMA2_Channel2_IRQHandler
                0x08000424                DMA1_Channel4_IRQHandler
                0x08000424                RTC_IRQHandler
                0x08000424                DMA1_Channel7_IRQHandler
                0x08000424                CAN1_RX1_IRQHandler
                0x08000424                UART5_IRQHandler
                0x08000424                ADC3_IRQHandler
                0x08000424                TIM4_IRQHandler
                0x08000424                DMA2_Channel1_IRQHandler
                0x08000424                I2C1_EV_IRQHandler
                0x08000424                DMA1_Channel6_IRQHandler
                0x08000424                DMA2_Channel4_IRQHandler
                0x08000424                TIM3_IRQHandler
                0x08000424                RCC_IRQHandler
                0x08000424                TIM8_BRK_TIM12_IRQHandler
                0x08000424                TIM1_TRG_COM_IRQHandler
                0x08000424                DMA1_Channel1_IRQHandler
                0x08000424                Default_Handler
                0x08000424                CEC_IRQHandler
                0x08000424                EXTI15_10_IRQHandler
                0x08000424                TIM14_IRQHandler
                0x08000424                TIM13_IRQHandler
                0x08000424                TIM12_IRQHandler
                0x08000424                TIM7_IRQHandler
                0x08000424                CAN2_TX_IRQHandler
                0x08000424                TIM5_IRQHandler
                0x08000424                EXTI9_5_IRQHandler
                0x08000424                ETH_WKUP_IRQHandler
                0x08000424                SPI2_IRQHandler
                0x08000424                CAN1_TX_IRQHandler
                0x08000424                DMA2_Channel5_IRQHandler
                0x08000424                DMA1_Channel5_IRQHandler
                0x08000424                EXTI4_IRQHandler
                0x08000424                USB_LP_CAN1_RX0_IRQHandler
                0x08000424                TIM1_TRG_COM_TIM17_IRQHandler
                0x08000424                USB_HP_CAN1_TX_IRQHandler
                0x08000424                DMA1_Channel3_IRQHandler
                0x08000424                FSMC_IRQHandler
                0x08000424                ETH_IRQHandler
                0x08000424                TIM1_UP_IRQHandler
                0x08000424                WWDG_IRQHandler
                0x08000424                OTG_FS_WKUP_IRQHandler
                0x08000424                TIM1_TRG_COM_TIM11_IRQHandler
                0x08000424                TIM1_BRK_IRQHandler
                0x08000424                EXTI1_IRQHandler
                0x08000424                RTCAlarm_IRQHandler
                0x08000424                DMA2_Channel4_5_IRQHandler
                0x08000424                I2C2_ER_IRQHandler
                0x08000424                DMA1_Channel2_IRQHandler
                0x08000424                TIM8_BRK_IRQHandler
                0x08000424                CAN1_SCE_IRQHandler
                0x08000424                FLASH_IRQHandler
                0x08000424                OTG_FS_IRQHandler
                0x08000424                SPI3_IRQHandler
                0x08000424                I2C1_ER_IRQHandler
                0x08000424                USBWakeUp_IRQHandler
                0x08000424                DMA2_Channel3_IRQHandler
                0x08000424                TIM1_BRK_TIM15_IRQHandler

.inits          0x08000428       0x28
                0x08000428                __data_regions_array_start = .
                0x08000428        0x4 LONG 0x800791c LOADADDR (.data)
                0x0800042c        0x4 LONG 0x20000000 ADDR (.data)
                0x08000430        0x4 LONG 0x20000108 (ADDR (.data) + SIZEOF (.data))
                0x08000434        0x4 LONG 0x800791c LOADADDR (.data_CCMRAM)
                0x08000438        0x4 LONG 0x0 ADDR (.data_CCMRAM)
                0x0800043c        0x4 LONG 0x0 (ADDR (.data_CCMRAM) + SIZEOF (.data_CCMRAM))
                0x08000440                __data_regions_array_end = .
                0x08000440                __bss_regions_array_start = .
                0x08000440        0x4 LONG 0x20000108 ADDR (.bss)
                0x08000444        0x4 LONG 0x200007ac (ADDR (.bss) + SIZEOF (.bss))
                0x08000448        0x4 LONG 0x0 ADDR (.bss_CCMRAM)
                0x0800044c        0x4 LONG 0x0 (ADDR (.bss_CCMRAM) + SIZEOF (.bss_CCMRAM))
                0x08000450                __bss_regions_array_end = .
 *(.init)
 *(.fini)
                0x08000450                . = ALIGN (0x4)
                0x08000450                PROVIDE (__preinit_array_start, .)
 *(.preinit_array_sysinit .preinit_array_sysinit.*)
 *(.preinit_array_platform .preinit_array_platform.*)
 *(.preinit_array .preinit_array.*)
                0x08000450                PROVIDE (__preinit_array_end, .)
                0x08000450                . = ALIGN (0x4)
                0x08000450                PROVIDE (__init_array_start, .)
 *(SORT(.init_array.*))
 *(.init_array)
                0x08000450                PROVIDE (__init_array_end, .)
                0x08000450                . = ALIGN (0x4)
                0x08000450                PROVIDE (__fini_array_start, .)
 *(SORT(.fini_array.*))
 *(.fini_array)
                0x08000450                PROVIDE (__fini_array_end, .)

.flashtext
 *(.flashtext .flashtext.*)

.text           0x08000450     0x74cb
 *(.text .text.*)
 .text.NVIC_PriorityGroupConfig
                0x08000450       0x40 ./system/src/stm32f1-stdperiph/misc.o
                0x08000450                NVIC_PriorityGroupConfig
 .text.NVIC_Init
                0x08000490       0x9c ./system/src/stm32f1-stdperiph/misc.o
                0x08000490                NVIC_Init
 .text.FLASH_Unlock
                0x0800052c       0x18 ./system/src/stm32f1-stdperiph/stm32f10x_flash.o
                0x0800052c                FLASH_Unlock
 .text.FLASH_Lock
                0x08000544       0x10 ./system/src/stm32f1-stdperiph/stm32f10x_flash.o
                0x08000544                FLASH_Lock
 .text.FLASH_GetBank1Status
                0x08000554       0x34 ./system/src/stm32f1-stdperiph/stm32f10x_flash.o
                0x08000554                FLASH_GetBank1Status
 .text.FLASH_WaitForLastOperation
                0x08000588       0x1e ./system/src/stm32f1-stdperiph/stm32f10x_flash.o
                0x08000588                FLASH_WaitForLastOperation
 *fill*         0x080005a6        0x2 
 .text.FLASH_ErasePage
                0x080005a8       0x60 ./system/src/stm32f1-stdperiph/stm32f10x_flash.o
                0x080005a8                FLASH_ErasePage
 .text.FLASH_ProgramHalfWord
                0x08000608       0x58 ./system/src/stm32f1-stdperiph/stm32f10x_flash.o
                0x08000608                FLASH_ProgramHalfWord
 .text.GPIO_Init
                0x08000660      0x130 ./system/src/stm32f1-stdperiph/stm32f10x_gpio.o
                0x08000660                GPIO_Init
 .text.GPIO_ReadInputDataBit
                0x08000790       0xb8 ./system/src/stm32f1-stdperiph/stm32f10x_gpio.o
                0x08000790                GPIO_ReadInputDataBit
 .text.GPIO_SetBits
                0x08000848       0x60 ./system/src/stm32f1-stdperiph/stm32f10x_gpio.o
                0x08000848                GPIO_SetBits
 .text.GPIO_ResetBits
                0x080008a8       0x60 ./system/src/stm32f1-stdperiph/stm32f10x_gpio.o
                0x080008a8                GPIO_ResetBits
 .text.RCC_DeInit
                0x08000908       0x40 ./system/src/stm32f1-stdperiph/stm32f10x_rcc.o
                0x08000908                RCC_DeInit
 .text.RCC_HSEConfig
                0x08000948       0x5c ./system/src/stm32f1-stdperiph/stm32f10x_rcc.o
                0x08000948                RCC_HSEConfig
 .text.RCC_PLLConfig
                0x080009a4       0x98 ./system/src/stm32f1-stdperiph/stm32f10x_rcc.o
                0x080009a4                RCC_PLLConfig
 .text.RCC_PLLCmd
                0x08000a3c       0x20 ./system/src/stm32f1-stdperiph/stm32f10x_rcc.o
                0x08000a3c                RCC_PLLCmd
 .text.RCC_SYSCLKConfig
                0x08000a5c       0x2c ./system/src/stm32f1-stdperiph/stm32f10x_rcc.o
                0x08000a5c                RCC_SYSCLKConfig
 .text.RCC_GetSYSCLKSource
                0x08000a88       0x10 ./system/src/stm32f1-stdperiph/stm32f10x_rcc.o
                0x08000a88                RCC_GetSYSCLKSource
 .text.RCC_HCLKConfig
                0x08000a98       0x48 ./system/src/stm32f1-stdperiph/stm32f10x_rcc.o
                0x08000a98                RCC_HCLKConfig
 .text.RCC_PCLK1Config
                0x08000ae0       0x40 ./system/src/stm32f1-stdperiph/stm32f10x_rcc.o
                0x08000ae0                RCC_PCLK1Config
 .text.RCC_PCLK2Config
                0x08000b20       0x40 ./system/src/stm32f1-stdperiph/stm32f10x_rcc.o
                0x08000b20                RCC_PCLK2Config
 .text.RCC_GetClocksFreq
                0x08000b60       0xbc ./system/src/stm32f1-stdperiph/stm32f10x_rcc.o
                0x08000b60                RCC_GetClocksFreq
 .text.RCC_APB2PeriphClockCmd
                0x08000c1c       0x4c ./system/src/stm32f1-stdperiph/stm32f10x_rcc.o
                0x08000c1c                RCC_APB2PeriphClockCmd
 .text.RCC_APB1PeriphClockCmd
                0x08000c68       0x4c ./system/src/stm32f1-stdperiph/stm32f10x_rcc.o
                0x08000c68                RCC_APB1PeriphClockCmd
 .text.RCC_GetFlagStatus
                0x08000cb4       0x74 ./system/src/stm32f1-stdperiph/stm32f10x_rcc.o
                0x08000cb4                RCC_GetFlagStatus
 .text.RCC_WaitForHSEStartUp
                0x08000d28       0x34 ./system/src/stm32f1-stdperiph/stm32f10x_rcc.o
                0x08000d28                RCC_WaitForHSEStartUp
 .text.TIM_TimeBaseInit
                0x08000d5c      0x15c ./system/src/stm32f1-stdperiph/stm32f10x_tim.o
                0x08000d5c                TIM_TimeBaseInit
 .text.TIM_Cmd  0x08000eb8       0xc8 ./system/src/stm32f1-stdperiph/stm32f10x_tim.o
                0x08000eb8                TIM_Cmd
 .text.TIM_ITConfig
                0x08000f80       0xd8 ./system/src/stm32f1-stdperiph/stm32f10x_tim.o
                0x08000f80                TIM_ITConfig
 .text.TIM_ClearFlag
                0x08001058       0xb8 ./system/src/stm32f1-stdperiph/stm32f10x_tim.o
                0x08001058                TIM_ClearFlag
 .text.TIM_GetITStatus
                0x08001110       0xe0 ./system/src/stm32f1-stdperiph/stm32f10x_tim.o
                0x08001110                TIM_GetITStatus
 .text.TIM_ClearITPendingBit
                0x080011f0       0xb8 ./system/src/stm32f1-stdperiph/stm32f10x_tim.o
                0x080011f0                TIM_ClearITPendingBit
 .text.USART_Init
                0x080012a8      0x1b0 ./system/src/stm32f1-stdperiph/stm32f10x_usart.o
                0x080012a8                USART_Init
 .text.USART_Cmd
                0x08001458       0x68 ./system/src/stm32f1-stdperiph/stm32f10x_usart.o
                0x08001458                USART_Cmd
 .text.USART_ITConfig
                0x080014c0       0xf0 ./system/src/stm32f1-stdperiph/stm32f10x_usart.o
                0x080014c0                USART_ITConfig
 .text.USART_SendData
                0x080015b0       0x58 ./system/src/stm32f1-stdperiph/stm32f10x_usart.o
                0x080015b0                USART_SendData
 .text.USART_ReceiveData
                0x08001608       0x44 ./system/src/stm32f1-stdperiph/stm32f10x_usart.o
                0x08001608                USART_ReceiveData
 .text.USART_GetFlagStatus
                0x0800164c       0xac ./system/src/stm32f1-stdperiph/stm32f10x_usart.o
                0x0800164c                USART_GetFlagStatus
 .text.USART_GetITStatus
                0x080016f8      0x100 ./system/src/stm32f1-stdperiph/stm32f10x_usart.o
                0x080016f8                USART_GetITStatus
 .text.USART_ClearITPendingBit
                0x080017f8       0xa4 ./system/src/stm32f1-stdperiph/stm32f10x_usart.o
                0x080017f8                USART_ClearITPendingBit
 .text._exit    0x0800189c        0x2 ./system/src/newlib/_exit.o
                0x0800189c                _exit
 *fill*         0x0800189e        0x2 
 .text.abort    0x080018a0       0x14 ./system/src/newlib/_exit.o
                0x080018a0                abort
 .text._sbrk    0x080018b4       0x44 ./system/src/newlib/_sbrk.o
                0x080018b4                _sbrk
 .text.__initialize_args
                0x080018f8       0x10 ./system/src/newlib/_syscalls.o
                0x080018f8                __initialize_args
 .text.assert_failed
                0x08001908       0x14 ./system/src/newlib/assert.o
                0x08001908                assert_failed
 .text.trace_printf
                0x0800191c       0x30 ./system/src/diag/Trace.o
                0x0800191c                trace_printf
 .text.trace_puts
                0x0800194c       0x20 ./system/src/diag/Trace.o
                0x0800194c                trace_puts
 .text._trace_write_semihosting_debug
                0x0800196c       0x60 ./system/src/diag/trace_impl.o
 .text.trace_write
                0x080019cc        0x8 ./system/src/diag/trace_impl.o
                0x080019cc                trace_write
 .text.__initialize_hardware_early
                0x080019d4       0x18 ./system/src/cortexm/_initialize_hardware.o
                0x080019d4                __initialize_hardware_early
 .text.__initialize_hardware
                0x080019ec        0x8 ./system/src/cortexm/_initialize_hardware.o
                0x080019ec                __initialize_hardware
 .text.dumpExceptionStack
                0x080019f4       0xf4 ./system/src/cortexm/exception_handlers.o
                0x080019f4                dumpExceptionStack
 .text.isSemihosting
                0x08001ae8       0x20 ./system/src/cortexm/exception_handlers.o
                0x08001ae8                isSemihosting
 .text.SetSysClockTo72
                0x08001b08       0xc4 ./system/src/cmsis/system_stm32f10x.o
 .text.SetSysClock
                0x08001bcc        0x8 ./system/src/cmsis/system_stm32f10x.o
 .text.SystemInit
                0x08001bd4       0x50 ./system/src/cmsis/system_stm32f10x.o
                0x08001bd4                SystemInit
 .text.SystemCoreClockUpdate
                0x08001c24       0x94 ./system/src/cmsis/system_stm32f10x.o
                0x08001c24                SystemCoreClockUpdate
 .text.initDataPool
                0x08001cb8       0x20 ./src/Data_pool.o
                0x08001cb8                initDataPool
 .text.updateRing
                0x08001cd8        0xe ./src/Data_pool.o
                0x08001cd8                updateRing
 .text.write_one_data_to_datapool
                0x08001ce6       0x26 ./src/Data_pool.o
                0x08001ce6                write_one_data_to_datapool
 .text.read_one_data_to_datapool
                0x08001d0c       0x2c ./src/Data_pool.o
                0x08001d0c                read_one_data_to_datapool
 .text.Get_average_x_y
                0x08001d38       0x84 ./src/Fitting_method.o
                0x08001d38                Get_average_x_y
 .text.Get_gather_all
                0x08001dbc       0xd0 ./src/Fitting_method.o
                0x08001dbc                Get_gather_all
 .text.Get_coe_a_b_r
                0x08001e8c       0xf8 ./src/Fitting_method.o
                0x08001e8c                Get_coe_a_b_r
 .text.Get_double_mantissa_len
                0x08001f84       0x6c ./src/WrRe_coe_from_flash.o
                0x08001f84                Get_double_mantissa_len
 .text.make_coe_to_data
                0x08001ff0      0x280 ./src/WrRe_coe_from_flash.o
                0x08001ff0                make_coe_to_data
 .text.pars_coe_from_data
                0x08002270      0x1d8 ./src/WrRe_coe_from_flash.o
                0x08002270                pars_coe_from_data
 .text.write_coe_from_flash
                0x08002448       0x3c ./src/WrRe_coe_from_flash.o
                0x08002448                write_coe_from_flash
 .text.read_coe_from_flash
                0x08002484       0x38 ./src/WrRe_coe_from_flash.o
                0x08002484                read_coe_from_flash
 .text.flash_read_one_data
                0x080024bc        0x6 ./src/bsp_internal_flash.o
                0x080024bc                flash_read_one_data
 .text.flash_read_more_data
                0x080024c2       0x22 ./src/bsp_internal_flash.o
                0x080024c2                flash_read_more_data
 .text.flash_write_more_data
                0x080024e4       0x5c ./src/bsp_internal_flash.o
                0x080024e4                flash_write_more_data
 .text.TIM2_Configuration
                0x08002540       0x5a ./src/bsp_tim.o
                0x08002540                TIM2_Configuration
 .text.TIM2_NVIC_Configuration
                0x0800259a       0x2c ./src/bsp_tim.o
                0x0800259a                TIM2_NVIC_Configuration
 .text.tim_init
                0x080025c6       0x14 ./src/bsp_tim.o
                0x080025c6                tim_init
 *fill*         0x080025da        0x2 
 .text.key_scan
                0x080025dc       0x70 ./src/bsp_tim.o
                0x080025dc                key_scan
 .text.TIM2_IRQHandler
                0x0800264c       0x88 ./src/bsp_tim.o
                0x0800264c                TIM2_IRQHandler
 .text.CSE7766_usart_gpio_init
                0x080026d4       0x48 ./src/bsp_usart.o
                0x080026d4                CSE7766_usart_gpio_init
 .text.AC6530_usart_gpio_init
                0x0800271c       0x4c ./src/bsp_usart.o
                0x0800271c                AC6530_usart_gpio_init
 .text.External_usart_gpio_init
                0x08002768       0x4c ./src/bsp_usart.o
                0x08002768                External_usart_gpio_init
 .text.CSE7766_usart_nvic_init
                0x080027b4       0x2e ./src/bsp_usart.o
                0x080027b4                CSE7766_usart_nvic_init
 *fill*         0x080027e2        0x2 
 .text.CSE7766_usart_init
                0x080027e4       0x60 ./src/bsp_usart.o
                0x080027e4                CSE7766_usart_init
 .text.AC6530_usart_nvic_init
                0x08002844       0x30 ./src/bsp_usart.o
                0x08002844                AC6530_usart_nvic_init
 .text.AC6530_usart_init
                0x08002874       0x5c ./src/bsp_usart.o
                0x08002874                AC6530_usart_init
 .text.External_usart_nvic_init
                0x080028d0       0x30 ./src/bsp_usart.o
                0x080028d0                External_usart_nvic_init
 .text.External_usart_init
                0x08002900       0x60 ./src/bsp_usart.o
                0x08002900                External_usart_init
 .text.External_usart_write
                0x08002960       0x2c ./src/bsp_usart.o
                0x08002960                External_usart_write
 .text.Debug_usart_gpio_init
                0x0800298c       0x4c ./src/bsp_usart.o
                0x0800298c                Debug_usart_gpio_init
 .text.Debug_usart_init
                0x080029d8       0x4c ./src/bsp_usart.o
                0x080029d8                Debug_usart_init
 .text.Debug_usart_write
                0x08002a24       0x30 ./src/bsp_usart.o
                0x08002a24                Debug_usart_write
 .text.pool_recv_one_command
                0x08002a54      0x114 ./src/bsp_usart.o
                0x08002a54                pool_recv_one_command
 .text.USART1_IRQHandler
                0x08002b68       0x34 ./src/bsp_usart.o
                0x08002b68                USART1_IRQHandler
 .text.USART2_IRQHandler
                0x08002b9c       0x34 ./src/bsp_usart.o
                0x08002b9c                USART2_IRQHandler
 .text.USART3_IRQHandler
                0x08002bd0       0x34 ./src/bsp_usart.o
                0x08002bd0                USART3_IRQHandler
 .text.UART4_IRQHandler
                0x08002c04       0x34 ./src/bsp_usart.o
                0x08002c04                UART4_IRQHandler
 .text.str_len  0x08002c38       0x18 ./src/clib.o
                0x08002c38                str_len
 .text.str_cat  0x08002c50       0x16 ./src/clib.o
                0x08002c50                str_cat
 *fill*         0x08002c66        0x2 
 .text.Itoa     0x08002c68       0x4c ./src/clib.o
                0x08002c68                Itoa
 .text.flodou_to_string
                0x08002cb4       0xa4 ./src/clib.o
                0x08002cb4                flodou_to_string
 .text.hex_to_str
                0x08002d58       0x24 ./src/clib.o
                0x08002d58                hex_to_str
 .text.string_to_flodou
                0x08002d7c      0x108 ./src/clib.o
                0x08002d7c                string_to_flodou
 .text.I2C_gpio_init
                0x08002e84       0x34 ./src/iic_2864_gpio_simulate.o
                0x08002e84                I2C_gpio_init
 .text.SDA_OUT  0x08002eb8       0x2c ./src/iic_2864_gpio_simulate.o
                0x08002eb8                SDA_OUT
 .text.SDA_IN   0x08002ee4       0x2c ./src/iic_2864_gpio_simulate.o
                0x08002ee4                SDA_IN
 .text.I2C_Start
                0x08002f10       0x34 ./src/iic_2864_gpio_simulate.o
                0x08002f10                I2C_Start
 .text.I2C_Stop
                0x08002f44       0x28 ./src/iic_2864_gpio_simulate.o
                0x08002f44                I2C_Stop
 .text.I2C_WaitAck
                0x08002f6c       0x48 ./src/iic_2864_gpio_simulate.o
                0x08002f6c                I2C_WaitAck
 .text.I2C_SendByte
                0x08002fb4       0x68 ./src/iic_2864_gpio_simulate.o
                0x08002fb4                I2C_SendByte
 .text.I2C_Send_one_command
                0x0800301c       0x6c ./src/iic_2864_gpio_simulate.o
                0x0800301c                I2C_Send_one_command
 .text.I2C_Send_more_data
                0x08003088       0x7c ./src/iic_2864_gpio_simulate.o
                0x08003088                I2C_Send_more_data
 .text.iic_2864_setxy
                0x08003104       0x20 ./src/iic_2864_operate.o
                0x08003104                iic_2864_setxy
 .text.iic_2864_updatescreen
                0x08003124       0x28 ./src/iic_2864_operate.o
                0x08003124                iic_2864_updatescreen
 .text.iic_2864_fill
                0x0800314c       0x1c ./src/iic_2864_operate.o
                0x0800314c                iic_2864_fill
 .text.iic_2864_clear_one
                0x08003168       0x20 ./src/iic_2864_operate.o
                0x08003168                iic_2864_clear_one
 .text.iic_2864_ssd1306_init
                0x08003188       0xe0 ./src/iic_2864_operate.o
                0x08003188                iic_2864_ssd1306_init
 .text.iic_goto_xy
                0x08003268        0xc ./src/iic_2864_operate.o
                0x08003268                iic_goto_xy
 .text.iic_2864_DrawPixel
                0x08003274       0x54 ./src/iic_2864_operate.o
                0x08003274                iic_2864_DrawPixel
 .text.iic_putc
                0x080032c8       0x98 ./src/iic_2864_operate.o
                0x080032c8                iic_putc
 .text.iic_2864_Puts
                0x08003360       0x3e ./src/iic_2864_operate.o
                0x08003360                iic_2864_Puts
 *fill*         0x0800339e        0x2 
 .text.lcd_show_pvi_info
                0x080033a0      0x11c ./src/lcd_show_content.o
                0x080033a0                lcd_show_pvi_info
 .text.lcd_show_local_noadjust_info
                0x080034bc       0x3c ./src/lcd_show_content.o
                0x080034bc                lcd_show_local_noadjust_info
 .text.lcd_show_local_now_adjust_info
                0x080034f8       0x70 ./src/lcd_show_content.o
                0x080034f8                lcd_show_local_now_adjust_info
 .text.lcd_show_exter_now_adjust_info
                0x08003568       0x70 ./src/lcd_show_content.o
                0x08003568                lcd_show_exter_now_adjust_info
 .text.lcd_show_noad_info
                0x080035d8       0x4c ./src/lcd_show_content.o
                0x080035d8                lcd_show_noad_info
 .text.lcd_show_err_code_info
                0x08003624       0x6c ./src/lcd_show_content.o
                0x08003624                lcd_show_err_code_info
 .text.lcd_show_no_return_info
                0x08003690       0x3c ./src/lcd_show_content.o
                0x08003690                lcd_show_no_return_info
 .text.lcd_show_coe_abr_info
                0x080036cc      0x124 ./src/lcd_show_content.o
                0x080036cc                lcd_show_coe_abr_info
 .text.lcd_change_percent_info
                0x080037f0       0x7c ./src/lcd_show_content.o
                0x080037f0                lcd_change_percent_info
 .text.system_clk_init
                0x0800386c       0x60 ./src/main.o
                0x0800386c                system_clk_init
 .text.more_relay_pin_init
                0x080038cc       0x20 ./src/main.o
                0x080038cc                more_relay_pin_init
 .text.load_relay_pin_init
                0x080038ec       0xb8 ./src/main.o
                0x080038ec                load_relay_pin_init
 .text.source_relay_pin_init
                0x080039a4       0x48 ./src/main.o
                0x080039a4                source_relay_pin_init
 .text.Check_data_is_error
                0x080039ec       0x44 ./src/main.o
                0x080039ec                Check_data_is_error
 .text.Get_6530_pvi
                0x08003a30       0xe8 ./src/main.o
                0x08003a30                Get_6530_pvi
 .text.Get_origin_pvi
                0x08003b18       0xf8 ./src/main.o
                0x08003b18                Get_origin_pvi
 .text.Get_compute_pvi
                0x08003c10       0x84 ./src/main.o
                0x08003c10                Get_compute_pvi
 .text.Debug_write_coe_info
                0x08003c94      0x35c ./src/main.o
                0x08003c94                Debug_write_coe_info
 .text.key_operate
                0x08003ff0       0xa4 ./src/main.o
                0x08003ff0                key_operate
 .text.change_load_size
                0x08004094      0x1a4 ./src/main.o
                0x08004094                change_load_size
 .text.operate_ch_relay
                0x08004238       0x44 ./src/main.o
                0x08004238                operate_ch_relay
 .text.Get_computer_external_pvi
                0x0800427c       0xc4 ./src/main.o
                0x0800427c                Get_computer_external_pvi
 .text.Send_result_to_c76
                0x08004340      0x348 ./src/main.o
                0x08004340                Send_result_to_c76
 .text.Go_self_adjust
                0x08004688      0x580 ./src/main.o
                0x08004688                Go_self_adjust
 .text.Go_external_adjust
                0x08004c08      0x3f0 ./src/main.o
                0x08004c08                Go_external_adjust
 .text.main     0x08004ff8      0x2a8 ./src/main.o
                0x08004ff8                main
 .text          0x080052a0      0x370 c:/program files (x86)/gnu tools arm embedded/6.2 2016q4/bin/../lib/gcc/arm-none-eabi/6.2.1/thumb/v7-m\libgcc.a(_arm_addsubdf3.o)
                0x080052a0                __aeabi_drsub
                0x080052a8                __aeabi_dsub
                0x080052a8                __subdf3
                0x080052ac                __aeabi_dadd
                0x080052ac                __adddf3
                0x08005524                __floatunsidf
                0x08005524                __aeabi_ui2d
                0x08005544                __floatsidf
                0x08005544                __aeabi_i2d
                0x08005568                __aeabi_f2d
                0x08005568                __extendsfdf2
                0x080055a4                __floatundidf
                0x080055a4                __aeabi_ul2d
                0x080055b4                __floatdidf
                0x080055b4                __aeabi_l2d
 .text          0x08005610      0x424 c:/program files (x86)/gnu tools arm embedded/6.2 2016q4/bin/../lib/gcc/arm-none-eabi/6.2.1/thumb/v7-m\libgcc.a(_arm_muldivdf3.o)
                0x08005610                __aeabi_dmul
                0x08005610                __muldf3
                0x08005864                __divdf3
                0x08005864                __aeabi_ddiv
 .text          0x08005a34      0x110 c:/program files (x86)/gnu tools arm embedded/6.2 2016q4/bin/../lib/gcc/arm-none-eabi/6.2.1/thumb/v7-m\libgcc.a(_arm_cmpdf2.o)
                0x08005a34                __gtdf2
                0x08005a34                __gedf2
                0x08005a3c                __ltdf2
                0x08005a3c                __ledf2
                0x08005a44                __nedf2
                0x08005a44                __eqdf2
                0x08005a44                __cmpdf2
                0x08005ac0                __aeabi_cdrcmple
                0x08005ad0                __aeabi_cdcmpeq
                0x08005ad0                __aeabi_cdcmple
                0x08005ae0                __aeabi_dcmpeq
                0x08005af4                __aeabi_dcmplt
                0x08005b08                __aeabi_dcmple
                0x08005b1c                __aeabi_dcmpge
                0x08005b30                __aeabi_dcmpgt
 .text          0x08005b44       0x50 c:/program files (x86)/gnu tools arm embedded/6.2 2016q4/bin/../lib/gcc/arm-none-eabi/6.2.1/thumb/v7-m\libgcc.a(_arm_fixdfsi.o)
                0x08005b44                __aeabi_d2iz
                0x08005b44                __fixdfsi
 .text          0x08005b94       0x40 c:/program files (x86)/gnu tools arm embedded/6.2 2016q4/bin/../lib/gcc/arm-none-eabi/6.2.1/thumb/v7-m\libgcc.a(_arm_fixunsdfsi.o)
                0x08005b94                __aeabi_d2uiz
                0x08005b94                __fixunsdfsi
 .text.__errno  0x08005bd4        0xc c:/program files (x86)/gnu tools arm embedded/6.2 2016q4/bin/../lib/gcc/arm-none-eabi/6.2.1/../../../../arm-none-eabi/lib/thumb/v7-m\libg_nano.a(lib_a-errno.o)
                0x08005bd4                __errno
 .text.memcpy   0x08005be0       0x16 c:/program files (x86)/gnu tools arm embedded/6.2 2016q4/bin/../lib/gcc/arm-none-eabi/6.2.1/../../../../arm-none-eabi/lib/thumb/v7-m\libg_nano.a(lib_a-memcpy-stub.o)
                0x08005be0                memcpy
 .text.memset   0x08005bf6       0x10 c:/program files (x86)/gnu tools arm embedded/6.2 2016q4/bin/../lib/gcc/arm-none-eabi/6.2.1/../../../../arm-none-eabi/lib/thumb/v7-m\libg_nano.a(lib_a-memset.o)
                0x08005bf6                memset
 .text          0x08005c06       0x10 c:/program files (x86)/gnu tools arm embedded/6.2 2016q4/bin/../lib/gcc/arm-none-eabi/6.2.1/../../../../arm-none-eabi/lib/thumb/v7-m\libg_nano.a(lib_a-strlen.o)
                0x08005c06                strlen
 .text.strncmp  0x08005c16       0x24 c:/program files (x86)/gnu tools arm embedded/6.2 2016q4/bin/../lib/gcc/arm-none-eabi/6.2.1/../../../../arm-none-eabi/lib/thumb/v7-m\libg_nano.a(lib_a-strncmp.o)
                0x08005c16                strncmp
 .text._vsnprintf_r
                0x08005c3a       0x58 c:/program files (x86)/gnu tools arm embedded/6.2 2016q4/bin/../lib/gcc/arm-none-eabi/6.2.1/../../../../arm-none-eabi/lib/thumb/v7-m\libg_nano.a(lib_a-vsnprintf.o)
                0x08005c3a                _vsniprintf_r
                0x08005c3a                _vsnprintf_r
 *fill*         0x08005c92        0x2 
 .text.vsnprintf
                0x08005c94       0x1c c:/program files (x86)/gnu tools arm embedded/6.2 2016q4/bin/../lib/gcc/arm-none-eabi/6.2.1/../../../../arm-none-eabi/lib/thumb/v7-m\libg_nano.a(lib_a-vsnprintf.o)
                0x08005c94                vsniprintf
                0x08005c94                vsnprintf
 .text.__ssputs_r
                0x08005cb0       0xb6 c:/program files (x86)/gnu tools arm embedded/6.2 2016q4/bin/../lib/gcc/arm-none-eabi/6.2.1/../../../../arm-none-eabi/lib/thumb/v7-m\libg_nano.a(lib_a-nano-svfprintf.o)
                0x08005cb0                __ssputs_r
 *fill*         0x08005d66        0x2 
 .text._svfprintf_r
                0x08005d68      0x1e8 c:/program files (x86)/gnu tools arm embedded/6.2 2016q4/bin/../lib/gcc/arm-none-eabi/6.2.1/../../../../arm-none-eabi/lib/thumb/v7-m\libg_nano.a(lib_a-nano-svfprintf.o)
                0x08005d68                _svfiprintf_r
                0x08005d68                _svfprintf_r
 .text._printf_common
                0x08005f50       0xee c:/program files (x86)/gnu tools arm embedded/6.2 2016q4/bin/../lib/gcc/arm-none-eabi/6.2.1/../../../../arm-none-eabi/lib/thumb/v7-m\libg_nano.a(lib_a-nano-vfprintf_i.o)
                0x08005f50                _printf_common
 *fill*         0x0800603e        0x2 
 .text._printf_i
                0x08006040      0x240 c:/program files (x86)/gnu tools arm embedded/6.2 2016q4/bin/../lib/gcc/arm-none-eabi/6.2.1/../../../../arm-none-eabi/lib/thumb/v7-m\libg_nano.a(lib_a-nano-vfprintf_i.o)
                0x08006040                _printf_i
 .text.memchr   0x08006280       0x1c c:/program files (x86)/gnu tools arm embedded/6.2 2016q4/bin/../lib/gcc/arm-none-eabi/6.2.1/../../../../arm-none-eabi/lib/thumb/v7-m\libg_nano.a(lib_a-memchr-stub.o)
                0x08006280                memchr
 .text.memmove  0x0800629c       0x34 c:/program files (x86)/gnu tools arm embedded/6.2 2016q4/bin/../lib/gcc/arm-none-eabi/6.2.1/../../../../arm-none-eabi/lib/thumb/v7-m\libg_nano.a(lib_a-memmove.o)
                0x0800629c                memmove
 .text._free_r  0x080062d0       0x98 c:/program files (x86)/gnu tools arm embedded/6.2 2016q4/bin/../lib/gcc/arm-none-eabi/6.2.1/../../../../arm-none-eabi/lib/thumb/v7-m\libg_nano.a(lib_a-nano-freer.o)
                0x080062d0                _free_r
 .text._malloc_r
                0x08006368       0xbc c:/program files (x86)/gnu tools arm embedded/6.2 2016q4/bin/../lib/gcc/arm-none-eabi/6.2.1/../../../../arm-none-eabi/lib/thumb/v7-m\libg_nano.a(lib_a-nano-mallocr.o)
                0x08006368                _malloc_r
 .text._realloc_r
                0x08006424       0x4c c:/program files (x86)/gnu tools arm embedded/6.2 2016q4/bin/../lib/gcc/arm-none-eabi/6.2.1/../../../../arm-none-eabi/lib/thumb/v7-m\libg_nano.a(lib_a-nano-reallocr.o)
                0x08006424                _realloc_r
 .text._sbrk_r  0x08006470       0x20 c:/program files (x86)/gnu tools arm embedded/6.2 2016q4/bin/../lib/gcc/arm-none-eabi/6.2.1/../../../../arm-none-eabi/lib/thumb/v7-m\libg_nano.a(lib_a-sbrkr.o)
                0x08006470                _sbrk_r
 .text.__malloc_lock
                0x08006490        0x2 c:/program files (x86)/gnu tools arm embedded/6.2 2016q4/bin/../lib/gcc/arm-none-eabi/6.2.1/../../../../arm-none-eabi/lib/thumb/v7-m\libg_nano.a(lib_a-mlock.o)
                0x08006490                __malloc_lock
 .text.__malloc_unlock
                0x08006492        0x2 c:/program files (x86)/gnu tools arm embedded/6.2 2016q4/bin/../lib/gcc/arm-none-eabi/6.2.1/../../../../arm-none-eabi/lib/thumb/v7-m\libg_nano.a(lib_a-mlock.o)
                0x08006492                __malloc_unlock
 .text._malloc_usable_size_r
                0x08006494       0x12 c:/program files (x86)/gnu tools arm embedded/6.2 2016q4/bin/../lib/gcc/arm-none-eabi/6.2.1/../../../../arm-none-eabi/lib/thumb/v7-m\libg_nano.a(lib_a-nano-msizer.o)
                0x08006494                _malloc_usable_size_r
 *(.rodata .rodata.* .constdata .constdata.*)
 *fill*         0x080064a6        0x2 
 .rodata.NVIC_PriorityGroupConfig.str1.4
                0x080064a8       0x27 ./system/src/stm32f1-stdperiph/misc.o
 *fill*         0x080064cf        0x1 
 .rodata.FLASH_SetLatency.str1.4
                0x080064d0       0x32 ./system/src/stm32f1-stdperiph/stm32f10x_flash.o
 *fill*         0x08006502        0x2 
 .rodata.GPIO_DeInit.str1.4
                0x08006504       0x31 ./system/src/stm32f1-stdperiph/stm32f10x_gpio.o
 *fill*         0x08006535        0x3 
 .rodata.RCC_HSEConfig.str1.4
                0x08006538       0x30 ./system/src/stm32f1-stdperiph/stm32f10x_rcc.o
 .rodata.TIM_DeInit.str1.4
                0x08006568       0x30 ./system/src/stm32f1-stdperiph/stm32f10x_tim.o
 .rodata.USART_DeInit.str1.4
                0x08006598       0x32 ./system/src/stm32f1-stdperiph/stm32f10x_usart.o
 *fill*         0x080065ca        0x2 
 .rodata.abort.str1.4
                0x080065cc       0x14 ./system/src/newlib/_exit.o
 .rodata.assert_failed.str1.4
                0x080065e0       0x2b ./system/src/newlib/assert.o
 .rodata.trace_puts.str1.4
                0x0800660b       0x2b ./system/src/diag/Trace.o
                                  0x2 (size before relaxing)
 *fill*         0x0800660b        0x1 
 .rodata.dumpExceptionStack.str1.4
                0x0800660c      0x11a ./system/src/cortexm/exception_handlers.o
 *fill*         0x08006726        0x2 
 .rodata.str1.4
                0x08006728       0x2a ./system/src/cortexm/exception_handlers.o
 *fill*         0x08006752        0x2 
 .rodata.write_coe_from_flash.str1.4
                0x08006754       0x11 ./src/WrRe_coe_from_flash.o
 *fill*         0x08006765        0x3 
 .rodata.Font11x18
                0x08006768      0xd5c ./src/fonts.o
                0x08006768                Font11x18
 .rodata.I2C_Send_one_command.str1.4
                0x080074c4       0x31 ./src/iic_2864_gpio_simulate.o
 *fill*         0x080074f5        0x3 
 .rodata.I2C_Send_one_data.str1.4
                0x080074f8       0x34 ./src/iic_2864_gpio_simulate.o
 .rodata.iic_2864_ssd1306_init.str1.4
                0x0800752c       0x1f ./src/iic_2864_operate.o
 *fill*         0x0800754b        0x1 
 .rodata.lcd_change_percent_info.str1.4
                0x0800754c        0x4 ./src/lcd_show_content.o
 .rodata.lcd_show_coe_abr_info.str1.4
                0x08007550       0x19 ./src/lcd_show_content.o
 *fill*         0x08007569        0x3 
 .rodata.lcd_show_err_code_info.str1.4
                0x0800756c       0x20 ./src/lcd_show_content.o
 .rodata.lcd_show_exter_now_adjust_info.str1.4
                0x0800758c        0x7 ./src/lcd_show_content.o
 *fill*         0x08007593        0x1 
 .rodata.lcd_show_local_noadjust_info.str1.4
                0x08007594       0x12 ./src/lcd_show_content.o
 *fill*         0x080075a6        0x2 
 .rodata.lcd_show_local_now_adjust_info.str1.4
                0x080075a8       0x22 ./src/lcd_show_content.o
 *fill*         0x080075ca        0x2 
 .rodata.lcd_show_no_return_info.str1.4
                0x080075cc        0xc ./src/lcd_show_content.o
 .rodata.lcd_show_noad_info.str1.4
                0x080075d8       0x22 ./src/lcd_show_content.o
 *fill*         0x080075fa        0x2 
 .rodata.lcd_show_pvi_info.str1.4
                0x080075fc       0x12 ./src/lcd_show_content.o
                                 0x16 (size before relaxing)
 *fill*         0x0800760e        0x2 
 .rodata        0x08007610      0x10c ./src/main.o
 .rodata.Debug_write_coe_info.str1.4
                0x0800771c       0x15 ./src/main.o
                                 0x35 (size before relaxing)
 *fill*         0x08007731        0x3 
 .rodata.Get_6530_pvi.str1.4
                0x08007734       0x3a ./src/main.o
 *fill*         0x0800776e        0x2 
 .rodata.Go_external_adjust.str1.4
                0x08007770       0x24 ./src/main.o
 .rodata.Go_self_adjust.str1.4
                0x08007794        0xf ./src/main.o
 *fill*         0x080077a3        0x1 
 .rodata.Send_result_to_c76.str1.4
                0x080077a4        0x2 ./src/main.o
 *fill*         0x080077a6        0x2 
 .rodata.main.str1.4
                0x080077a8      0x140 ./src/main.o
                                0x13e (size before relaxing)
 .rodata._svfprintf_r.str1.1
                0x080078e8       0x11 c:/program files (x86)/gnu tools arm embedded/6.2 2016q4/bin/../lib/gcc/arm-none-eabi/6.2.1/../../../../arm-none-eabi/lib/thumb/v7-m\libg_nano.a(lib_a-nano-svfprintf.o)
 .rodata._printf_i.str1.1
                0x080078f9       0x22 c:/program files (x86)/gnu tools arm embedded/6.2 2016q4/bin/../lib/gcc/arm-none-eabi/6.2.1/../../../../arm-none-eabi/lib/thumb/v7-m\libg_nano.a(lib_a-nano-vfprintf_i.o)
 *(vtable)
 *(.eh_frame*)
 *(.glue_7)
 .glue_7        0x0800791b        0x0 linker stubs
 *(.glue_7t)
 .glue_7t       0x0800791b        0x0 linker stubs

.vfp11_veneer   0x0800791c        0x0
 .vfp11_veneer  0x0800791c        0x0 linker stubs

.v4_bx          0x0800791c        0x0
 .v4_bx         0x0800791c        0x0 linker stubs

.iplt           0x0800791c        0x0
 .iplt          0x0800791c        0x0 ./system/src/stm32f1-stdperiph/misc.o

.rel.dyn        0x0800791c        0x0
 .rel.iplt      0x0800791c        0x0 ./system/src/stm32f1-stdperiph/misc.o

.ARM.extab
 *(.ARM.extab* .gnu.linkonce.armextab.*)
                0x0800791c                . = ALIGN (0x4)
                0x0800791c                __exidx_start = .

.ARM.exidx
 *(.ARM.exidx* .gnu.linkonce.armexidx.*)
                0x0800791c                __exidx_end = .
                0x0800791c                . = ALIGN (0x4)
                0x0800791c                _etext = .
                0x0800791c                __etext = .

.data_CCMRAM    0x00000000        0x0 load address 0x0800791c
 FILL mask 0xff
 *(.data.CCMRAM .data.CCMRAM.*)
                0x00000000                . = ALIGN (0x4)
                0x0800791c                _sidata = LOADADDR (.data)

.data           0x20000000      0x108 load address 0x0800791c
 FILL mask 0xff
                0x20000000                _sdata = .
                0x20000000                __data_start__ = .
 *(.data_begin .data_begin.*)
 .data_begin    0x20000000        0x4 ./system/src/newlib/_startup.o
 *(.data .data.*)
 .data.ADCPrescTable
                0x20000004        0x4 ./system/src/stm32f1-stdperiph/stm32f10x_rcc.o
 .data.APBAHBPrescTable
                0x20000008       0x10 ./system/src/stm32f1-stdperiph/stm32f10x_rcc.o
 .data.argv.4243
                0x20000018        0x8 ./system/src/newlib/_syscalls.o
 .data.AHBPrescTable
                0x20000020       0x10 ./system/src/cmsis/system_stm32f10x.o
                0x20000020                AHBPrescTable
 .data.SystemCoreClock
                0x20000030        0x4 ./system/src/cmsis/system_stm32f10x.o
                0x20000030                SystemCoreClock
 .data.Font_11x18
                0x20000034        0x8 ./src/fonts.o
                0x20000034                Font_11x18
 .data.ch_io    0x2000003c       0x40 ./src/main.o
                0x2000003c                ch_io
 .data.ch_pin   0x2000007c       0x20 ./src/main.o
                0x2000007c                ch_pin
 .data.key_backup
                0x2000009c        0x1 ./src/main.o
                0x2000009c                key_backup
 .data.key_status
                0x2000009d        0x1 ./src/main.o
                0x2000009d                key_status
 .data.relay_sta
                0x2000009e        0x1 ./src/main.o
                0x2000009e                relay_sta
 *fill*         0x2000009f        0x1 ff
 .data._impure_ptr
                0x200000a0        0x4 c:/program files (x86)/gnu tools arm embedded/6.2 2016q4/bin/../lib/gcc/arm-none-eabi/6.2.1/../../../../arm-none-eabi/lib/thumb/v7-m\libg_nano.a(lib_a-impure.o)
                0x200000a0                _impure_ptr
 .data.impure_data
                0x200000a4       0x60 c:/program files (x86)/gnu tools arm embedded/6.2 2016q4/bin/../lib/gcc/arm-none-eabi/6.2.1/../../../../arm-none-eabi/lib/thumb/v7-m\libg_nano.a(lib_a-impure.o)
 *(.data_end .data_end.*)
 .data_end      0x20000104        0x4 ./system/src/newlib/_startup.o
                0x20000108                . = ALIGN (0x4)
                0x20000108                _edata = .
                0x20000108                __data_end__ = .

.igot.plt       0x20000108        0x0 load address 0x08007a24
 .igot.plt      0x20000108        0x0 ./system/src/stm32f1-stdperiph/misc.o

.bss_CCMRAM     0x00000000        0x0
 *(.bss.CCMRAM .bss.CCMRAM.*)

.bss            0x20000108      0x6a4
                0x20000108                __bss_start__ = .
                0x20000108                _sbss = .
 *(.bss_begin .bss_begin.*)
 .bss_begin     0x20000108        0x4 ./system/src/newlib/_startup.o
 *(.bss .bss.*)
 .bss.current_heap_end.3927
                0x2000010c        0x4 ./system/src/newlib/_sbrk.o
 .bss.name.4242
                0x20000110        0x1 ./system/src/newlib/_syscalls.o
 *fill*         0x20000111        0x3 
 .bss.buf.5132  0x20000114       0x80 ./system/src/diag/Trace.o
 *fill*         0x20000194        0x4 
 .bss.average_x
                0x20000198        0x8 ./src/Fitting_method.o
                0x20000198                average_x
 .bss.average_y
                0x200001a0        0x8 ./src/Fitting_method.o
                0x200001a0                average_y
 .bss.gather_x  0x200001a8        0x8 ./src/Fitting_method.o
                0x200001a8                gather_x
 .bss.gather_x2
                0x200001b0        0x8 ./src/Fitting_method.o
                0x200001b0                gather_x2
 .bss.gather_x_2
                0x200001b8        0x8 ./src/Fitting_method.o
                0x200001b8                gather_x_2
 .bss.gather_xy
                0x200001c0        0x8 ./src/Fitting_method.o
                0x200001c0                gather_xy
 .bss.gather_y  0x200001c8        0x8 ./src/Fitting_method.o
                0x200001c8                gather_y
 .bss.gather_y2
                0x200001d0        0x8 ./src/Fitting_method.o
                0x200001d0                gather_y2
 .bss.count_ms.6333
                0x200001d8        0x4 ./src/bsp_tim.o
 .bss.pool_wait_time
                0x200001dc        0x4 ./src/bsp_tim.o
                0x200001dc                pool_wait_time
 .bss.recv_timeout
                0x200001e0        0x4 ./src/bsp_tim.o
                0x200001e0                recv_timeout
 .bss.recv_timeout_end
                0x200001e4        0x4 ./src/bsp_tim.o
                0x200001e4                recv_timeout_end
 .bss.recv_timeout_start
                0x200001e8        0x4 ./src/bsp_tim.o
                0x200001e8                recv_timeout_start
 .bss.count_time_flag
                0x200001ec        0x4 ./src/bsp_usart.o
                0x200001ec                count_time_flag
 .bss.SSD1306_Buffer
                0x200001f0      0x400 ./src/iic_2864_operate.o
 .bss.old_sta.7168
                0x200005f0        0x1 ./src/iic_2864_operate.o
 *fill*         0x200005f1        0x3 
 .bss.ss2864    0x200005f4        0x6 ./src/iic_2864_operate.o
 .bss.ad_sta.8634
                0x200005fa        0x1 ./src/main.o
 *fill*         0x200005fb        0x1 
 .bss.down_time
                0x200005fc        0x4 ./src/main.o
                0x200005fc                down_time
 .bss.operate_mode
                0x20000600        0x1 ./src/main.o
                0x20000600                operate_mode
 .bss.self_ad_ok_flag
                0x20000601        0x1 ./src/main.o
                0x20000601                self_ad_ok_flag
 *fill*         0x20000602        0x6 
 .bss.self_adjust_coea_i
                0x20000608        0x8 ./src/main.o
                0x20000608                self_adjust_coea_i
 .bss.self_adjust_coea_p
                0x20000610        0x8 ./src/main.o
                0x20000610                self_adjust_coea_p
 .bss.self_adjust_coeb_i
                0x20000618        0x8 ./src/main.o
                0x20000618                self_adjust_coeb_i
 .bss.self_adjust_coeb_p
                0x20000620        0x8 ./src/main.o
                0x20000620                self_adjust_coeb_p
 .bss.self_adjust_coer_i
                0x20000628        0x8 ./src/main.o
                0x20000628                self_adjust_coer_i
 .bss.self_adjust_coer_p
                0x20000630        0x8 ./src/main.o
                0x20000630                self_adjust_coer_p
 .bss.up_time   0x20000638        0x4 ./src/main.o
                0x20000638                up_time
 .bss.__malloc_free_list
                0x2000063c        0x4 c:/program files (x86)/gnu tools arm embedded/6.2 2016q4/bin/../lib/gcc/arm-none-eabi/6.2.1/../../../../arm-none-eabi/lib/thumb/v7-m\libg_nano.a(lib_a-nano-mallocr.o)
                0x2000063c                __malloc_free_list
 .bss.__malloc_sbrk_start
                0x20000640        0x4 c:/program files (x86)/gnu tools arm embedded/6.2 2016q4/bin/../lib/gcc/arm-none-eabi/6.2.1/../../../../arm-none-eabi/lib/thumb/v7-m\libg_nano.a(lib_a-nano-mallocr.o)
                0x20000640                __malloc_sbrk_start
 *(COMMON)
 COMMON         0x20000644        0x4 ./system/src/newlib/_syscalls.o
                0x20000644                errno
 COMMON         0x20000648      0x15c ./src/Data_pool.o
                0x20000648                cse7766rx
                0x200006bc                externalrx
                0x20000730                ac6530rx
 COMMON         0x200007a4        0x1 ./src/main.o
                0x200007a4                HSEStartUpStatus
 *(.bss_end .bss_end.*)
 *fill*         0x200007a5        0x3 
 .bss_end       0x200007a8        0x4 ./system/src/newlib/_startup.o
                0x200007ac                . = ALIGN (0x4)
                0x200007ac                __bss_end__ = .
                0x200007ac                _ebss = .

.noinit_CCMRAM
 *(.noinit.CCMRAM .noinit.CCMRAM.*)

.noinit         0x200007ac        0x0
                0x200007ac                _noinit = .
 *(.noinit .noinit.*)
                0x200007ac                . = ALIGN (0x4)
                0x200007ac                _end_noinit = .
                [!provide]                PROVIDE (end, _end_noinit)
                [!provide]                PROVIDE (_end, _end_noinit)
                [!provide]                PROVIDE (__end, _end_noinit)
                [!provide]                PROVIDE (__end__, _end_noinit)

._check_stack   0x200007ac      0x100
                0x200008ac                . = (. + _Minimum_Stack_Size)
 *fill*         0x200007ac      0x100 

.b1text
 *(.b1text)
 *(.b1rodata)
 *(.b1rodata.*)

.eb0text
 *(.eb0text)
 *(.eb0rodata)
 *(.eb0rodata.*)

.eb1text
 *(.eb1text)
 *(.eb1rodata)
 *(.eb1rodata.*)

.eb2text
 *(.eb2text)
 *(.eb2rodata)
 *(.eb2rodata.*)

.eb3text
 *(.eb3text)
 *(.eb3rodata)
 *(.eb3rodata.*)

.stab
 *(.stab)

.stabstr
 *(.stabstr)

.stab.excl
 *(.stab.excl)

.stab.exclstr
 *(.stab.exclstr)

.stab.index
 *(.stab.index)

.stab.indexstr
 *(.stab.indexstr)

.comment        0x00000000       0x6e
 *(.comment)
 .comment       0x00000000       0x6e ./system/src/stm32f1-stdperiph/misc.o
                                 0x6f (size before relaxing)
 .comment       0x0000006e       0x6f ./system/src/stm32f1-stdperiph/stm32f10x_flash.o
 .comment       0x0000006e       0x6f ./system/src/stm32f1-stdperiph/stm32f10x_gpio.o
 .comment       0x0000006e       0x6f ./system/src/stm32f1-stdperiph/stm32f10x_rcc.o
 .comment       0x0000006e       0x6f ./system/src/stm32f1-stdperiph/stm32f10x_tim.o
 .comment       0x0000006e       0x6f ./system/src/stm32f1-stdperiph/stm32f10x_usart.o
 .comment       0x0000006e       0x6f ./system/src/newlib/_exit.o
 .comment       0x0000006e       0x6f ./system/src/newlib/_sbrk.o
 .comment       0x0000006e       0x6f ./system/src/newlib/_startup.o
 .comment       0x0000006e       0x6f ./system/src/newlib/_syscalls.o
 .comment       0x0000006e       0x6f ./system/src/newlib/assert.o
 .comment       0x0000006e       0x6f ./system/src/diag/Trace.o
 .comment       0x0000006e       0x6f ./system/src/diag/trace_impl.o
 .comment       0x0000006e       0x6f ./system/src/cortexm/_initialize_hardware.o
 .comment       0x0000006e       0x6f ./system/src/cortexm/exception_handlers.o
 .comment       0x0000006e       0x6f ./system/src/cmsis/system_stm32f10x.o
 .comment       0x0000006e       0x6f ./system/src/cmsis/vectors_stm32f10x.o
 .comment       0x0000006e       0x6f ./src/Data_pool.o
 .comment       0x0000006e       0x6f ./src/Fitting_method.o
 .comment       0x0000006e       0x6f ./src/WrRe_coe_from_flash.o
 .comment       0x0000006e       0x6f ./src/bsp_internal_flash.o
 .comment       0x0000006e       0x6f ./src/bsp_tim.o
 .comment       0x0000006e       0x6f ./src/bsp_usart.o
 .comment       0x0000006e       0x6f ./src/clib.o
 .comment       0x0000006e       0x6f ./src/fonts.o
 .comment       0x0000006e       0x6f ./src/iic_2864_gpio_simulate.o
 .comment       0x0000006e       0x6f ./src/iic_2864_operate.o
 .comment       0x0000006e       0x6f ./src/lcd_show_content.o
 .comment       0x0000006e       0x6f ./src/main.o

.ARM.attributes
                0x00000000       0x31
 .ARM.attributes
                0x00000000       0x33 ./system/src/stm32f1-stdperiph/misc.o
 .ARM.attributes
                0x00000033       0x33 ./system/src/stm32f1-stdperiph/stm32f10x_flash.o
 .ARM.attributes
                0x00000066       0x33 ./system/src/stm32f1-stdperiph/stm32f10x_gpio.o
 .ARM.attributes
                0x00000099       0x33 ./system/src/stm32f1-stdperiph/stm32f10x_rcc.o
 .ARM.attributes
                0x000000cc       0x33 ./system/src/stm32f1-stdperiph/stm32f10x_tim.o
 .ARM.attributes
                0x000000ff       0x33 ./system/src/stm32f1-stdperiph/stm32f10x_usart.o
 .ARM.attributes
                0x00000132       0x33 ./system/src/newlib/_exit.o
 .ARM.attributes
                0x00000165       0x33 ./system/src/newlib/_sbrk.o
 .ARM.attributes
                0x00000198       0x33 ./system/src/newlib/_startup.o
 .ARM.attributes
                0x000001cb       0x33 ./system/src/newlib/_syscalls.o
 .ARM.attributes
                0x000001fe       0x33 ./system/src/newlib/assert.o
 .ARM.attributes
                0x00000231       0x33 ./system/src/diag/Trace.o
 .ARM.attributes
                0x00000264       0x33 ./system/src/diag/trace_impl.o
 .ARM.attributes
                0x00000297       0x33 ./system/src/cortexm/_initialize_hardware.o
 .ARM.attributes
                0x000002ca       0x33 ./system/src/cortexm/exception_handlers.o
 .ARM.attributes
                0x000002fd       0x33 ./system/src/cmsis/system_stm32f10x.o
 .ARM.attributes
                0x00000330       0x33 ./system/src/cmsis/vectors_stm32f10x.o
 .ARM.attributes
                0x00000363       0x33 ./src/Data_pool.o
 .ARM.attributes
                0x00000396       0x33 ./src/Fitting_method.o
 .ARM.attributes
                0x000003c9       0x33 ./src/WrRe_coe_from_flash.o
 .ARM.attributes
                0x000003fc       0x33 ./src/bsp_internal_flash.o
 .ARM.attributes
                0x0000042f       0x33 ./src/bsp_tim.o
 .ARM.attributes
                0x00000462       0x33 ./src/bsp_usart.o
 .ARM.attributes
                0x00000495       0x33 ./src/clib.o
 .ARM.attributes
                0x000004c8       0x33 ./src/fonts.o
 .ARM.attributes
                0x000004fb       0x33 ./src/iic_2864_gpio_simulate.o
 .ARM.attributes
                0x0000052e       0x33 ./src/iic_2864_operate.o
 .ARM.attributes
                0x00000561       0x33 ./src/lcd_show_content.o
 .ARM.attributes
                0x00000594       0x33 ./src/main.o
 .ARM.attributes
                0x000005c7       0x1d c:/program files (x86)/gnu tools arm embedded/6.2 2016q4/bin/../lib/gcc/arm-none-eabi/6.2.1/thumb/v7-m\libgcc.a(_arm_addsubdf3.o)
 .ARM.attributes
                0x000005e4       0x1d c:/program files (x86)/gnu tools arm embedded/6.2 2016q4/bin/../lib/gcc/arm-none-eabi/6.2.1/thumb/v7-m\libgcc.a(_arm_muldivdf3.o)
 .ARM.attributes
                0x00000601       0x1d c:/program files (x86)/gnu tools arm embedded/6.2 2016q4/bin/../lib/gcc/arm-none-eabi/6.2.1/thumb/v7-m\libgcc.a(_arm_cmpdf2.o)
 .ARM.attributes
                0x0000061e       0x1d c:/program files (x86)/gnu tools arm embedded/6.2 2016q4/bin/../lib/gcc/arm-none-eabi/6.2.1/thumb/v7-m\libgcc.a(_arm_fixdfsi.o)
 .ARM.attributes
                0x0000063b       0x1d c:/program files (x86)/gnu tools arm embedded/6.2 2016q4/bin/../lib/gcc/arm-none-eabi/6.2.1/thumb/v7-m\libgcc.a(_arm_fixunsdfsi.o)
 .ARM.attributes
                0x00000658       0x2d c:/program files (x86)/gnu tools arm embedded/6.2 2016q4/bin/../lib/gcc/arm-none-eabi/6.2.1/../../../../arm-none-eabi/lib/thumb/v7-m\libg_nano.a(lib_a-errno.o)
 .ARM.attributes
                0x00000685       0x2d c:/program files (x86)/gnu tools arm embedded/6.2 2016q4/bin/../lib/gcc/arm-none-eabi/6.2.1/../../../../arm-none-eabi/lib/thumb/v7-m\libg_nano.a(lib_a-impure.o)
 .ARM.attributes
                0x000006b2       0x2d c:/program files (x86)/gnu tools arm embedded/6.2 2016q4/bin/../lib/gcc/arm-none-eabi/6.2.1/../../../../arm-none-eabi/lib/thumb/v7-m\libg_nano.a(lib_a-memcpy-stub.o)
 .ARM.attributes
                0x000006df       0x2d c:/program files (x86)/gnu tools arm embedded/6.2 2016q4/bin/../lib/gcc/arm-none-eabi/6.2.1/../../../../arm-none-eabi/lib/thumb/v7-m\libg_nano.a(lib_a-memset.o)
 .ARM.attributes
                0x0000070c       0x17 c:/program files (x86)/gnu tools arm embedded/6.2 2016q4/bin/../lib/gcc/arm-none-eabi/6.2.1/../../../../arm-none-eabi/lib/thumb/v7-m\libg_nano.a(lib_a-strlen.o)
 .ARM.attributes
                0x00000723       0x2d c:/program files (x86)/gnu tools arm embedded/6.2 2016q4/bin/../lib/gcc/arm-none-eabi/6.2.1/../../../../arm-none-eabi/lib/thumb/v7-m\libg_nano.a(lib_a-strncmp.o)
 .ARM.attributes
                0x00000750       0x2d c:/program files (x86)/gnu tools arm embedded/6.2 2016q4/bin/../lib/gcc/arm-none-eabi/6.2.1/../../../../arm-none-eabi/lib/thumb/v7-m\libg_nano.a(lib_a-vsnprintf.o)
 .ARM.attributes
                0x0000077d       0x2d c:/program files (x86)/gnu tools arm embedded/6.2 2016q4/bin/../lib/gcc/arm-none-eabi/6.2.1/../../../../arm-none-eabi/lib/thumb/v7-m\libg_nano.a(lib_a-nano-svfprintf.o)
 .ARM.attributes
                0x000007aa       0x2d c:/program files (x86)/gnu tools arm embedded/6.2 2016q4/bin/../lib/gcc/arm-none-eabi/6.2.1/../../../../arm-none-eabi/lib/thumb/v7-m\libg_nano.a(lib_a-nano-vfprintf_i.o)
 .ARM.attributes
                0x000007d7       0x2d c:/program files (x86)/gnu tools arm embedded/6.2 2016q4/bin/../lib/gcc/arm-none-eabi/6.2.1/../../../../arm-none-eabi/lib/thumb/v7-m\libg_nano.a(lib_a-memchr-stub.o)
 .ARM.attributes
                0x00000804       0x2d c:/program files (x86)/gnu tools arm embedded/6.2 2016q4/bin/../lib/gcc/arm-none-eabi/6.2.1/../../../../arm-none-eabi/lib/thumb/v7-m\libg_nano.a(lib_a-memmove.o)
 .ARM.attributes
                0x00000831       0x2d c:/program files (x86)/gnu tools arm embedded/6.2 2016q4/bin/../lib/gcc/arm-none-eabi/6.2.1/../../../../arm-none-eabi/lib/thumb/v7-m\libg_nano.a(lib_a-nano-freer.o)
 .ARM.attributes
                0x0000085e       0x2d c:/program files (x86)/gnu tools arm embedded/6.2 2016q4/bin/../lib/gcc/arm-none-eabi/6.2.1/../../../../arm-none-eabi/lib/thumb/v7-m\libg_nano.a(lib_a-nano-mallocr.o)
 .ARM.attributes
                0x0000088b       0x2d c:/program files (x86)/gnu tools arm embedded/6.2 2016q4/bin/../lib/gcc/arm-none-eabi/6.2.1/../../../../arm-none-eabi/lib/thumb/v7-m\libg_nano.a(lib_a-nano-reallocr.o)
 .ARM.attributes
                0x000008b8       0x2d c:/program files (x86)/gnu tools arm embedded/6.2 2016q4/bin/../lib/gcc/arm-none-eabi/6.2.1/../../../../arm-none-eabi/lib/thumb/v7-m\libg_nano.a(lib_a-sbrkr.o)
 .ARM.attributes
                0x000008e5       0x2d c:/program files (x86)/gnu tools arm embedded/6.2 2016q4/bin/../lib/gcc/arm-none-eabi/6.2.1/../../../../arm-none-eabi/lib/thumb/v7-m\libg_nano.a(lib_a-mlock.o)
 .ARM.attributes
                0x00000912       0x2d c:/program files (x86)/gnu tools arm embedded/6.2 2016q4/bin/../lib/gcc/arm-none-eabi/6.2.1/../../../../arm-none-eabi/lib/thumb/v7-m\libg_nano.a(lib_a-nano-msizer.o)

.debug
 *(.debug)

.line
 *(.line)

.debug_srcinfo
 *(.debug_srcinfo)

.debug_sfnames
 *(.debug_sfnames)

.debug_aranges  0x00000000      0xdd0
 *(.debug_aranges)
 .debug_aranges
                0x00000000       0x40 ./system/src/stm32f1-stdperiph/misc.o
 .debug_aranges
                0x00000040       0xf8 ./system/src/stm32f1-stdperiph/stm32f10x_flash.o
 .debug_aranges
                0x00000138       0xa8 ./system/src/stm32f1-stdperiph/stm32f10x_gpio.o
 .debug_aranges
                0x000001e0      0x118 ./system/src/stm32f1-stdperiph/stm32f10x_rcc.o
 .debug_aranges
                0x000002f8      0x2f0 ./system/src/stm32f1-stdperiph/stm32f10x_tim.o
 .debug_aranges
                0x000005e8      0x100 ./system/src/stm32f1-stdperiph/stm32f10x_usart.o
 .debug_aranges
                0x000006e8       0x28 ./system/src/newlib/_exit.o
 .debug_aranges
                0x00000710       0x20 ./system/src/newlib/_sbrk.o
 .debug_aranges
                0x00000730       0x40 ./system/src/newlib/_startup.o
 .debug_aranges
                0x00000770       0x30 ./system/src/newlib/_syscalls.o
 .debug_aranges
                0x000007a0       0x28 ./system/src/newlib/assert.o
 .debug_aranges
                0x000007c8       0x38 ./system/src/diag/Trace.o
 .debug_aranges
                0x00000800       0x30 ./system/src/diag/trace_impl.o
 .debug_aranges
                0x00000830       0x28 ./system/src/cortexm/_initialize_hardware.o
 .debug_aranges
                0x00000858       0x90 ./system/src/cortexm/exception_handlers.o
 .debug_aranges
                0x000008e8       0x38 ./system/src/cmsis/system_stm32f10x.o
 .debug_aranges
                0x00000920       0x20 ./system/src/cmsis/vectors_stm32f10x.o
 .debug_aranges
                0x00000940       0x48 ./src/Data_pool.o
 .debug_aranges
                0x00000988       0x38 ./src/Fitting_method.o
 .debug_aranges
                0x000009c0       0x40 ./src/WrRe_coe_from_flash.o
 .debug_aranges
                0x00000a00       0x38 ./src/bsp_internal_flash.o
 .debug_aranges
                0x00000a38       0x50 ./src/bsp_tim.o
 .debug_aranges
                0x00000a88       0xc8 ./src/bsp_usart.o
 .debug_aranges
                0x00000b50       0x88 ./src/clib.o
 .debug_aranges
                0x00000bd8       0x20 ./src/fonts.o
 .debug_aranges
                0x00000bf8       0x70 ./src/iic_2864_gpio_simulate.o
 .debug_aranges
                0x00000c68       0x68 ./src/iic_2864_operate.o
 .debug_aranges
                0x00000cd0       0x60 ./src/lcd_show_content.o
 .debug_aranges
                0x00000d30       0xa0 ./src/main.o

.debug_pubnames
 *(.debug_pubnames)

.debug_info     0x00000000    0x16ddc
 *(.debug_info .gnu.linkonce.wi.*)
 .debug_info    0x00000000      0x63a ./system/src/stm32f1-stdperiph/misc.o
 .debug_info    0x0000063a      0xbca ./system/src/stm32f1-stdperiph/stm32f10x_flash.o
 .debug_info    0x00001204      0xbd6 ./system/src/stm32f1-stdperiph/stm32f10x_gpio.o
 .debug_info    0x00001dda      0xc7b ./system/src/stm32f1-stdperiph/stm32f10x_rcc.o
 .debug_info    0x00002a55     0x3931 ./system/src/stm32f1-stdperiph/stm32f10x_tim.o
 .debug_info    0x00006386     0x128b ./system/src/stm32f1-stdperiph/stm32f10x_usart.o
 .debug_info    0x00007611      0x952 ./system/src/newlib/_exit.o
 .debug_info    0x00007f63      0x93e ./system/src/newlib/_sbrk.o
 .debug_info    0x000088a1      0x434 ./system/src/newlib/_startup.o
 .debug_info    0x00008cd5      0xa15 ./system/src/newlib/_syscalls.o
 .debug_info    0x000096ea      0x9fb ./system/src/newlib/assert.o
 .debug_info    0x0000a0e5      0xb26 ./system/src/diag/Trace.o
 .debug_info    0x0000ac0b      0x36c ./system/src/diag/trace_impl.o
 .debug_info    0x0000af77      0x2bc ./system/src/cortexm/_initialize_hardware.o
 .debug_info    0x0000b233     0x113b ./system/src/cortexm/exception_handlers.o
 .debug_info    0x0000c36e      0x49a ./system/src/cmsis/system_stm32f10x.o
 .debug_info    0x0000c808       0xd1 ./system/src/cmsis/vectors_stm32f10x.o
 .debug_info    0x0000c8d9      0x352 ./src/Data_pool.o
 .debug_info    0x0000cc2b      0x376 ./src/Fitting_method.o
 .debug_info    0x0000cfa1      0x521 ./src/WrRe_coe_from_flash.o
 .debug_info    0x0000d4c2      0x27f ./src/bsp_internal_flash.o
 .debug_info    0x0000d741      0xb0c ./src/bsp_tim.o
 .debug_info    0x0000e24d     0x127a ./src/bsp_usart.o
 .debug_info    0x0000f4c7      0x56d ./src/clib.o
 .debug_info    0x0000fa34      0xa7e ./src/fonts.o
 .debug_info    0x000104b2      0x9ce ./src/iic_2864_gpio_simulate.o
 .debug_info    0x00010e80     0x10ea ./src/iic_2864_operate.o
 .debug_info    0x00011f6a     0x1635 ./src/lcd_show_content.o
 .debug_info    0x0001359f     0x383d ./src/main.o

.debug_abbrev   0x00000000     0x382f
 *(.debug_abbrev)
 .debug_abbrev  0x00000000      0x192 ./system/src/stm32f1-stdperiph/misc.o
 .debug_abbrev  0x00000192      0x1c9 ./system/src/stm32f1-stdperiph/stm32f10x_flash.o
 .debug_abbrev  0x0000035b      0x205 ./system/src/stm32f1-stdperiph/stm32f10x_gpio.o
 .debug_abbrev  0x00000560      0x209 ./system/src/stm32f1-stdperiph/stm32f10x_rcc.o
 .debug_abbrev  0x00000769      0x1e9 ./system/src/stm32f1-stdperiph/stm32f10x_tim.o
 .debug_abbrev  0x00000952      0x1de ./system/src/stm32f1-stdperiph/stm32f10x_usart.o
 .debug_abbrev  0x00000b30      0x1f3 ./system/src/newlib/_exit.o
 .debug_abbrev  0x00000d23      0x1fc ./system/src/newlib/_sbrk.o
 .debug_abbrev  0x00000f1f      0x1c4 ./system/src/newlib/_startup.o
 .debug_abbrev  0x000010e3      0x234 ./system/src/newlib/_syscalls.o
 .debug_abbrev  0x00001317      0x1f3 ./system/src/newlib/assert.o
 .debug_abbrev  0x0000150a      0x276 ./system/src/diag/Trace.o
 .debug_abbrev  0x00001780      0x1d3 ./system/src/diag/trace_impl.o
 .debug_abbrev  0x00001953       0xea ./system/src/cortexm/_initialize_hardware.o
 .debug_abbrev  0x00001a3d      0x329 ./system/src/cortexm/exception_handlers.o
 .debug_abbrev  0x00001d66      0x175 ./system/src/cmsis/system_stm32f10x.o
 .debug_abbrev  0x00001edb       0x9d ./system/src/cmsis/vectors_stm32f10x.o
 .debug_abbrev  0x00001f78      0x141 ./src/Data_pool.o
 .debug_abbrev  0x000020b9      0x12b ./src/Fitting_method.o
 .debug_abbrev  0x000021e4      0x1b3 ./src/WrRe_coe_from_flash.o
 .debug_abbrev  0x00002397      0x12d ./src/bsp_internal_flash.o
 .debug_abbrev  0x000024c4      0x1d8 ./src/bsp_tim.o
 .debug_abbrev  0x0000269c      0x29f ./src/bsp_usart.o
 .debug_abbrev  0x0000293b      0x18a ./src/clib.o
 .debug_abbrev  0x00002ac5      0x222 ./src/fonts.o
 .debug_abbrev  0x00002ce7      0x23b ./src/iic_2864_gpio_simulate.o
 .debug_abbrev  0x00002f22      0x2bb ./src/iic_2864_operate.o
 .debug_abbrev  0x000031dd      0x276 ./src/lcd_show_content.o
 .debug_abbrev  0x00003453      0x3dc ./src/main.o

.debug_line     0x00000000     0xb79e
 *(.debug_line)
 .debug_line    0x00000000      0x40d ./system/src/stm32f1-stdperiph/misc.o
 .debug_line    0x0000040d      0x6f6 ./system/src/stm32f1-stdperiph/stm32f10x_flash.o
 .debug_line    0x00000b03      0x8ee ./system/src/stm32f1-stdperiph/stm32f10x_gpio.o
 .debug_line    0x000013f1      0x84c ./system/src/stm32f1-stdperiph/stm32f10x_rcc.o
 .debug_line    0x00001c3d     0x2585 ./system/src/stm32f1-stdperiph/stm32f10x_tim.o
 .debug_line    0x000041c2      0xae8 ./system/src/stm32f1-stdperiph/stm32f10x_usart.o
 .debug_line    0x00004caa      0x34f ./system/src/newlib/_exit.o
 .debug_line    0x00004ff9      0x304 ./system/src/newlib/_sbrk.o
 .debug_line    0x000052fd      0x3be ./system/src/newlib/_startup.o
 .debug_line    0x000056bb      0x41c ./system/src/newlib/_syscalls.o
 .debug_line    0x00005ad7      0x38a ./system/src/newlib/assert.o
 .debug_line    0x00005e61      0x3bb ./system/src/diag/Trace.o
 .debug_line    0x0000621c      0x635 ./system/src/diag/trace_impl.o
 .debug_line    0x00006851      0x373 ./system/src/cortexm/_initialize_hardware.o
 .debug_line    0x00006bc4      0x6ec ./system/src/cortexm/exception_handlers.o
 .debug_line    0x000072b0      0x3e7 ./system/src/cmsis/system_stm32f10x.o
 .debug_line    0x00007697      0x103 ./system/src/cmsis/vectors_stm32f10x.o
 .debug_line    0x0000779a      0x3df ./src/Data_pool.o
 .debug_line    0x00007b79      0x401 ./src/Fitting_method.o
 .debug_line    0x00007f7a      0x46e ./src/WrRe_coe_from_flash.o
 .debug_line    0x000083e8      0x3c6 ./src/bsp_internal_flash.o
 .debug_line    0x000087ae      0x40a ./src/bsp_tim.o
 .debug_line    0x00008bb8      0x5f4 ./src/bsp_usart.o
 .debug_line    0x000091ac      0x33e ./src/clib.o
 .debug_line    0x000094ea      0x507 ./src/fonts.o
 .debug_line    0x000099f1      0x4ae ./src/iic_2864_gpio_simulate.o
 .debug_line    0x00009e9f      0x6d3 ./src/iic_2864_operate.o
 .debug_line    0x0000a572      0x698 ./src/lcd_show_content.o
 .debug_line    0x0000ac0a      0xb94 ./src/main.o

.debug_frame    0x00000000     0x2c84
 *(.debug_frame)
 .debug_frame   0x00000000       0x90 ./system/src/stm32f1-stdperiph/misc.o
 .debug_frame   0x00000090      0x288 ./system/src/stm32f1-stdperiph/stm32f10x_flash.o
 .debug_frame   0x00000318      0x1e8 ./system/src/stm32f1-stdperiph/stm32f10x_gpio.o
 .debug_frame   0x00000500      0x320 ./system/src/stm32f1-stdperiph/stm32f10x_rcc.o
 .debug_frame   0x00000820      0x9fc ./system/src/stm32f1-stdperiph/stm32f10x_tim.o
 .debug_frame   0x0000121c      0x320 ./system/src/stm32f1-stdperiph/stm32f10x_usart.o
 .debug_frame   0x0000153c       0x38 ./system/src/newlib/_exit.o
 .debug_frame   0x00001574       0x28 ./system/src/newlib/_sbrk.o
 .debug_frame   0x0000159c       0x7c ./system/src/newlib/_startup.o
 .debug_frame   0x00001618       0x50 ./system/src/newlib/_syscalls.o
 .debug_frame   0x00001668       0x40 ./system/src/newlib/assert.o
 .debug_frame   0x000016a8       0x94 ./system/src/diag/Trace.o
 .debug_frame   0x0000173c       0x64 ./system/src/diag/trace_impl.o
 .debug_frame   0x000017a0       0x40 ./system/src/cortexm/_initialize_hardware.o
 .debug_frame   0x000017e0      0x158 ./system/src/cortexm/exception_handlers.o
 .debug_frame   0x00001938       0x6c ./system/src/cmsis/system_stm32f10x.o
 .debug_frame   0x000019a4       0x20 ./system/src/cmsis/vectors_stm32f10x.o
 .debug_frame   0x000019c4       0xac ./src/Data_pool.o
 .debug_frame   0x00001a70       0xbc ./src/Fitting_method.o
 .debug_frame   0x00001b2c       0xb8 ./src/WrRe_coe_from_flash.o
 .debug_frame   0x00001be4       0x78 ./src/bsp_internal_flash.o
 .debug_frame   0x00001c5c       0xc4 ./src/bsp_tim.o
 .debug_frame   0x00001d20      0x298 ./src/bsp_usart.o
 .debug_frame   0x00001fb8      0x190 ./src/clib.o
 .debug_frame   0x00002148       0x2c ./src/fonts.o
 .debug_frame   0x00002174      0x128 ./src/iic_2864_gpio_simulate.o
 .debug_frame   0x0000229c       0xf8 ./src/iic_2864_operate.o
 .debug_frame   0x00002394      0x14c ./src/lcd_show_content.o
 .debug_frame   0x000024e0      0x264 ./src/main.o
 .debug_frame   0x00002744       0xac c:/program files (x86)/gnu tools arm embedded/6.2 2016q4/bin/../lib/gcc/arm-none-eabi/6.2.1/thumb/v7-m\libgcc.a(_arm_addsubdf3.o)
 .debug_frame   0x000027f0       0x50 c:/program files (x86)/gnu tools arm embedded/6.2 2016q4/bin/../lib/gcc/arm-none-eabi/6.2.1/thumb/v7-m\libgcc.a(_arm_muldivdf3.o)
 .debug_frame   0x00002840       0xc4 c:/program files (x86)/gnu tools arm embedded/6.2 2016q4/bin/../lib/gcc/arm-none-eabi/6.2.1/thumb/v7-m\libgcc.a(_arm_cmpdf2.o)
 .debug_frame   0x00002904       0x24 c:/program files (x86)/gnu tools arm embedded/6.2 2016q4/bin/../lib/gcc/arm-none-eabi/6.2.1/thumb/v7-m\libgcc.a(_arm_fixdfsi.o)
 .debug_frame   0x00002928       0x24 c:/program files (x86)/gnu tools arm embedded/6.2 2016q4/bin/../lib/gcc/arm-none-eabi/6.2.1/thumb/v7-m\libgcc.a(_arm_fixunsdfsi.o)
 .debug_frame   0x0000294c       0x20 c:/program files (x86)/gnu tools arm embedded/6.2 2016q4/bin/../lib/gcc/arm-none-eabi/6.2.1/../../../../arm-none-eabi/lib/thumb/v7-m\libg_nano.a(lib_a-errno.o)
 .debug_frame   0x0000296c       0x28 c:/program files (x86)/gnu tools arm embedded/6.2 2016q4/bin/../lib/gcc/arm-none-eabi/6.2.1/../../../../arm-none-eabi/lib/thumb/v7-m\libg_nano.a(lib_a-memcpy-stub.o)
 .debug_frame   0x00002994       0x20 c:/program files (x86)/gnu tools arm embedded/6.2 2016q4/bin/../lib/gcc/arm-none-eabi/6.2.1/../../../../arm-none-eabi/lib/thumb/v7-m\libg_nano.a(lib_a-memset.o)
 .debug_frame   0x000029b4       0x28 c:/program files (x86)/gnu tools arm embedded/6.2 2016q4/bin/../lib/gcc/arm-none-eabi/6.2.1/../../../../arm-none-eabi/lib/thumb/v7-m\libg_nano.a(lib_a-strncmp.o)
 .debug_frame   0x000029dc       0x4c c:/program files (x86)/gnu tools arm embedded/6.2 2016q4/bin/../lib/gcc/arm-none-eabi/6.2.1/../../../../arm-none-eabi/lib/thumb/v7-m\libg_nano.a(lib_a-vsnprintf.o)
 .debug_frame   0x00002a28       0x90 c:/program files (x86)/gnu tools arm embedded/6.2 2016q4/bin/../lib/gcc/arm-none-eabi/6.2.1/../../../../arm-none-eabi/lib/thumb/v7-m\libg_nano.a(lib_a-nano-svfprintf.o)
 .debug_frame   0x00002ab8       0x60 c:/program files (x86)/gnu tools arm embedded/6.2 2016q4/bin/../lib/gcc/arm-none-eabi/6.2.1/../../../../arm-none-eabi/lib/thumb/v7-m\libg_nano.a(lib_a-nano-vfprintf_i.o)
 .debug_frame   0x00002b18       0x28 c:/program files (x86)/gnu tools arm embedded/6.2 2016q4/bin/../lib/gcc/arm-none-eabi/6.2.1/../../../../arm-none-eabi/lib/thumb/v7-m\libg_nano.a(lib_a-memchr-stub.o)
 .debug_frame   0x00002b40       0x28 c:/program files (x86)/gnu tools arm embedded/6.2 2016q4/bin/../lib/gcc/arm-none-eabi/6.2.1/../../../../arm-none-eabi/lib/thumb/v7-m\libg_nano.a(lib_a-memmove.o)
 .debug_frame   0x00002b68       0x38 c:/program files (x86)/gnu tools arm embedded/6.2 2016q4/bin/../lib/gcc/arm-none-eabi/6.2.1/../../../../arm-none-eabi/lib/thumb/v7-m\libg_nano.a(lib_a-nano-freer.o)
 .debug_frame   0x00002ba0       0x2c c:/program files (x86)/gnu tools arm embedded/6.2 2016q4/bin/../lib/gcc/arm-none-eabi/6.2.1/../../../../arm-none-eabi/lib/thumb/v7-m\libg_nano.a(lib_a-nano-mallocr.o)
 .debug_frame   0x00002bcc       0x3c c:/program files (x86)/gnu tools arm embedded/6.2 2016q4/bin/../lib/gcc/arm-none-eabi/6.2.1/../../../../arm-none-eabi/lib/thumb/v7-m\libg_nano.a(lib_a-nano-reallocr.o)
 .debug_frame   0x00002c08       0x2c c:/program files (x86)/gnu tools arm embedded/6.2 2016q4/bin/../lib/gcc/arm-none-eabi/6.2.1/../../../../arm-none-eabi/lib/thumb/v7-m\libg_nano.a(lib_a-sbrkr.o)
 .debug_frame   0x00002c34       0x30 c:/program files (x86)/gnu tools arm embedded/6.2 2016q4/bin/../lib/gcc/arm-none-eabi/6.2.1/../../../../arm-none-eabi/lib/thumb/v7-m\libg_nano.a(lib_a-mlock.o)
 .debug_frame   0x00002c64       0x20 c:/program files (x86)/gnu tools arm embedded/6.2 2016q4/bin/../lib/gcc/arm-none-eabi/6.2.1/../../../../arm-none-eabi/lib/thumb/v7-m\libg_nano.a(lib_a-nano-msizer.o)

.debug_str      0x00000000    0x59f7d
 *(.debug_str)
 .debug_str     0x00000000    0x4e4f0 ./system/src/stm32f1-stdperiph/misc.o
                              0x4e674 (size before relaxing)
 .debug_str     0x0004e4f0      0x89e ./system/src/stm32f1-stdperiph/stm32f10x_flash.o
                              0x4ec9f (size before relaxing)
 .debug_str     0x0004ed8e      0x5c3 ./system/src/stm32f1-stdperiph/stm32f10x_gpio.o
                              0x4e9f2 (size before relaxing)
 .debug_str     0x0004f351      0xb4a ./system/src/stm32f1-stdperiph/stm32f10x_rcc.o
                              0x4efc1 (size before relaxing)
 .debug_str     0x0004fe9b      0xc1d ./system/src/stm32f1-stdperiph/stm32f10x_tim.o
                              0x4f10d (size before relaxing)
 .debug_str     0x00050ab8      0x7f8 ./system/src/stm32f1-stdperiph/stm32f10x_usart.o
                              0x4ed2b (size before relaxing)
 .debug_str     0x000512b0     0x4c4b ./system/src/newlib/_exit.o
                               0x73b7 (size before relaxing)
 .debug_str     0x00055efb      0x4f5 ./system/src/newlib/_sbrk.o
                               0x6782 (size before relaxing)
 .debug_str     0x000563f0      0x260 ./system/src/newlib/_startup.o
                               0x5f41 (size before relaxing)
 .debug_str     0x00056650      0xe2c ./system/src/newlib/_syscalls.o
                               0x75fe (size before relaxing)
 .debug_str     0x0005747c       0xd0 ./system/src/newlib/assert.o
                               0x7ebc (size before relaxing)
 .debug_str     0x0005754c      0x883 ./system/src/diag/Trace.o
                               0x7b9d (size before relaxing)
 .debug_str     0x00057dcf      0x37b ./system/src/diag/trace_impl.o
                              0x523bc (size before relaxing)
 .debug_str     0x0005814a       0x5e ./system/src/cortexm/_initialize_hardware.o
                              0x4e4dc (size before relaxing)
 .debug_str     0x000581a8      0x19d ./system/src/cortexm/exception_handlers.o
                              0x53554 (size before relaxing)
 .debug_str     0x00058345       0x72 ./system/src/cmsis/system_stm32f10x.o
                              0x4e576 (size before relaxing)
 .debug_str     0x000583b7       0x57 ./system/src/cmsis/vectors_stm32f10x.o
                               0x30f8 (size before relaxing)
 .debug_str     0x0005840e      0x1f1 ./src/Data_pool.o
                              0x4e59c (size before relaxing)
 .debug_str     0x000585ff      0x119 ./src/Fitting_method.o
                              0x4e55f (size before relaxing)
 .debug_str     0x00058718      0x4f5 ./src/WrRe_coe_from_flash.o
                              0x4e9f0 (size before relaxing)
 .debug_str     0x00058c0d       0xa1 ./src/bsp_internal_flash.o
                              0x4e55d (size before relaxing)
 .debug_str     0x00058cae      0x4be ./src/bsp_tim.o
                              0x4f003 (size before relaxing)
 .debug_str     0x0005916c      0x211 ./src/bsp_usart.o
                              0x4f255 (size before relaxing)
 .debug_str     0x0005937d      0x134 ./src/clib.o
                               0x321f (size before relaxing)
 .debug_str     0x000594b1       0xa8 ./src/fonts.o
                              0x515f6 (size before relaxing)
 .debug_str     0x00059559      0x211 ./src/iic_2864_gpio_simulate.o
                              0x4e7ff (size before relaxing)
 .debug_str     0x0005976a      0x2a5 ./src/iic_2864_operate.o
                              0x51c53 (size before relaxing)
 .debug_str     0x00059a0f      0x190 ./src/lcd_show_content.o
                              0x51f79 (size before relaxing)
 .debug_str     0x00059b9f      0x3de ./src/main.o
                              0x54a34 (size before relaxing)

.debug_loc      0x00000000     0x8f4f
 *(.debug_loc)
 .debug_loc     0x00000000      0x16a ./system/src/stm32f1-stdperiph/misc.o
 .debug_loc     0x0000016a      0x8f0 ./system/src/stm32f1-stdperiph/stm32f10x_flash.o
 .debug_loc     0x00000a5a      0x8ae ./system/src/stm32f1-stdperiph/stm32f10x_gpio.o
 .debug_loc     0x00001308      0x9cf ./system/src/stm32f1-stdperiph/stm32f10x_rcc.o
 .debug_loc     0x00001cd7     0x2635 ./system/src/stm32f1-stdperiph/stm32f10x_tim.o
 .debug_loc     0x0000430c      0xc98 ./system/src/stm32f1-stdperiph/stm32f10x_usart.o
 .debug_loc     0x00004fa4       0x85 ./system/src/newlib/_sbrk.o
 .debug_loc     0x00005029      0x19e ./system/src/newlib/_startup.o
 .debug_loc     0x000051c7       0x63 ./system/src/newlib/_syscalls.o
 .debug_loc     0x0000522a      0x134 ./system/src/newlib/assert.o
 .debug_loc     0x0000535e       0xf6 ./system/src/diag/Trace.o
 .debug_loc     0x00005454      0x121 ./system/src/diag/trace_impl.o
 .debug_loc     0x00005575      0x291 ./system/src/cortexm/exception_handlers.o
 .debug_loc     0x00005806       0xdf ./system/src/cmsis/system_stm32f10x.o
 .debug_loc     0x000058e5      0x282 ./src/Data_pool.o
 .debug_loc     0x00005b67      0x4fc ./src/Fitting_method.o
 .debug_loc     0x00006063      0x576 ./src/WrRe_coe_from_flash.o
 .debug_loc     0x000065d9      0x394 ./src/bsp_internal_flash.o
 .debug_loc     0x0000696d       0x58 ./src/bsp_tim.o
 .debug_loc     0x000069c5      0x440 ./src/bsp_usart.o
 .debug_loc     0x00006e05      0xb4b ./src/clib.o
 .debug_loc     0x00007950       0x5d ./src/fonts.o
 .debug_loc     0x000079ad      0x1c0 ./src/iic_2864_gpio_simulate.o
 .debug_loc     0x00007b6d      0x31b ./src/iic_2864_operate.o
 .debug_loc     0x00007e88      0x259 ./src/lcd_show_content.o
 .debug_loc     0x000080e1      0xe6e ./src/main.o

.debug_macinfo
 *(.debug_macinfo)

.debug_weaknames
 *(.debug_weaknames)

.debug_funcnames
 *(.debug_funcnames)

.debug_typenames
 *(.debug_typenames)

.debug_varnames
 *(.debug_varnames)
OUTPUT(Power_measurement_project.elf elf32-littlearm)

.debug_ranges   0x00000000      0xc60
 .debug_ranges  0x00000000       0x30 ./system/src/stm32f1-stdperiph/misc.o
 .debug_ranges  0x00000030       0xe8 ./system/src/stm32f1-stdperiph/stm32f10x_flash.o
 .debug_ranges  0x00000118       0x98 ./system/src/stm32f1-stdperiph/stm32f10x_gpio.o
 .debug_ranges  0x000001b0      0x108 ./system/src/stm32f1-stdperiph/stm32f10x_rcc.o
 .debug_ranges  0x000002b8      0x2e0 ./system/src/stm32f1-stdperiph/stm32f10x_tim.o
 .debug_ranges  0x00000598       0xf0 ./system/src/stm32f1-stdperiph/stm32f10x_usart.o
 .debug_ranges  0x00000688       0x18 ./system/src/newlib/_exit.o
 .debug_ranges  0x000006a0       0x10 ./system/src/newlib/_sbrk.o
 .debug_ranges  0x000006b0       0x78 ./system/src/newlib/_startup.o
 .debug_ranges  0x00000728       0x20 ./system/src/newlib/_syscalls.o
 .debug_ranges  0x00000748       0x18 ./system/src/newlib/assert.o
 .debug_ranges  0x00000760       0x28 ./system/src/diag/Trace.o
 .debug_ranges  0x00000788       0x38 ./system/src/diag/trace_impl.o
 .debug_ranges  0x000007c0       0x18 ./system/src/cortexm/_initialize_hardware.o
 .debug_ranges  0x000007d8       0x80 ./system/src/cortexm/exception_handlers.o
 .debug_ranges  0x00000858       0x28 ./system/src/cmsis/system_stm32f10x.o
 .debug_ranges  0x00000880       0x10 ./system/src/cmsis/vectors_stm32f10x.o
 .debug_ranges  0x00000890       0x38 ./src/Data_pool.o
 .debug_ranges  0x000008c8       0x28 ./src/Fitting_method.o
 .debug_ranges  0x000008f0       0x30 ./src/WrRe_coe_from_flash.o
 .debug_ranges  0x00000920       0x28 ./src/bsp_internal_flash.o
 .debug_ranges  0x00000948       0x40 ./src/bsp_tim.o
 .debug_ranges  0x00000988       0xb8 ./src/bsp_usart.o
 .debug_ranges  0x00000a40       0x78 ./src/clib.o
 .debug_ranges  0x00000ab8       0x10 ./src/fonts.o
 .debug_ranges  0x00000ac8       0x60 ./src/iic_2864_gpio_simulate.o
 .debug_ranges  0x00000b28       0x58 ./src/iic_2864_operate.o
 .debug_ranges  0x00000b80       0x50 ./src/lcd_show_content.o
 .debug_ranges  0x00000bd0       0x90 ./src/main.o

.debug_macro    0x00000000    0x12368
 .debug_macro   0x00000000      0x171 ./system/src/stm32f1-stdperiph/misc.o
 .debug_macro   0x00000171      0x8c2 ./system/src/stm32f1-stdperiph/misc.o
 .debug_macro   0x00000a33       0x50 ./system/src/stm32f1-stdperiph/misc.o
 .debug_macro   0x00000a83      0x34e ./system/src/stm32f1-stdperiph/misc.o
 .debug_macro   0x00000dd1       0x35 ./system/src/stm32f1-stdperiph/misc.o
 .debug_macro   0x00000e06       0x34 ./system/src/stm32f1-stdperiph/misc.o
 .debug_macro   0x00000e3a      0xb8e ./system/src/stm32f1-stdperiph/misc.o
 .debug_macro   0x000019c8     0x7e6d ./system/src/stm32f1-stdperiph/misc.o
 .debug_macro   0x00009835      0x2e4 ./system/src/stm32f1-stdperiph/misc.o
 .debug_macro   0x00009b19      0x144 ./system/src/stm32f1-stdperiph/misc.o
 .debug_macro   0x00009c5d      0x3cf ./system/src/stm32f1-stdperiph/misc.o
 .debug_macro   0x0000a02c       0xc8 ./system/src/stm32f1-stdperiph/misc.o
 .debug_macro   0x0000a0f4      0x17a ./system/src/stm32f1-stdperiph/misc.o
 .debug_macro   0x0000a26e       0xac ./system/src/stm32f1-stdperiph/misc.o
 .debug_macro   0x0000a31a      0x3ad ./system/src/stm32f1-stdperiph/misc.o
 .debug_macro   0x0000a6c7       0x9d ./system/src/stm32f1-stdperiph/misc.o
 .debug_macro   0x0000a764      0x2cf ./system/src/stm32f1-stdperiph/misc.o
 .debug_macro   0x0000aa33      0x279 ./system/src/stm32f1-stdperiph/misc.o
 .debug_macro   0x0000acac      0x2ac ./system/src/stm32f1-stdperiph/misc.o
 .debug_macro   0x0000af58      0x2b4 ./system/src/stm32f1-stdperiph/misc.o
 .debug_macro   0x0000b20c       0x64 ./system/src/stm32f1-stdperiph/misc.o
 .debug_macro   0x0000b270       0x82 ./system/src/stm32f1-stdperiph/misc.o
 .debug_macro   0x0000b2f2      0x3e2 ./system/src/stm32f1-stdperiph/misc.o
 .debug_macro   0x0000b6d4       0x58 ./system/src/stm32f1-stdperiph/misc.o
 .debug_macro   0x0000b72c      0x344 ./system/src/stm32f1-stdperiph/misc.o
 .debug_macro   0x0000ba70      0x2c4 ./system/src/stm32f1-stdperiph/misc.o
 .debug_macro   0x0000bd34      0x711 ./system/src/stm32f1-stdperiph/misc.o
 .debug_macro   0x0000c445      0x222 ./system/src/stm32f1-stdperiph/misc.o
 .debug_macro   0x0000c667       0x34 ./system/src/stm32f1-stdperiph/misc.o
 .debug_macro   0x0000c69b       0x35 ./system/src/stm32f1-stdperiph/misc.o
 .debug_macro   0x0000c6d0       0x85 ./system/src/stm32f1-stdperiph/misc.o
 .debug_macro   0x0000c755      0x213 ./system/src/stm32f1-stdperiph/stm32f10x_flash.o
 .debug_macro   0x0000c968       0x8b ./system/src/stm32f1-stdperiph/stm32f10x_flash.o
 .debug_macro   0x0000c9f3      0x2c9 ./system/src/stm32f1-stdperiph/stm32f10x_flash.o
 .debug_macro   0x0000ccbc      0x1b9 ./system/src/stm32f1-stdperiph/stm32f10x_gpio.o
 .debug_macro   0x0000ce75      0x2a6 ./system/src/stm32f1-stdperiph/stm32f10x_gpio.o
 .debug_macro   0x0000d11b      0x287 ./system/src/stm32f1-stdperiph/stm32f10x_rcc.o
 .debug_macro   0x0000d3a2      0x3dc ./system/src/stm32f1-stdperiph/stm32f10x_rcc.o
 .debug_macro   0x0000d77e      0x183 ./system/src/stm32f1-stdperiph/stm32f10x_tim.o
 .debug_macro   0x0000d901      0x70b ./system/src/stm32f1-stdperiph/stm32f10x_tim.o
 .debug_macro   0x0000e00c      0x21f ./system/src/stm32f1-stdperiph/stm32f10x_usart.o
 .debug_macro   0x0000e22b      0x21c ./system/src/stm32f1-stdperiph/stm32f10x_usart.o
 .debug_macro   0x0000e447      0x1a7 ./system/src/newlib/_exit.o
 .debug_macro   0x0000e5ee       0x9c ./system/src/newlib/_exit.o
 .debug_macro   0x0000e68a      0x10e ./system/src/newlib/_exit.o